Archive member included because of file (symbol)

c:/program files (x86)/emblocks/2.30/share/em_armgcc/bin/../lib/gcc/arm-none-eabi/4.7.3/armv7e-m/fpu\libgcc.a(_arm_addsubdf3.o)
                              obj\release\board\interrupts.o (__aeabi_dsub)
c:/program files (x86)/emblocks/2.30/share/em_armgcc/bin/../lib/gcc/arm-none-eabi/4.7.3/armv7e-m/fpu\libgcc.a(_arm_muldivdf3.o)
                              obj\release\board\board.o (__aeabi_dmul)
c:/program files (x86)/emblocks/2.30/share/em_armgcc/bin/../lib/gcc/arm-none-eabi/4.7.3/armv7e-m/fpu\libgcc.a(_arm_cmpdf2.o)
                              obj\release\board\board.o (__aeabi_dcmplt)
c:/program files (x86)/emblocks/2.30/share/em_armgcc/bin/../lib/gcc/arm-none-eabi/4.7.3/armv7e-m/fpu\libgcc.a(_arm_fixdfsi.o)
                              obj\release\board\board.o (__aeabi_d2iz)
c:/program files (x86)/emblocks/2.30/share/em_armgcc/bin/../lib/gcc/arm-none-eabi/4.7.3/armv7e-m/fpu\libgcc.a(_arm_fixunsdfsi.o)
                              obj\release\robot\dynamixel_control.o (__aeabi_d2uiz)
c:/program files (x86)/emblocks/2.30/share/em_armgcc/bin/../lib/gcc/arm-none-eabi/4.7.3/armv7e-m/fpu\libgcc.a(_arm_truncdfsf2.o)
                              obj\release\board\board.o (__aeabi_d2f)
c:/program files (x86)/emblocks/2.30/share/em_armgcc/bin/../lib/gcc/arm-none-eabi/4.7.3/../../../../arm-none-eabi/lib/armv7e-m/fpu\libc_f.a(lib_a-exit.o)
                              c:/program files (x86)/emblocks/2.30/share/em_armgcc/bin/../lib/gcc/arm-none-eabi/4.7.3/../../../../arm-none-eabi/lib/armv7e-m/fpu/crt0.o (exit)
c:/program files (x86)/emblocks/2.30/share/em_armgcc/bin/../lib/gcc/arm-none-eabi/4.7.3/../../../../arm-none-eabi/lib/armv7e-m/fpu\libc_f.a(lib_a-impure.o)
                              c:/program files (x86)/emblocks/2.30/share/em_armgcc/bin/../lib/gcc/arm-none-eabi/4.7.3/../../../../arm-none-eabi/lib/armv7e-m/fpu\libc_f.a(lib_a-exit.o) (_global_impure_ptr)
c:/program files (x86)/emblocks/2.30/share/em_armgcc/bin/../lib/gcc/arm-none-eabi/4.7.3/../../../../arm-none-eabi/lib/armv7e-m/fpu\libc_f.a(lib_a-init.o)
                              c:/program files (x86)/emblocks/2.30/share/em_armgcc/bin/../lib/gcc/arm-none-eabi/4.7.3/../../../../arm-none-eabi/lib/armv7e-m/fpu/crt0.o (__libc_init_array)
c:/program files (x86)/emblocks/2.30/share/em_armgcc/bin/../lib/gcc/arm-none-eabi/4.7.3/../../../../arm-none-eabi/lib/armv7e-m/fpu\libc_f.a(lib_a-memcpy.o)
                              obj\release\robot\communication.o (memcpy)
c:/program files (x86)/emblocks/2.30/share/em_armgcc/bin/../lib/gcc/arm-none-eabi/4.7.3/../../../../arm-none-eabi/lib/armv7e-m/fpu\libc_f.a(lib_a-memset.o)
                              c:/program files (x86)/emblocks/2.30/share/em_armgcc/bin/../lib/gcc/arm-none-eabi/4.7.3/../../../../arm-none-eabi/lib/armv7e-m/fpu/crt0.o (memset)
c:/program files (x86)/emblocks/2.30/share/em_armgcc/bin/../lib/gcc/arm-none-eabi/4.7.3/../../../../arm-none-eabi/lib/armv7e-m/fpu\libc_f.a(lib_a-strlen.o)
                              obj\release\robot\robot.o (strlen)
c:/program files (x86)/emblocks/2.30/share/em_armgcc/bin/../lib/gcc/arm-none-eabi/4.7.3/../../../../arm-none-eabi/lib/armv7e-m/fpu\libc_f.a(lib_a-__call_atexit.o)
                              c:/program files (x86)/emblocks/2.30/share/em_armgcc/bin/../lib/gcc/arm-none-eabi/4.7.3/../../../../arm-none-eabi/lib/armv7e-m/fpu\libc_f.a(lib_a-exit.o) (__call_exitprocs)
c:/program files (x86)/emblocks/2.30/share/em_armgcc/bin/../lib/gcc/arm-none-eabi/4.7.3/../../../../arm-none-eabi/lib/armv7e-m/fpu\libc_f.a(lib_a-atexit.o)
                              c:/program files (x86)/emblocks/2.30/share/em_armgcc/bin/../lib/gcc/arm-none-eabi/4.7.3/../../../../arm-none-eabi/lib/armv7e-m/fpu\libc_f.a(lib_a-__call_atexit.o) (atexit)
c:/program files (x86)/emblocks/2.30/share/em_armgcc/bin/../lib/gcc/arm-none-eabi/4.7.3/../../../../arm-none-eabi/lib/armv7e-m/fpu\libc_f.a(lib_a-fini.o)
                              c:/program files (x86)/emblocks/2.30/share/em_armgcc/bin/../lib/gcc/arm-none-eabi/4.7.3/../../../../arm-none-eabi/lib/armv7e-m/fpu\libc_f.a(lib_a-__call_atexit.o) (__libc_fini_array)
c:/program files (x86)/emblocks/2.30/share/em_armgcc/bin/../lib/gcc/arm-none-eabi/4.7.3/../../../../arm-none-eabi/lib/armv7e-m/fpu\libc_f.a(lib_a-__atexit.o)
                              c:/program files (x86)/emblocks/2.30/share/em_armgcc/bin/../lib/gcc/arm-none-eabi/4.7.3/../../../../arm-none-eabi/lib/armv7e-m/fpu\libc_f.a(lib_a-atexit.o) (__register_exitproc)
c:/program files (x86)/emblocks/2.30/share/em_armgcc/bin/../lib/gcc/arm-none-eabi/4.7.3/../../../../arm-none-eabi/lib/armv7e-m/fpu\libm_f.a(lib_a-s_atan.o)
                              obj\release\robot\regulator.o (atan)
c:/program files (x86)/emblocks/2.30/share/em_armgcc/bin/../lib/gcc/arm-none-eabi/4.7.3/../../../../arm-none-eabi/lib/armv7e-m/fpu\libm_f.a(lib_a-s_cos.o)
                              obj\release\robot\regulator.o (cos)
[...]
Memory Configuration

Name             Origin             Length             Attributes
ROM              0x08000000         0x00100000         xr
RAM              0x20000000         0x00020000         xrw
CCRAM            0x10000000         0x00010000         xrw
*default*        0x00000000         0xffffffff

Linker script and memory map

LOAD c:/program files (x86)/emblocks/2.30/share/em_armgcc/bin/../lib/gcc/arm-none-eabi/4.7.3/armv7e-m/fpu/crti.o
LOAD c:/program files (x86)/emblocks/2.30/share/em_armgcc/bin/../lib/gcc/arm-none-eabi/4.7.3/armv7e-m/fpu/crtbegin.o
LOAD c:/program files (x86)/emblocks/2.30/share/em_armgcc/bin/../lib/gcc/arm-none-eabi/4.7.3/../../../../arm-none-eabi/lib/armv7e-m/fpu/crt0.o
                0x00000000                __HEAP_SIZE = 0x0
                0x00000100                __STACK_SIZE = 0x100

.text           0x08000000    0x15144
 *(.isr_vector)
 .isr_vector    0x08000000      0x188 obj\release\src\startup_stm32f4xx.o
                0x08000000                __isr_vector
 *(.text*)
 .text          0x08000188       0x54 c:/program files (x86)/emblocks/2.30/share/em_armgcc/bin/../lib/gcc/arm-none-eabi/4.7.3/armv7e-m/fpu/crtbegin.o
 .text          0x080001dc       0x74 c:/program files (x86)/emblocks/2.30/share/em_armgcc/bin/../lib/gcc/arm-none-eabi/4.7.3/../../../../arm-none-eabi/lib/armv7e-m/fpu/crt0.o
                0x080001dc                _start
                0x080001dc                _mainCRTStartup
 .text.adcConfig
                0x08000250      0x21c obj\release\board\adc.o
                0x08000250                adcConfig
 .text.NVIC_EnableIRQ
                0x0800046c       0x38 obj\release\board\board.o
 .text.setVoltage
                0x080004a4      0x18c obj\release\board\board.o
                0x080004a4                setVoltage
 .text.setVoltageMaxon
                0x08000630      0x198 obj\release\board\board.o
                0x08000630                setVoltageMaxon
 .text.setSpeedMaxon
                0x080007c8       0xc8 obj\release\board\board.o
                0x080007c8                setSpeedMaxon
 .text.setPWM   0x08000890       0x84 obj\release\board\board.o
                0x08000890                setPWM
 .text.add_ext_interrupt
                0x08000914      0x180 obj\release\board\board.o
                0x08000914                add_ext_interrupt
 .text.clear_ext_interrupt
                0x08000a94       0x90 obj\release\board\board.o
                0x08000a94                clear_ext_interrupt
 .text.initAll  0x08000b24     0x1f98 obj\release\board\board.o
                0x08000b24                initAll
 .text.NVIC_EnableIRQ
                0x08002abc       0x38 obj\release\board\interrupts.o
 .text.NVIC_DisableIRQ
                0x08002af4       0x3c obj\release\board\interrupts.o
 .text.TIM2_IRQHandler
                0x08002b30        0xc obj\release\board\interrupts.o
                0x08002b30                TIM2_IRQHandler
 .text.TIM6_DAC_IRQHandler
                0x08002b3c      0x1ec obj\release\board\interrupts.o
                0x08002b3c                TIM6_DAC_IRQHandler
 .text.TIM7_IRQHandler
                0x08002d28       0x18 obj\release\board\interrupts.o
                0x08002d28                TIM7_IRQHandler
 .text.TIM8_UP_TIM13_IRQHandler
                0x08002d40      0x398 obj\release\board\interrupts.o
                0x08002d40                TIM8_UP_TIM13_IRQHandler
 .text.EXTI0_IRQHandler
                0x080030d8       0x24 obj\release\board\interrupts.o
                0x080030d8                EXTI0_IRQHandler
 .text.EXTI1_IRQHandler
                0x080030fc       0x24 obj\release\board\interrupts.o
                0x080030fc                EXTI1_IRQHandler
 .text.EXTI2_IRQHandler
                0x08003120       0x24 obj\release\board\interrupts.o
                0x08003120                EXTI2_IRQHandler
 .text.EXTI3_IRQHandler
                0x08003144       0x24 obj\release\board\interrupts.o
                0x08003144                EXTI3_IRQHandler
 .text.EXTI4_IRQHandler
                0x08003168       0x24 obj\release\board\interrupts.o
                0x08003168                EXTI4_IRQHandler
 .text.EXTI9_5_IRQHandler
                0x0800318c       0x5c obj\release\board\interrupts.o
                0x0800318c                EXTI9_5_IRQHandler
 .text.EXTI15_10_IRQHandler
                0x080031e8       0x9c obj\release\board\interrupts.o
                0x080031e8                EXTI15_10_IRQHandler
 .text.DMA2_Stream0_IRQHandler
                0x08003284       0x24 obj\release\board\interrupts.o
                0x08003284                DMA2_Stream0_IRQHandler
 .text.timEncoderConfigure
                0x080032a8       0x44 obj\release\board\tim.o
                0x080032a8                timEncoderConfigure
 .text.timPWMConfigure
                0x080032ec       0xfc obj\release\board\tim.o
                0x080032ec                timPWMConfigure
 .text.timPIDConfigure
                0x080033e8       0x48 obj\release\board\tim.o
                0x080033e8                timPIDConfigure
 .text.NVIC_EnableIRQ
                0x08003430       0x38 obj\release\board\usart.o
 .text.packetCheck
                0x08003468       0x5c obj\release\board\usart.o
                0x08003468                packetCheck
 .text.DMA1_Stream5_IRQHandler
                0x080034c4       0x18 obj\release\board\usart.o
                0x080034c4                DMA1_Stream5_IRQHandler
 .text.uartInit
                0x080034dc      0x138 obj\release\board\usart.o
                0x080034dc                uartInit
 .text.configUsart1TXDMA
                0x08003614      0x148 obj\release\board\usart.o
                0x08003614                configUsart1TXDMA
 .text.configUsart1RXDMA
                0x0800375c      0x114 obj\release\board\usart.o
                0x0800375c                configUsart1RXDMA
 .text.putchar  0x08003870       0x1c obj\release\board\usart.o
                0x08003870                putchar
 .text.DMA1_Stream3_IRQHandler
                0x0800388c      0x324 obj\release\board\usart.o
                0x0800388c                DMA1_Stream3_IRQHandler
 .text.USART1_IRQHandler
                0x08003bb0      0x140 obj\release\board\usart.o
                0x08003bb0                USART1_IRQHandler
 .text.DMA2_Stream2_IRQHandler
                0x08003cf0      0x11c obj\release\board\usart.o
                0x08003cf0                DMA2_Stream2_IRQHandler
 .text.usbd_cdc_Init
                0x08003e0c       0x94 obj\release\library\cdc\src\usbd_cdc_core.o
                0x08003e0c                usbd_cdc_Init
 .text.usbd_cdc_DeInit
                0x08003ea0       0x44 obj\release\library\cdc\src\usbd_cdc_core.o
                0x08003ea0                usbd_cdc_DeInit
 .text.usbd_cdc_Setup
                0x08003ee4      0x130 obj\release\library\cdc\src\usbd_cdc_core.o
                0x08003ee4                usbd_cdc_Setup
 .text.usbd_cdc_EP0_RxReady
                0x08004014       0x60 obj\release\library\cdc\src\usbd_cdc_core.o
                0x08004014                usbd_cdc_EP0_RxReady
 .text.usbd_cdc_DataIn
                0x08004074      0x140 obj\release\library\cdc\src\usbd_cdc_core.o
                0x08004074                usbd_cdc_DataIn
 .text.usbd_cdc_DataOut
                0x080041b4       0x64 obj\release\library\cdc\src\usbd_cdc_core.o
                0x080041b4                usbd_cdc_DataOut
 .text.usbd_cdc_SOF
                0x08004218       0x50 obj\release\library\cdc\src\usbd_cdc_core.o
                0x08004218                usbd_cdc_SOF
 .text.Handle_USBAsynchXfer
                0x08004268      0x19c obj\release\library\cdc\src\usbd_cdc_core.o
 .text.USBD_cdc_GetCfgDesc
                0x08004404       0x28 obj\release\library\cdc\src\usbd_cdc_core.o
 .text.USB_OTG_EnableCommonInt
                0x0800442c       0x44 obj\release\library\core\src\usb_core.o
 .text.USB_OTG_CoreReset
                0x08004470       0xa8 obj\release\library\core\src\usb_core.o
 .text.USB_OTG_WritePacket
                0x08004518       0x88 obj\release\library\core\src\usb_core.o
                0x08004518                USB_OTG_WritePacket
 .text.USB_OTG_ReadPacket
                0x080045a0       0x68 obj\release\library\core\src\usb_core.o
                0x080045a0                USB_OTG_ReadPacket
 .text.USB_OTG_SelectCore
                0x08004608      0x1b4 obj\release\library\core\src\usb_core.o
                0x08004608                USB_OTG_SelectCore
 .text.USB_OTG_CoreInit
                0x080047bc      0x148 obj\release\library\core\src\usb_core.o
                0x080047bc                USB_OTG_CoreInit
 .text.USB_OTG_EnableGlobalInt
                0x08004904       0x3c obj\release\library\core\src\usb_core.o
                0x08004904                USB_OTG_EnableGlobalInt
 .text.USB_OTG_DisableGlobalInt
                0x08004940       0x40 obj\release\library\core\src\usb_core.o
                0x08004940                USB_OTG_DisableGlobalInt
 .text.USB_OTG_FlushTxFifo
                0x08004980       0x80 obj\release\library\core\src\usb_core.o
                0x08004980                USB_OTG_FlushTxFifo
 .text.USB_OTG_FlushRxFifo
                0x08004a00       0x6c obj\release\library\core\src\usb_core.o
                0x08004a00                USB_OTG_FlushRxFifo
 .text.USB_OTG_SetCurrentMode
                0x08004a6c       0x64 obj\release\library\core\src\usb_core.o
                0x08004a6c                USB_OTG_SetCurrentMode
 .text.USB_OTG_GetMode
                0x08004ad0       0x20 obj\release\library\core\src\usb_core.o
                0x08004ad0                USB_OTG_GetMode
 .text.USB_OTG_IsDeviceMode
                0x08004af0       0x24 obj\release\library\core\src\usb_core.o
                0x08004af0                USB_OTG_IsDeviceMode
 .text.USB_OTG_ReadCoreItr
                0x08004b14       0x30 obj\release\library\core\src\usb_core.o
                0x08004b14                USB_OTG_ReadCoreItr
 .text.USB_OTG_InitDevSpeed
                0x08004b44       0x38 obj\release\library\core\src\usb_core.o
                0x08004b44                USB_OTG_InitDevSpeed
 .text.USB_OTG_CoreInitDev
                0x08004b7c      0x2d8 obj\release\library\core\src\usb_core.o
                0x08004b7c                USB_OTG_CoreInitDev
 .text.USB_OTG_EnableDevInt
                0x08004e54       0xb4 obj\release\library\core\src\usb_core.o
                0x08004e54                USB_OTG_EnableDevInt
 .text.USB_OTG_GetDeviceSpeed
                0x08004f08       0x68 obj\release\library\core\src\usb_core.o
                0x08004f08                USB_OTG_GetDeviceSpeed
 .text.USB_OTG_EP0Activate
                0x08004f70       0xa0 obj\release\library\core\src\usb_core.o
                0x08004f70                USB_OTG_EP0Activate
 .text.USB_OTG_EPActivate
                0x08005010       0xf8 obj\release\library\core\src\usb_core.o
                0x08005010                USB_OTG_EPActivate
 .text.USB_OTG_EPDeactivate
                0x08005108       0xa4 obj\release\library\core\src\usb_core.o
                0x08005108                USB_OTG_EPDeactivate
 .text.USB_OTG_EPStartXfer
                0x080051ac      0x2dc obj\release\library\core\src\usb_core.o
                0x080051ac                USB_OTG_EPStartXfer
 .text.USB_OTG_EP0StartXfer
                0x08005488      0x1ec obj\release\library\core\src\usb_core.o
                0x08005488                USB_OTG_EP0StartXfer
 .text.USB_OTG_EPSetStall
                0x08005674       0x94 obj\release\library\core\src\usb_core.o
                0x08005674                USB_OTG_EPSetStall
 .text.USB_OTG_EPClearStall
                0x08005708       0x84 obj\release\library\core\src\usb_core.o
                0x08005708                USB_OTG_EPClearStall
 .text.USB_OTG_ReadDevAllOutEp_itr
                0x0800578c       0x30 obj\release\library\core\src\usb_core.o
                0x0800578c                USB_OTG_ReadDevAllOutEp_itr
 .text.USB_OTG_ReadDevOutEP_itr
                0x080057bc       0x3c obj\release\library\core\src\usb_core.o
                0x080057bc                USB_OTG_ReadDevOutEP_itr
 .text.USB_OTG_ReadDevAllInEPItr
                0x080057f8       0x34 obj\release\library\core\src\usb_core.o
                0x080057f8                USB_OTG_ReadDevAllInEPItr
 .text.USB_OTG_EP0_OutStart
                0x0800582c       0x74 obj\release\library\core\src\usb_core.o
                0x0800582c                USB_OTG_EP0_OutStart
 .text.DCD_Init
                0x080058a0      0x134 obj\release\library\core\src\usb_dcd.o
                0x080058a0                DCD_Init
 .text.DCD_EP_Open
                0x080059d4       0xb4 obj\release\library\core\src\usb_dcd.o
                0x080059d4                DCD_EP_Open
 .text.DCD_EP_Close
                0x08005a88       0x88 obj\release\library\core\src\usb_dcd.o
                0x08005a88                DCD_EP_Close
 .text.DCD_EP_PrepareRx
                0x08005b10       0x90 obj\release\library\core\src\usb_dcd.o
                0x08005b10                DCD_EP_PrepareRx
 .text.DCD_EP_Tx
                0x08005ba0       0x88 obj\release\library\core\src\usb_dcd.o
                0x08005ba0                DCD_EP_Tx
 .text.DCD_EP_Stall
                0x08005c28       0x8c obj\release\library\core\src\usb_dcd.o
                0x08005c28                DCD_EP_Stall
 .text.DCD_EP_ClrStall
                0x08005cb4       0x8c obj\release\library\core\src\usb_dcd.o
                0x08005cb4                DCD_EP_ClrStall
 .text.DCD_EP_SetAddress
                0x08005d40       0x3c obj\release\library\core\src\usb_dcd.o
                0x08005d40                DCD_EP_SetAddress
 .text.USBD_OTG_ISR_Handler
                0x08005d7c      0x198 obj\release\library\core\src\usb_dcd_int.o
                0x08005d7c                USBD_OTG_ISR_Handler
 .text.DCD_SessionRequest_ISR
                0x08005f14       0x3c obj\release\library\core\src\usb_dcd_int.o
 .text.DCD_OTG_ISR
                0x08005f50       0x44 obj\release\library\core\src\usb_dcd_int.o
 .text.DCD_HandleResume_ISR
                0x08005f94       0x8c obj\release\library\core\src\usb_dcd_int.o
 .text.DCD_HandleUSBSuspend_ISR
                0x08006020       0xd0 obj\release\library\core\src\usb_dcd_int.o
 .text.DCD_HandleInEP_ISR
                0x080060f0      0x1b0 obj\release\library\core\src\usb_dcd_int.o
 .text.DCD_HandleOutEP_ISR
                0x080062a0      0x184 obj\release\library\core\src\usb_dcd_int.o
 .text.DCD_HandleSof_ISR
                0x08006424       0x3c obj\release\library\core\src\usb_dcd_int.o
 .text.DCD_HandleRxStatusQueueLevel_ISR
                0x08006460      0x118 obj\release\library\core\src\usb_dcd_int.o
 .text.DCD_WriteEmptyTxFifo
                0x08006578      0x130 obj\release\library\core\src\usb_dcd_int.o
 .text.DCD_HandleUsbReset_ISR
                0x080066a8      0x158 obj\release\library\core\src\usb_dcd_int.o
 .text.DCD_HandleEnumDone_ISR
                0x08006800      0x22c obj\release\library\core\src\usb_dcd_int.o
 .text.DCD_IsoINIncomplete_ISR
                0x08006a2c       0x3c obj\release\library\core\src\usb_dcd_int.o
 .text.DCD_IsoOUTIncomplete_ISR
                0x08006a68       0x3c obj\release\library\core\src\usb_dcd_int.o
 .text.DCD_ReadDevInEP
                0x08006aa4       0x58 obj\release\library\core\src\usb_dcd_int.o
 .text.USBD_Init
                0x08006afc       0x58 obj\release\library\core\src\usbd_core.o
                0x08006afc                USBD_Init
 .text.USBD_DeInit
                0x08006b54       0x18 obj\release\library\core\src\usbd_core.o
                0x08006b54                USBD_DeInit
 .text.USBD_SetupStage
                0x08006b6c       0x70 obj\release\library\core\src\usbd_core.o
 .text.USBD_DataOutStage
                0x08006bdc       0xd4 obj\release\library\core\src\usbd_core.o
 .text.USBD_DataInStage
                0x08006cb0      0x150 obj\release\library\core\src\usbd_core.o
 .text.USBD_RunTestMode
                0x08006e00       0x28 obj\release\library\core\src\usbd_core.o
 .text.USBD_Reset
                0x08006e28       0x54 obj\release\library\core\src\usbd_core.o
 .text.USBD_Resume
                0x08006e7c       0x38 obj\release\library\core\src\usbd_core.o
 .text.USBD_Suspend
                0x08006eb4       0x38 obj\release\library\core\src\usbd_core.o
 .text.USBD_SOF
                0x08006eec       0x30 obj\release\library\core\src\usbd_core.o
 .text.USBD_SetCfg
                0x08006f1c       0x34 obj\release\library\core\src\usbd_core.o
                0x08006f1c                USBD_SetCfg
 .text.USBD_ClrCfg
                0x08006f50       0x2c obj\release\library\core\src\usbd_core.o
                0x08006f50                USBD_ClrCfg
 .text.USBD_IsoINIncomplete
                0x08006f7c       0x24 obj\release\library\core\src\usbd_core.o
 .text.USBD_IsoOUTIncomplete
                0x08006fa0       0x24 obj\release\library\core\src\usbd_core.o
 .text.USBD_DevConnected
                0x08006fc4       0x2c obj\release\library\core\src\usbd_core.o
 .text.USBD_DevDisconnected
                0x08006ff0       0x3c obj\release\library\core\src\usbd_core.o
 .text.USBD_CtlSendData
                0x0800702c       0x48 obj\release\library\core\src\usbd_ioreq.o
                0x0800702c                USBD_CtlSendData
 .text.USBD_CtlContinueSendData
                0x08007074       0x30 obj\release\library\core\src\usbd_ioreq.o
                0x08007074                USBD_CtlContinueSendData
 .text.USBD_CtlPrepareRx
                0x080070a4       0x48 obj\release\library\core\src\usbd_ioreq.o
                0x080070a4                USBD_CtlPrepareRx
 .text.USBD_CtlContinueRx
                0x080070ec       0x30 obj\release\library\core\src\usbd_ioreq.o
                0x080070ec                USBD_CtlContinueRx
 .text.USBD_CtlSendStatus
                0x0800711c       0x3c obj\release\library\core\src\usbd_ioreq.o
                0x0800711c                USBD_CtlSendStatus
 .text.USBD_CtlReceiveStatus
                0x08007158       0x3c obj\release\library\core\src\usbd_ioreq.o
                0x08007158                USBD_CtlReceiveStatus
 .text.USBD_StdDevReq
                0x08007194       0xa4 obj\release\library\core\src\usbd_req.o
                0x08007194                USBD_StdDevReq
 .text.USBD_StdItfReq
                0x08007238       0x6c obj\release\library\core\src\usbd_req.o
                0x08007238                USBD_StdItfReq
 .text.USBD_StdEPReq
                0x080072a4      0x200 obj\release\library\core\src\usbd_req.o
                0x080072a4                USBD_StdEPReq
 .text.USBD_GetDescriptor
                0x080074a4      0x1b0 obj\release\library\core\src\usbd_req.o
 .text.USBD_SetAddress
                0x08007654       0x80 obj\release\library\core\src\usbd_req.o
 .text.USBD_SetConfig
                0x080076d4      0x134 obj\release\library\core\src\usbd_req.o
 .text.USBD_GetConfig
                0x08007808       0x68 obj\release\library\core\src\usbd_req.o
 .text.USBD_GetStatus
                0x08007870       0x70 obj\release\library\core\src\usbd_req.o
 .text.USBD_SetFeature
                0x080078e0       0xfc obj\release\library\core\src\usbd_req.o
 .text.USBD_ClrFeature
                0x080079dc       0x58 obj\release\library\core\src\usbd_req.o
 .text.USBD_ParseSetupRequest
                0x08007a34       0x94 obj\release\library\core\src\usbd_req.o
                0x08007a34                USBD_ParseSetupRequest
 .text.USBD_CtlError
                0x08007ac8       0x2c obj\release\library\core\src\usbd_req.o
                0x08007ac8                USBD_CtlError
 .text.USBD_GetString
                0x08007af4       0x9c obj\release\library\core\src\usbd_req.o
                0x08007af4                USBD_GetString
 .text.USBD_GetLen
                0x08007b90       0x38 obj\release\library\core\src\usbd_req.o
 .text.pushByte
                0x08007bc8      0x1b0 obj\release\robot\communication.o
                0x08007bc8                pushByte
 .text.sendAnswer
                0x08007d78      0x1b4 obj\release\robot\communication.o
                0x08007d78                sendAnswer
 .text.sendServoCommand
                0x08007f2c       0xa4 obj\release\robot\dynamixel_control.o
                0x08007f2c                sendServoCommand
 .text.getServoResponse
                0x08007fd0      0x190 obj\release\robot\dynamixel_control.o
                0x08007fd0                getServoResponse
 .text.getAndCheckResponse
                0x08008160       0x58 obj\release\robot\dynamixel_control.o
                0x08008160                getAndCheckResponse
 .text.setServoTorque
                0x080081b8       0x78 obj\release\robot\dynamixel_control.o
                0x080081b8                setServoTorque
 .text.setServoMovingSpeed
                0x08008230       0x88 obj\release\robot\dynamixel_control.o
                0x08008230                setServoMovingSpeed
 .text.setServoAngle
                0x080082b8       0xa8 obj\release\robot\dynamixel_control.o
                0x080082b8                setServoAngle
 .text.setServoCWAngleLimit
                0x08008360       0x78 obj\release\robot\dynamixel_control.o
                0x08008360                setServoCWAngleLimit
 .text.setServoCCWAngleLimit
                0x080083d8       0x78 obj\release\robot\dynamixel_control.o
                0x080083d8                setServoCCWAngleLimit
 .text.sendServoByte
                0x08008450       0x3c obj\release\robot\dynamixel_control.o
                0x08008450                sendServoByte
 .text.clearServoReceiveBuffer
                0x0800848c       0x20 obj\release\robot\dynamixel_control.o
                0x0800848c                clearServoReceiveBuffer
 .text.getServoBytesAvailable
                0x080084ac       0x44 obj\release\robot\dynamixel_control.o
                0x080084ac                getServoBytesAvailable
 .text.getServoByte
                0x080084f0       0x58 obj\release\robot\dynamixel_control.o
                0x080084f0                getServoByte
 .text.USART3_IRQHandler
                0x08008548       0x80 obj\release\robot\dynamixel_control.o
                0x08008548                USART3_IRQHandler
 .text.softDelay
                0x080085c8       0x24 obj\release\robot\manipulators.o
                0x080085c8                softDelay
 .text.OpenLauncher
                0x080085ec       0x18 obj\release\robot\manipulators.o
                0x080085ec                OpenLauncher
 .text.CloseLauncher
                0x08008604       0x18 obj\release\robot\manipulators.o
                0x08008604                CloseLauncher
 .text.HalfOpenFishingManipulator
                0x0800861c       0x20 obj\release\robot\manipulators.o
                0x0800861c                HalfOpenFishingManipulator
 .text.Open_seashell_doors
                0x0800863c       0x38 obj\release\robot\manipulators.o
                0x0800863c                Open_seashell_doors
 .text.close_seashell_doors
                0x08008674       0x38 obj\release\robot\manipulators.o
                0x08008674                close_seashell_doors
 .text.servo_elevate_in
                0x080086ac       0x14 obj\release\robot\manipulators.o
                0x080086ac                servo_elevate_in
 .text.servo_elevate_out
                0x080086c0       0x14 obj\release\robot\manipulators.o
                0x080086c0                servo_elevate_out
 .text.servo_rotate_90
                0x080086d4       0x14 obj\release\robot\manipulators.o
                0x080086d4                servo_rotate_90
 .text.servo_rotate_180
                0x080086e8       0x14 obj\release\robot\manipulators.o
                0x080086e8                servo_rotate_180
 .text.switchOnPneumo
                0x080086fc       0x64 obj\release\robot\manipulators.o
                0x080086fc                switchOnPneumo
 .text.switchOffPneumo
                0x08008760       0x64 obj\release\robot\manipulators.o
                0x08008760                switchOffPneumo
 .text.downRightCollectorToGetBalls
                0x080087c4       0x2c obj\release\robot\manipulators.o
                0x080087c4                downRightCollectorToGetBalls
 .text.upRightCollectorWithBalls
                0x080087f0       0x2c obj\release\robot\manipulators.o
                0x080087f0                upRightCollectorWithBalls
 .text.polulu_outside_right
                0x0800881c       0x68 obj\release\robot\manipulators.o
                0x0800881c                polulu_outside_right
 .text.throwRightCollectorIntoBox
                0x08008884       0xf4 obj\release\robot\manipulators.o
                0x08008884                throwRightCollectorIntoBox
 .text.downLeftCoolectorToGetBalls
                0x08008978       0x2c obj\release\robot\manipulators.o
                0x08008978                downLeftCoolectorToGetBalls
 .text.upLeftCollectorWithBalls
                0x080089a4       0x2c obj\release\robot\manipulators.o
                0x080089a4                upLeftCollectorWithBalls
 .text.polulu_outside_left
                0x080089d0       0x68 obj\release\robot\manipulators.o
                0x080089d0                polulu_outside_left
 .text.throwLeftCollectorIntoBox
                0x08008a38       0xf4 obj\release\robot\manipulators.o
                0x08008a38                throwLeftCollectorIntoBox
 .text.GetFaceCylinder
                0x08008b2c       0x34 obj\release\robot\manipulators.o
                0x08008b2c                GetFaceCylinder
 .text.DownFaceCylinder
                0x08008b60       0x7c obj\release\robot\manipulators.o
                0x08008b60                DownFaceCylinder
 .text.OpenCyinderCorrector
                0x08008bdc       0x18 obj\release\robot\manipulators.o
                0x08008bdc                OpenCyinderCorrector
 .text.CloseCylinderCorrector
                0x08008bf4       0x18 obj\release\robot\manipulators.o
                0x08008bf4                CloseCylinderCorrector
 .text.GoBackFaceCylinderManipulator
                0x08008c0c       0x34 obj\release\robot\manipulators.o
                0x08008c0c                GoBackFaceCylinderManipulator
 .text.GetBackCylinder
                0x08008c40       0x34 obj\release\robot\manipulators.o
                0x08008c40                GetBackCylinder
 .text.DownBackCylinder
                0x08008c74       0x7c obj\release\robot\manipulators.o
                0x08008c74                DownBackCylinder
 .text.GoBackBackCylinderManipulator
                0x08008cf0       0x34 obj\release\robot\manipulators.o
                0x08008cf0                GoBackBackCylinderManipulator
 .text.OpenSeesawCorrector
                0x08008d24       0x14 obj\release\robot\manipulators.o
                0x08008d24                OpenSeesawCorrector
 .text.CloseSeesawCorrector
                0x08008d38       0x14 obj\release\robot\manipulators.o
                0x08008d38                CloseSeesawCorrector
 .text.removePoint
                0x08008d4c       0xcc obj\release\robot\regulator.o
                0x08008d4c                removePoint
 .text.addPointInFrontOfQueue
                0x08008e18      0x124 obj\release\robot\regulator.o
                0x08008e18                addPointInFrontOfQueue
 .text.initRegulators
                0x08008f3c      0x1e8 obj\release\robot\regulator.o
                0x08008f3c                initRegulators
 .text.MaxValue
                0x08009124       0x80 obj\release\robot\regulator.o
                0x08009124                MaxValue
 *fill*         0x080091a4        0x4 
 .text.FunctionalRegulator
                0x080091a8      0x230 obj\release\robot\regulator.o
                0x080091a8                FunctionalRegulator
 .text.Regulate
                0x080093d8      0x1b8 obj\release\robot\regulator.o
                0x080093d8                Regulate
 .text.TrackRegulator
                0x08009590      0x1d8 obj\release\robot\regulator.o
                0x08009590                TrackRegulator
 .text.rangeAngle
                0x08009768      0x100 obj\release\robot\regulator.o
                0x08009768                rangeAngle
 .text.RotMoving
                0x08009868      0x13c obj\release\robot\regulator.o
                0x08009868                RotMoving
 .text.Moving   0x080099a4       0xd4 obj\release\robot\regulator.o
                0x080099a4                Moving
 .text.pidCalc  0x08009a78      0x1e8 obj\release\robot\regulator.o
                0x08009a78                pidCalc
 .text.GetDataForRegulators
                0x08009c60      0x3b0 obj\release\robot\regulator.o
                0x08009c60                GetDataForRegulators
 .text.CreatePath
                0x0800a010      0x200 obj\release\robot\regulator.o
                0x0800a010                CreatePath
 .text.SpeedFiltration
                0x0800a210      0xb90 obj\release\robot\regulator.o
                0x0800a210                SpeedFiltration
 .text.matrixCopy
                0x0800ada0       0x7c obj\release\robot\matrix.o
                0x0800ada0                matrixCopy
 .text.matrixMultiplyM2M
                0x0800ae1c       0xe4 obj\release\robot\matrix.o
                0x0800ae1c                matrixMultiplyM2M
 .text.matrixMultiplyS2M
                0x0800af00       0x8c obj\release\robot\matrix.o
                0x0800af00                matrixMultiplyS2M
 .text.matrixPlusMinus
                0x0800af8c      0x128 obj\release\robot\matrix.o
                0x0800af8c                matrixPlusMinus
 .text.matrixTranspose
                0x0800b0b4       0x7c obj\release\robot\matrix.o
                0x0800b0b4                matrixTranspose
 .text.subtraction
                0x0800b130       0x74 obj\release\robot\matrix.o
                0x0800b130                subtraction
 .text.addition
                0x0800b1a4       0x74 obj\release\robot\matrix.o
                0x0800b1a4                addition
 .text.normalization
                0x0800b218       0xd0 obj\release\robot\matrix.o
                0x0800b218                normalization
 .text.scale    0x0800b2e8       0x68 obj\release\robot\matrix.o
                0x0800b2e8                scale
 .text.mod      0x0800b350       0x70 obj\release\robot\matrix.o
                0x0800b350                mod
 .text.execCommand
                0x0800b3c0     0x31c0 obj\release\robot\robot.o
                0x0800b3c0                execCommand
 .text.checkCollisionAvoid_small
                0x0800e580      0x1ec obj\release\robot\robot.o
                0x0800e580                checkCollisionAvoid_small
 .text.stopmove
                0x0800e76c       0x60 obj\release\robot\robot.o
                0x0800e76c                stopmove
 *fill*         0x0800e7cc        0x4 
 .text.takeadc  0x0800e7d0      0x5b8 obj\release\robot\robot.o
                0x0800e7d0                takeadc
 .text.NMI_Handler
                0x0800ed88        0xc obj\release\usb app\stm32fxxx_it.o
                0x0800ed88                NMI_Handler
 .text.HardFault_Handler
                0x0800ed94        0x8 obj\release\usb app\stm32fxxx_it.o
                0x0800ed94                HardFault_Handler
 .text.MemManage_Handler
                0x0800ed9c        0x8 obj\release\usb app\stm32fxxx_it.o
                0x0800ed9c                MemManage_Handler
 .text.BusFault_Handler
                0x0800eda4        0x8 obj\release\usb app\stm32fxxx_it.o
                0x0800eda4                BusFault_Handler
 .text.UsageFault_Handler
                0x0800edac        0x8 obj\release\usb app\stm32fxxx_it.o
                0x0800edac                UsageFault_Handler
 .text.SVC_Handler
                0x0800edb4        0xc obj\release\usb app\stm32fxxx_it.o
                0x0800edb4                SVC_Handler
 .text.DebugMon_Handler
                0x0800edc0        0xc obj\release\usb app\stm32fxxx_it.o
                0x0800edc0                DebugMon_Handler
 .text.PendSV_Handler
                0x0800edcc        0xc obj\release\usb app\stm32fxxx_it.o
                0x0800edcc                PendSV_Handler
 .text.SysTick_Handler
                0x0800edd8        0xc obj\release\usb app\stm32fxxx_it.o
                0x0800edd8                SysTick_Handler
 .text.OTG_FS_IRQHandler
                0x0800ede4       0x14 obj\release\usb app\stm32fxxx_it.o
                0x0800ede4                OTG_FS_IRQHandler
 .text.USB_OTG_BSP_Init
                0x0800edf8      0x110 obj\release\usb app\usb_bsp.o
                0x0800edf8                USB_OTG_BSP_Init
 .text.USB_OTG_BSP_EnableInterrupt
                0x0800ef08       0x3c obj\release\usb app\usb_bsp.o
                0x0800ef08                USB_OTG_BSP_EnableInterrupt
 .text.USB_OTG_BSP_uDelay
                0x0800ef44       0x58 obj\release\usb app\usb_bsp.o
                0x0800ef44                USB_OTG_BSP_uDelay
 .text.USB_OTG_BSP_mDelay
                0x0800ef9c       0x20 obj\release\usb app\usb_bsp.o
                0x0800ef9c                USB_OTG_BSP_mDelay
 .text.VCP_Init
                0x0800efbc       0x18 obj\release\usb app\usbd_cdc_vcp.o
 .text.VCP_DeInit
                0x0800efd4       0x10 obj\release\usb app\usbd_cdc_vcp.o
 .text.VCP_Ctrl
                0x0800efe4      0x1bc obj\release\usb app\usbd_cdc_vcp.o
 .text.VCP_DataTx
                0x0800f1a0       0x10 obj\release\usb app\usbd_cdc_vcp.o
 .text.VCP_DataRx
                0x0800f1b0       0x40 obj\release\usb app\usbd_cdc_vcp.o
 .text.VCP_COMConfig
                0x0800f1f0      0x150 obj\release\usb app\usbd_cdc_vcp.o
 .text.USBD_USR_DeviceDescriptor
                0x0800f340       0x28 obj\release\usb app\usbd_desc.o
                0x0800f340                USBD_USR_DeviceDescriptor
 .text.USBD_USR_LangIDStrDescriptor
                0x0800f368       0x28 obj\release\usb app\usbd_desc.o
                0x0800f368                USBD_USR_LangIDStrDescriptor
 .text.USBD_USR_ProductStrDescriptor
                0x0800f390       0x54 obj\release\usb app\usbd_desc.o
                0x0800f390                USBD_USR_ProductStrDescriptor
 .text.USBD_USR_ManufacturerStrDescriptor
                0x0800f3e4       0x34 obj\release\usb app\usbd_desc.o
                0x0800f3e4                USBD_USR_ManufacturerStrDescriptor
 .text.USBD_USR_SerialStrDescriptor
                0x0800f418       0x2c obj\release\usb app\usbd_desc.o
                0x0800f418                USBD_USR_SerialStrDescriptor
 .text.USBD_USR_ConfigStrDescriptor
                0x0800f444       0x54 obj\release\usb app\usbd_desc.o
                0x0800f444                USBD_USR_ConfigStrDescriptor
 .text.USBD_USR_InterfaceStrDescriptor
                0x0800f498       0x54 obj\release\usb app\usbd_desc.o
                0x0800f498                USBD_USR_InterfaceStrDescriptor
 .text.Get_SerialNum
                0x0800f4ec       0x60 obj\release\usb app\usbd_desc.o
 .text.IntToUnicode
                0x0800f54c       0x94 obj\release\usb app\usbd_desc.o
 .text.USBD_USR_Init
                0x0800f5e0        0xc obj\release\usb app\usbd_usr.o
                0x0800f5e0                USBD_USR_Init
 .text.USBD_USR_DeviceReset
                0x0800f5ec       0x14 obj\release\usb app\usbd_usr.o
                0x0800f5ec                USBD_USR_DeviceReset
 .text.USBD_USR_DeviceConfigured
                0x0800f600        0xc obj\release\usb app\usbd_usr.o
                0x0800f600                USBD_USR_DeviceConfigured
 .text.USBD_USR_DeviceSuspended
                0x0800f60c        0xc obj\release\usb app\usbd_usr.o
                0x0800f60c                USBD_USR_DeviceSuspended
 .text.USBD_USR_DeviceResumed
                0x0800f618        0xc obj\release\usb app\usbd_usr.o
                0x0800f618                USBD_USR_DeviceResumed
 .text.USBD_USR_DeviceConnected
                0x0800f624        0xc obj\release\usb app\usbd_usr.o
                0x0800f624                USBD_USR_DeviceConnected
 .text.USBD_USR_DeviceDisconnected
                0x0800f630        0xc obj\release\usb app\usbd_usr.o
                0x0800f630                USBD_USR_DeviceDisconnected
 .text.NVIC_PriorityGroupConfig
                0x0800f63c       0x28 obj\release\spl\src\misc.o
                0x0800f63c                NVIC_PriorityGroupConfig
 .text.NVIC_Init
                0x0800f664       0xe4 obj\release\spl\src\misc.o
                0x0800f664                NVIC_Init
 .text.GPIO_Init
                0x0800f748      0x144 obj\release\spl\src\stm32f4xx_gpio.o
                0x0800f748                GPIO_Init
 .text.GPIO_PinAFConfig
                0x0800f88c       0xa8 obj\release\spl\src\stm32f4xx_gpio.o
                0x0800f88c                GPIO_PinAFConfig
 .text.RCC_GetClocksFreq
                0x0800f934      0x1cc obj\release\spl\src\stm32f4xx_rcc.o
                0x0800f934                RCC_GetClocksFreq
 .text.RCC_AHB1PeriphClockCmd
                0x0800fb00       0x54 obj\release\spl\src\stm32f4xx_rcc.o
                0x0800fb00                RCC_AHB1PeriphClockCmd
 .text.RCC_AHB2PeriphClockCmd
                0x0800fb54       0x54 obj\release\spl\src\stm32f4xx_rcc.o
                0x0800fb54                RCC_AHB2PeriphClockCmd
 .text.RCC_APB1PeriphClockCmd
                0x0800fba8       0x54 obj\release\spl\src\stm32f4xx_rcc.o
                0x0800fba8                RCC_APB1PeriphClockCmd
 .text.RCC_APB2PeriphClockCmd
                0x0800fbfc       0x54 obj\release\spl\src\stm32f4xx_rcc.o
                0x0800fbfc                RCC_APB2PeriphClockCmd
 .text.USART_SendData
                0x0800fc50       0x28 obj\release\spl\src\stm32f4xx_usart.o
                0x0800fc50                USART_SendData
 .text.USART_ReceiveData
                0x0800fc78       0x24 obj\release\spl\src\stm32f4xx_usart.o
                0x0800fc78                USART_ReceiveData
 .text.USART_GetFlagStatus
                0x0800fc9c       0x40 obj\release\spl\src\stm32f4xx_usart.o
                0x0800fc9c                USART_GetFlagStatus
 .text.USART_GetITStatus
                0x0800fcdc       0xc4 obj\release\spl\src\stm32f4xx_usart.o
                0x0800fcdc                USART_GetITStatus
 .text.main     0x0800fda0       0x9c obj\release\src\main.o
                0x0800fda0                main
 .text          0x0800fe3c      0x108 obj\release\src\startup_stm32f4xx.o
                0x0800fe3c                Reset_Handler
                0x0800fe94                Default_Handler
                0x0800fe96                WWDG_IRQHandler
                0x0800fe98                PVD_IRQHandler
                0x0800fe9a                TAMP_STAMP_IRQHandler
                0x0800fe9c                RTC_WKUP_IRQHandler
                0x0800fe9e                FLASH_IRQHandler
                0x0800fea0                RCC_IRQHandler
                0x0800feac                DMA1_Stream0_IRQHandler
                0x0800feae                DMA1_Stream1_IRQHandler
                0x0800feb0                DMA1_Stream2_IRQHandler
                0x0800feb4                DMA1_Stream4_IRQHandler
                0x0800feb8                DMA1_Stream6_IRQHandler
                0x0800feba                ADC_IRQHandler
                0x0800febc                CAN1_TX_IRQHandler
                0x0800febe                CAN1_RX0_IRQHandler
                0x0800fec0                CAN1_RX1_IRQHandler
                0x0800fec2                CAN1_SCE_IRQHandler
                0x0800fec6                TIM1_BRK_TIM9_IRQHandler
                0x0800fec8                TIM1_UP_TIM10_IRQHandler
                0x0800feca                TIM1_TRG_COM_TIM11_IRQHandler
                0x0800fecc                TIM1_CC_IRQHandler
                0x0800fed0                TIM3_IRQHandler
                0x0800fed2                TIM4_IRQHandler
                0x0800fed4                I2C1_EV_IRQHandler
                0x0800fed6                I2C1_ER_IRQHandler
                0x0800fed8                I2C2_EV_IRQHandler
                0x0800feda                I2C2_ER_IRQHandler
                0x0800fedc                SPI1_IRQHandler
                0x0800fede                SPI2_IRQHandler
                0x0800fee2                USART2_IRQHandler
                0x0800fee8                RTC_Alarm_IRQHandler
                0x0800feea                OTG_FS_WKUP_IRQHandler
                0x0800feec                TIM8_BRK_TIM12_IRQHandler
                0x0800fef0                TIM8_TRG_COM_TIM14_IRQHandler
                0x0800fef2                TIM8_CC_IRQHandler
                0x0800fef4                DMA1_Stream7_IRQHandler
                0x0800fef6                FSMC_IRQHandler
                0x0800fef8                SDIO_IRQHandler
                0x0800fefa                TIM5_IRQHandler
                0x0800fefc                SPI3_IRQHandler
                0x0800fefe                UART4_IRQHandler
                0x0800ff00                UART5_IRQHandler
                0x0800ff08                DMA2_Stream1_IRQHandler
                0x0800ff0c                DMA2_Stream3_IRQHandler
                0x0800ff0e                DMA2_Stream4_IRQHandler
                0x0800ff10                ETH_IRQHandler
                0x0800ff12                ETH_WKUP_IRQHandler
                0x0800ff14                CAN2_TX_IRQHandler
                0x0800ff16                CAN2_RX0_IRQHandler
                0x0800ff18                CAN2_RX1_IRQHandler
                0x0800ff1a                CAN2_SCE_IRQHandler
                0x0800ff1e                DMA2_Stream5_IRQHandler
                0x0800ff20                DMA2_Stream6_IRQHandler
                0x0800ff22                DMA2_Stream7_IRQHandler
                0x0800ff24                USART6_IRQHandler
                0x0800ff26                I2C3_EV_IRQHandler
                0x0800ff28                I2C3_ER_IRQHandler
                0x0800ff2a                OTG_HS_EP1_OUT_IRQHandler
                0x0800ff2c                OTG_HS_EP1_IN_IRQHandler
                0x0800ff2e                OTG_HS_WKUP_IRQHandler
                0x0800ff30                OTG_HS_IRQHandler
                0x0800ff32                DCMI_IRQHandler
                0x0800ff34                CRYP_IRQHandler
                0x0800ff36                HASH_RNG_IRQHandler
                0x0800ff38                FPU_IRQHandler
 .text.SystemInit
                0x0800ff44       0xb0 obj\release\src\system_stm32f4xx.o
                0x0800ff44                SystemInit
 .text.SetSysClock
                0x0800fff4      0x188 obj\release\src\system_stm32f4xx.o
 .text          0x0801017c      0x370 c:/program files (x86)/emblocks/2.30/share/em_armgcc/bin/../lib/gcc/arm-none-eabi/4.7.3/armv7e-m/fpu\libgcc.a(_arm_addsubdf3.o)
                0x0801017c                __aeabi_drsub
                0x08010184                __aeabi_dsub
                0x08010184                __subdf3
                0x08010188                __aeabi_dadd
                0x08010188                __adddf3
                0x08010400                __floatunsidf
                0x08010400                __aeabi_ui2d
                0x08010420                __floatsidf
                0x08010420                __aeabi_i2d
                0x08010444                __aeabi_f2d
                0x08010444                __extendsfdf2
                0x08010480                __floatundidf
                0x08010480                __aeabi_ul2d
                0x08010490                __floatdidf
                0x08010490                __aeabi_l2d
 .text          0x080104ec      0x424 c:/program files (x86)/emblocks/2.30/share/em_armgcc/bin/../lib/gcc/arm-none-eabi/4.7.3/armv7e-m/fpu\libgcc.a(_arm_muldivdf3.o)
                0x080104ec                __aeabi_dmul
                0x080104ec                __muldf3
                0x08010740                __divdf3
                0x08010740                __aeabi_ddiv
 .text          0x08010910      0x110 c:/program files (x86)/emblocks/2.30/share/em_armgcc/bin/../lib/gcc/arm-none-eabi/4.7.3/armv7e-m/fpu\libgcc.a(_arm_cmpdf2.o)
                0x08010910                __gtdf2
                0x08010910                __gedf2
                0x08010918                __ltdf2
                0x08010918                __ledf2
                0x08010920                __nedf2
                0x08010920                __eqdf2
                0x08010920                __cmpdf2
                0x0801099c                __aeabi_cdrcmple
                0x080109ac                __aeabi_cdcmpeq
                0x080109ac                __aeabi_cdcmple
                0x080109bc                __aeabi_dcmpeq
                0x080109d0                __aeabi_dcmplt
                0x080109e4                __aeabi_dcmple
                0x080109f8                __aeabi_dcmpge
                0x08010a0c                __aeabi_dcmpgt
 .text          0x08010a20       0x50 c:/program files (x86)/emblocks/2.30/share/em_armgcc/bin/../lib/gcc/arm-none-eabi/4.7.3/armv7e-m/fpu\libgcc.a(_arm_fixdfsi.o)
                0x08010a20                __aeabi_d2iz
                0x08010a20                __fixdfsi
 .text          0x08010a70       0x40 c:/program files (x86)/emblocks/2.30/share/em_armgcc/bin/../lib/gcc/arm-none-eabi/4.7.3/armv7e-m/fpu\libgcc.a(_arm_fixunsdfsi.o)
                0x08010a70                __aeabi_d2uiz
                0x08010a70                __fixunsdfsi
 .text          0x08010ab0       0xa0 c:/program files (x86)/emblocks/2.30/share/em_armgcc/bin/../lib/gcc/arm-none-eabi/4.7.3/armv7e-m/fpu\libgcc.a(_arm_truncdfsf2.o)
                0x08010ab0                __truncdfsf2
                0x08010ab0                __aeabi_d2f
 .text.exit     0x08010b50       0x20 c:/program files (x86)/emblocks/2.30/share/em_armgcc/bin/../lib/gcc/arm-none-eabi/4.7.3/../../../../arm-none-eabi/lib/armv7e-m/fpu\libc_f.a(lib_a-exit.o)
                0x08010b50                exit
 .text.__libc_init_array
                0x08010b70       0x50 c:/program files (x86)/emblocks/2.30/share/em_armgcc/bin/../lib/gcc/arm-none-eabi/4.7.3/../../../../arm-none-eabi/lib/armv7e-m/fpu\libc_f.a(lib_a-init.o)
                0x08010b70                __libc_init_array
 .text          0x08010bc0      0x134 c:/program files (x86)/emblocks/2.30/share/em_armgcc/bin/../lib/gcc/arm-none-eabi/4.7.3/../../../../arm-none-eabi/lib/armv7e-m/fpu\libc_f.a(lib_a-memcpy.o)
                0x08010bc0                memcpy
 .text.memset   0x08010cf4       0x98 c:/program files (x86)/emblocks/2.30/share/em_armgcc/bin/../lib/gcc/arm-none-eabi/4.7.3/../../../../arm-none-eabi/lib/armv7e-m/fpu\libc_f.a(lib_a-memset.o)
                0x08010cf4                memset
 .text.strlen   0x08010d8c       0x60 c:/program files (x86)/emblocks/2.30/share/em_armgcc/bin/../lib/gcc/arm-none-eabi/4.7.3/../../../../arm-none-eabi/lib/armv7e-m/fpu\libc_f.a(lib_a-strlen.o)
                0x08010d8c                strlen
 .text.startup.register_fini
                0x08010dec       0x14 c:/program files (x86)/emblocks/2.30/share/em_armgcc/bin/../lib/gcc/arm-none-eabi/4.7.3/../../../../arm-none-eabi/lib/armv7e-m/fpu\libc_f.a(lib_a-__call_atexit.o)
 .text.__call_exitprocs
                0x08010e00      0x164 c:/program files (x86)/emblocks/2.30/share/em_armgcc/bin/../lib/gcc/arm-none-eabi/4.7.3/../../../../arm-none-eabi/lib/armv7e-m/fpu\libc_f.a(lib_a-__call_atexit.o)
                0x08010e00                __call_exitprocs
 .text.atexit   0x08010f64        0xc c:/program files (x86)/emblocks/2.30/share/em_armgcc/bin/../lib/gcc/arm-none-eabi/4.7.3/../../../../arm-none-eabi/lib/armv7e-m/fpu\libc_f.a(lib_a-atexit.o)
                0x08010f64                atexit
 .text.__libc_fini_array
                0x08010f70       0x2c c:/program files (x86)/emblocks/2.30/share/em_armgcc/bin/../lib/gcc/arm-none-eabi/4.7.3/../../../../arm-none-eabi/lib/armv7e-m/fpu\libc_f.a(lib_a-fini.o)
                0x08010f70                __libc_fini_array
 .text.__register_exitproc
                0x08010f9c       0xb0 c:/program files (x86)/emblocks/2.30/share/em_armgcc/bin/../lib/gcc/arm-none-eabi/4.7.3/../../../../arm-none-eabi/lib/armv7e-m/fpu\libc_f.a(lib_a-__atexit.o)
                0x08010f9c                __register_exitproc
 *fill*         0x0801104c        0x4 
 .text.atan     0x08011050      0x3b0 c:/program files (x86)/emblocks/2.30/share/em_armgcc/bin/../lib/gcc/arm-none-eabi/4.7.3/../../../../arm-none-eabi/lib/armv7e-m/fpu\libm_f.a(lib_a-s_atan.o)
                0x08011050                atan
 .text.cos      0x08011400       0xb0 c:/program files (x86)/emblocks/2.30/share/em_armgcc/bin/../lib/gcc/arm-none-eabi/4.7.3/../../../../arm-none-eabi/lib/armv7e-m/fpu\libm_f.a(lib_a-s_cos.o)
                0x08011400                cos
 .text.fabs     0x080114b0       0x14 c:/program files (x86)/emblocks/2.30/share/em_armgcc/bin/../lib/gcc/arm-none-eabi/4.7.3/../../../../arm-none-eabi/lib/armv7e-m/fpu\libm_f.a(lib_a-s_fabs.o)
                0x080114b0                fabs
 *fill*         0x080114c4        0x4 
 .text.sin      0x080114c8       0xb0 c:/program files (x86)/emblocks/2.30/share/em_armgcc/bin/../lib/gcc/arm-none-eabi/4.7.3/../../../../arm-none-eabi/lib/armv7e-m/fpu\libm_f.a(lib_a-s_sin.o)
                0x080114c8                sin
 .text.cosf     0x08011578       0x74 c:/program files (x86)/emblocks/2.30/share/em_armgcc/bin/../lib/gcc/arm-none-eabi/4.7.3/../../../../arm-none-eabi/lib/armv7e-m/fpu\libm_f.a(lib_a-sf_cos.o)
                0x08011578                cosf
 .text.fabsf    0x080115ec       0x10 c:/program files (x86)/emblocks/2.30/share/em_armgcc/bin/../lib/gcc/arm-none-eabi/4.7.3/../../../../arm-none-eabi/lib/armv7e-m/fpu\libm_f.a(lib_a-sf_fabs.o)
                0x080115ec                fabsf
 .text.sinf     0x080115fc       0x78 c:/program files (x86)/emblocks/2.30/share/em_armgcc/bin/../lib/gcc/arm-none-eabi/4.7.3/../../../../arm-none-eabi/lib/armv7e-m/fpu\libm_f.a(lib_a-sf_sin.o)
                0x080115fc                sinf
 .text.fmod     0x08011674       0xd4 c:/program files (x86)/emblocks/2.30/share/em_armgcc/bin/../lib/gcc/arm-none-eabi/4.7.3/../../../../arm-none-eabi/lib/armv7e-m/fpu\libm_f.a(lib_a-w_fmod.o)
                0x08011674                fmod
 .text.pow      0x08011748      0x384 c:/program files (x86)/emblocks/2.30/share/em_armgcc/bin/../lib/gcc/arm-none-eabi/4.7.3/../../../../arm-none-eabi/lib/armv7e-m/fpu\libm_f.a(lib_a-w_pow.o)
                0x08011748                pow
 .text.sqrt     0x08011acc       0xb4 c:/program files (x86)/emblocks/2.30/share/em_armgcc/bin/../lib/gcc/arm-none-eabi/4.7.3/../../../../arm-none-eabi/lib/armv7e-m/fpu\libm_f.a(lib_a-w_sqrt.o)
                0x08011acc                sqrt
 .text.sqrtf    0x08011b80       0xb0 c:/program files (x86)/emblocks/2.30/share/em_armgcc/bin/../lib/gcc/arm-none-eabi/4.7.3/../../../../arm-none-eabi/lib/armv7e-m/fpu\libm_f.a(lib_a-wf_sqrt.o)
                0x08011b80                sqrtf
 .text.__ieee754_fmod
                0x08011c30      0x298 c:/program files (x86)/emblocks/2.30/share/em_armgcc/bin/../lib/gcc/arm-none-eabi/4.7.3/../../../../arm-none-eabi/lib/armv7e-m/fpu\libm_f.a(lib_a-e_fmod.o)
                0x08011c30                __ieee754_fmod
 .text.__ieee754_pow
                0x08011ec8      0xa68 c:/program files (x86)/emblocks/2.30/share/em_armgcc/bin/../lib/gcc/arm-none-eabi/4.7.3/../../../../arm-none-eabi/lib/armv7e-m/fpu\libm_f.a(lib_a-e_pow.o)
                0x08011ec8                __ieee754_pow
 .text.__ieee754_rem_pio2
                0x08012930      0x408 c:/program files (x86)/emblocks/2.30/share/em_armgcc/bin/../lib/gcc/arm-none-eabi/4.7.3/../../../../arm-none-eabi/lib/armv7e-m/fpu\libm_f.a(lib_a-e_rem_pio2.o)
                0x08012930                __ieee754_rem_pio2
 .text.__ieee754_sqrt
                0x08012d38      0x1a8 c:/program files (x86)/emblocks/2.30/share/em_armgcc/bin/../lib/gcc/arm-none-eabi/4.7.3/../../../../arm-none-eabi/lib/armv7e-m/fpu\libm_f.a(lib_a-e_sqrt.o)
                0x08012d38                __ieee754_sqrt
 .text.__ieee754_rem_pio2f
                0x08012ee0      0x25c c:/program files (x86)/emblocks/2.30/share/em_armgcc/bin/../lib/gcc/arm-none-eabi/4.7.3/../../../../arm-none-eabi/lib/armv7e-m/fpu\libm_f.a(lib_a-ef_rem_pio2.o)
                0x08012ee0                __ieee754_rem_pio2f
 .text.__ieee754_sqrtf
                0x0801313c       0xa8 c:/program files (x86)/emblocks/2.30/share/em_armgcc/bin/../lib/gcc/arm-none-eabi/4.7.3/../../../../arm-none-eabi/lib/armv7e-m/fpu\libm_f.a(lib_a-ef_sqrt.o)
                0x0801313c                __ieee754_sqrtf
 *fill*         0x080131e4        0x4 
 .text.__kernel_cos
                0x080131e8      0x260 c:/program files (x86)/emblocks/2.30/share/em_armgcc/bin/../lib/gcc/arm-none-eabi/4.7.3/../../../../arm-none-eabi/lib/armv7e-m/fpu\libm_f.a(lib_a-k_cos.o)
                0x080131e8                __kernel_cos
 .text.__kernel_rem_pio2
                0x08013448      0x768 c:/program files (x86)/emblocks/2.30/share/em_armgcc/bin/../lib/gcc/arm-none-eabi/4.7.3/../../../../arm-none-eabi/lib/armv7e-m/fpu\libm_f.a(lib_a-k_rem_pio2.o)
                0x08013448                __kernel_rem_pio2
 .text.__kernel_sin
                0x08013bb0      0x178 c:/program files (x86)/emblocks/2.30/share/em_armgcc/bin/../lib/gcc/arm-none-eabi/4.7.3/../../../../arm-none-eabi/lib/armv7e-m/fpu\libm_f.a(lib_a-k_sin.o)
                0x08013bb0                __kernel_sin
 .text.__kernel_cosf
                0x08013d28      0x100 c:/program files (x86)/emblocks/2.30/share/em_armgcc/bin/../lib/gcc/arm-none-eabi/4.7.3/../../../../arm-none-eabi/lib/armv7e-m/fpu\libm_f.a(lib_a-kf_cos.o)
                0x08013d28                __kernel_cosf
 .text.__kernel_rem_pio2f
                0x08013e28      0x5e0 c:/program files (x86)/emblocks/2.30/share/em_armgcc/bin/../lib/gcc/arm-none-eabi/4.7.3/../../../../arm-none-eabi/lib/armv7e-m/fpu\libm_f.a(lib_a-kf_rem_pio2.o)
                0x08013e28                __kernel_rem_pio2f
 .text.__kernel_sinf
                0x08014408       0x90 c:/program files (x86)/emblocks/2.30/share/em_armgcc/bin/../lib/gcc/arm-none-eabi/4.7.3/../../../../arm-none-eabi/lib/armv7e-m/fpu\libm_f.a(lib_a-kf_sin.o)
                0x08014408                __kernel_sinf
 .text.finite   0x08014498       0x10 c:/program files (x86)/emblocks/2.30/share/em_armgcc/bin/../lib/gcc/arm-none-eabi/4.7.3/../../../../arm-none-eabi/lib/armv7e-m/fpu\libm_f.a(lib_a-s_finite.o)
                0x08014498                finite
 .text.floor    0x080144a8      0x110 c:/program files (x86)/emblocks/2.30/share/em_armgcc/bin/../lib/gcc/arm-none-eabi/4.7.3/../../../../arm-none-eabi/lib/armv7e-m/fpu\libm_f.a(lib_a-s_floor.o)
                0x080144a8                floor
 .text.__fpclassifyd
                0x080145b8       0x54 c:/program files (x86)/emblocks/2.30/share/em_armgcc/bin/../lib/gcc/arm-none-eabi/4.7.3/../../../../arm-none-eabi/lib/armv7e-m/fpu\libm_f.a(lib_a-s_fpclassify.o)
                0x080145b8                __fpclassifyd
 .text.matherr  0x0801460c        0x4 c:/program files (x86)/emblocks/2.30/share/em_armgcc/bin/../lib/gcc/arm-none-eabi/4.7.3/../../../../arm-none-eabi/lib/armv7e-m/fpu\libm_f.a(lib_a-s_matherr.o)
                0x0801460c                matherr
 .text.nan      0x08014610       0x10 c:/program files (x86)/emblocks/2.30/share/em_armgcc/bin/../lib/gcc/arm-none-eabi/4.7.3/../../../../arm-none-eabi/lib/armv7e-m/fpu\libm_f.a(lib_a-s_nan.o)
                0x08014610                nan
 .text.rint     0x08014620      0x11c c:/program files (x86)/emblocks/2.30/share/em_armgcc/bin/../lib/gcc/arm-none-eabi/4.7.3/../../../../arm-none-eabi/lib/armv7e-m/fpu\libm_f.a(lib_a-s_rint.o)
                0x08014620                rint
 *fill*         0x0801473c        0x4 
 .text.scalbn   0x08014740      0x110 c:/program files (x86)/emblocks/2.30/share/em_armgcc/bin/../lib/gcc/arm-none-eabi/4.7.3/../../../../arm-none-eabi/lib/armv7e-m/fpu\libm_f.a(lib_a-s_scalbn.o)
                0x08014740                scalbn
 .text.floorf   0x08014850       0x84 c:/program files (x86)/emblocks/2.30/share/em_armgcc/bin/../lib/gcc/arm-none-eabi/4.7.3/../../../../arm-none-eabi/lib/armv7e-m/fpu\libm_f.a(lib_a-sf_floor.o)
                0x08014850                floorf
 .text.__fpclassifyf
                0x080148d4       0x38 c:/program files (x86)/emblocks/2.30/share/em_armgcc/bin/../lib/gcc/arm-none-eabi/4.7.3/../../../../arm-none-eabi/lib/armv7e-m/fpu\libm_f.a(lib_a-sf_fpclassify.o)
                0x080148d4                __fpclassifyf
 .text.scalbnf  0x0801490c       0xcc c:/program files (x86)/emblocks/2.30/share/em_armgcc/bin/../lib/gcc/arm-none-eabi/4.7.3/../../../../arm-none-eabi/lib/armv7e-m/fpu\libm_f.a(lib_a-sf_scalbn.o)
                0x0801490c                scalbnf
 .text.copysign
                0x080149d8       0x24 c:/program files (x86)/emblocks/2.30/share/em_armgcc/bin/../lib/gcc/arm-none-eabi/4.7.3/../../../../arm-none-eabi/lib/armv7e-m/fpu\libm_f.a(lib_a-s_copysign.o)
                0x080149d8                copysign
 .text.copysignf
                0x080149fc       0x18 c:/program files (x86)/emblocks/2.30/share/em_armgcc/bin/../lib/gcc/arm-none-eabi/4.7.3/../../../../arm-none-eabi/lib/armv7e-m/fpu\libm_f.a(lib_a-sf_copysign.o)
                0x080149fc                copysignf
 .text._exit    0x08014a14        0x4 c:/program files (x86)/emblocks/2.30/share/em_armgcc/bin/../lib/gcc/arm-none-eabi/4.7.3/../../../../arm-none-eabi/lib/armv7e-m/fpu\libnosys_f.a(_exit.o)
                0x08014a14                _exit
 .text.__errno  0x08014a18        0xc c:/program files (x86)/emblocks/2.30/share/em_armgcc/bin/../lib/gcc/arm-none-eabi/4.7.3/../../../../arm-none-eabi/lib/armv7e-m/fpu\libc_f.a(lib_a-errno.o)
                0x08014a18                __errno
 *(.init)
 .init          0x08014a24        0x4 c:/program files (x86)/emblocks/2.30/share/em_armgcc/bin/../lib/gcc/arm-none-eabi/4.7.3/armv7e-m/fpu/crti.o
                0x08014a24                _init
 .init          0x08014a28        0x8 c:/program files (x86)/emblocks/2.30/share/em_armgcc/bin/../lib/gcc/arm-none-eabi/4.7.3/armv7e-m/fpu/crtn.o
 *(.fini)
 .fini          0x08014a30        0x4 c:/program files (x86)/emblocks/2.30/share/em_armgcc/bin/../lib/gcc/arm-none-eabi/4.7.3/armv7e-m/fpu/crti.o
                0x08014a30                _fini
 .fini          0x08014a34        0x8 c:/program files (x86)/emblocks/2.30/share/em_armgcc/bin/../lib/gcc/arm-none-eabi/4.7.3/armv7e-m/fpu/crtn.o
 *crtbegin.o(.ctors)
 *crtbegin?.o(.ctors)
 *(EXCLUDE_FILE(*crtend.o *crtend?.o) .ctors)
 *(SORT(.ctors.*))
 *(.ctors)
 *crtbegin.o(.dtors)
 *crtbegin?.o(.dtors)
 *(EXCLUDE_FILE(*crtend.o *crtend?.o) .dtors)
 *(SORT(.dtors.*))
 *(.dtors)
 *(.rodata*)
 .rodata        0x08014a3c       0x28 obj\release\robot\robot.o
 .rodata        0x08014a64       0x78 obj\release\usb app\usbd_desc.o
 .rodata.str1.4
                0x08014adc        0x2 c:/program files (x86)/emblocks/2.30/share/em_armgcc/bin/../lib/gcc/arm-none-eabi/4.7.3/../../../../arm-none-eabi/lib/armv7e-m/fpu\libc_f.a(lib_a-impure.o)
                                  0x4 (size before relaxing)
 *fill*         0x08014ade        0x2 
 .rodata._global_impure_ptr
                0x08014ae0        0x4 c:/program files (x86)/emblocks/2.30/share/em_armgcc/bin/../lib/gcc/arm-none-eabi/4.7.3/../../../../arm-none-eabi/lib/armv7e-m/fpu\libc_f.a(lib_a-impure.o)
                0x08014ae0                _global_impure_ptr
 *fill*         0x08014ae4        0x4 
 .rodata.atanlo
                0x08014ae8       0x20 c:/program files (x86)/emblocks/2.30/share/em_armgcc/bin/../lib/gcc/arm-none-eabi/4.7.3/../../../../arm-none-eabi/lib/armv7e-m/fpu\libm_f.a(lib_a-s_atan.o)
 .rodata.atanhi
                0x08014b08       0x20 c:/program files (x86)/emblocks/2.30/share/em_armgcc/bin/../lib/gcc/arm-none-eabi/4.7.3/../../../../arm-none-eabi/lib/armv7e-m/fpu\libm_f.a(lib_a-s_atan.o)
 .rodata.str1.4
                0x08014b28        0x5 c:/program files (x86)/emblocks/2.30/share/em_armgcc/bin/../lib/gcc/arm-none-eabi/4.7.3/../../../../arm-none-eabi/lib/armv7e-m/fpu\libm_f.a(lib_a-w_fmod.o)
                                  0x8 (size before relaxing)
 *fill*         0x08014b2d        0x3 
 .rodata.str1.4
                0x08014b30        0x4 c:/program files (x86)/emblocks/2.30/share/em_armgcc/bin/../lib/gcc/arm-none-eabi/4.7.3/../../../../arm-none-eabi/lib/armv7e-m/fpu\libm_f.a(lib_a-w_pow.o)
 .rodata.str1.4
                0x08014b34        0x5 c:/program files (x86)/emblocks/2.30/share/em_armgcc/bin/../lib/gcc/arm-none-eabi/4.7.3/../../../../arm-none-eabi/lib/armv7e-m/fpu\libm_f.a(lib_a-w_sqrt.o)
                                  0x8 (size before relaxing)
 *fill*         0x08014b39        0x3 
 .rodata.str1.4
                0x08014b3c        0x6 c:/program files (x86)/emblocks/2.30/share/em_armgcc/bin/../lib/gcc/arm-none-eabi/4.7.3/../../../../arm-none-eabi/lib/armv7e-m/fpu\libm_f.a(lib_a-wf_sqrt.o)
                                  0x8 (size before relaxing)
 *fill*         0x08014b42        0x6 
 .rodata.Zero   0x08014b48       0x10 c:/program files (x86)/emblocks/2.30/share/em_armgcc/bin/../lib/gcc/arm-none-eabi/4.7.3/../../../../arm-none-eabi/lib/armv7e-m/fpu\libm_f.a(lib_a-e_fmod.o)
 .rodata.dp_h   0x08014b58       0x10 c:/program files (x86)/emblocks/2.30/share/em_armgcc/bin/../lib/gcc/arm-none-eabi/4.7.3/../../../../arm-none-eabi/lib/armv7e-m/fpu\libm_f.a(lib_a-e_pow.o)
 .rodata.dp_l   0x08014b68       0x10 c:/program files (x86)/emblocks/2.30/share/em_armgcc/bin/../lib/gcc/arm-none-eabi/4.7.3/../../../../arm-none-eabi/lib/armv7e-m/fpu\libm_f.a(lib_a-e_pow.o)
 .rodata.bp     0x08014b78       0x10 c:/program files (x86)/emblocks/2.30/share/em_armgcc/bin/../lib/gcc/arm-none-eabi/4.7.3/../../../../arm-none-eabi/lib/armv7e-m/fpu\libm_f.a(lib_a-e_pow.o)
 .rodata.str1.4
                0x00000000        0x8 c:/program files (x86)/emblocks/2.30/share/em_armgcc/bin/../lib/gcc/arm-none-eabi/4.7.3/../../../../arm-none-eabi/lib/armv7e-m/fpu\libm_f.a(lib_a-e_pow.o)
                                  0x4 (size before relaxing)
 .rodata.npio2_hw
                0x08014b88       0x80 c:/program files (x86)/emblocks/2.30/share/em_armgcc/bin/../lib/gcc/arm-none-eabi/4.7.3/../../../../arm-none-eabi/lib/armv7e-m/fpu\libm_f.a(lib_a-e_rem_pio2.o)
 .rodata.two_over_pi
                0x08014c08      0x108 c:/program files (x86)/emblocks/2.30/share/em_armgcc/bin/../lib/gcc/arm-none-eabi/4.7.3/../../../../arm-none-eabi/lib/armv7e-m/fpu\libm_f.a(lib_a-e_rem_pio2.o)
 .rodata.npio2_hw
                0x08014d10       0x80 c:/program files (x86)/emblocks/2.30/share/em_armgcc/bin/../lib/gcc/arm-none-eabi/4.7.3/../../../../arm-none-eabi/lib/armv7e-m/fpu\libm_f.a(lib_a-ef_rem_pio2.o)
 .rodata.two_over_pi
                0x08014d90      0x318 c:/program files (x86)/emblocks/2.30/share/em_armgcc/bin/../lib/gcc/arm-none-eabi/4.7.3/../../../../arm-none-eabi/lib/armv7e-m/fpu\libm_f.a(lib_a-ef_rem_pio2.o)
 .rodata.init_jk
                0x080150a8       0x10 c:/program files (x86)/emblocks/2.30/share/em_armgcc/bin/../lib/gcc/arm-none-eabi/4.7.3/../../../../arm-none-eabi/lib/armv7e-m/fpu\libm_f.a(lib_a-k_rem_pio2.o)
 .rodata.PIo2   0x080150b8       0x40 c:/program files (x86)/emblocks/2.30/share/em_armgcc/bin/../lib/gcc/arm-none-eabi/4.7.3/../../../../arm-none-eabi/lib/armv7e-m/fpu\libm_f.a(lib_a-k_rem_pio2.o)
 .rodata.init_jk
                0x080150f8        0xc c:/program files (x86)/emblocks/2.30/share/em_armgcc/bin/../lib/gcc/arm-none-eabi/4.7.3/../../../../arm-none-eabi/lib/armv7e-m/fpu\libm_f.a(lib_a-kf_rem_pio2.o)
 .rodata.PIo2   0x08015104       0x2c c:/program files (x86)/emblocks/2.30/share/em_armgcc/bin/../lib/gcc/arm-none-eabi/4.7.3/../../../../arm-none-eabi/lib/armv7e-m/fpu\libm_f.a(lib_a-kf_rem_pio2.o)
 .rodata.TWO52  0x08015130       0x10 c:/program files (x86)/emblocks/2.30/share/em_armgcc/bin/../lib/gcc/arm-none-eabi/4.7.3/../../../../arm-none-eabi/lib/armv7e-m/fpu\libm_f.a(lib_a-s_rint.o)
 *(.eh_frame*)
 .eh_frame      0x08015140        0x0 c:/program files (x86)/emblocks/2.30/share/em_armgcc/bin/../lib/gcc/arm-none-eabi/4.7.3/armv7e-m/fpu/crtbegin.o
 .eh_frame      0x08015140        0x4 c:/program files (x86)/emblocks/2.30/share/em_armgcc/bin/../lib/gcc/arm-none-eabi/4.7.3/armv7e-m/fpu/crtend.o

.glue_7         0x08015144        0x0
 .glue_7        0x00000000        0x0 linker stubs

.glue_7t        0x08015144        0x0
 .glue_7t       0x00000000        0x0 linker stubs

.vfp11_veneer   0x08015144        0x0
 .vfp11_veneer  0x00000000        0x0 linker stubs

.v4_bx          0x08015144        0x0
 .v4_bx         0x00000000        0x0 linker stubs

.iplt           0x08015144        0x0
 .iplt          0x00000000        0x0 c:/program files (x86)/emblocks/2.30/share/em_armgcc/bin/../lib/gcc/arm-none-eabi/4.7.3/armv7e-m/fpu/crtbegin.o

.ARM.extab
 *(.ARM.extab* .gnu.linkonce.armextab.*)
                0x08015144                __exidx_start = .

.ARM.exidx      0x08015144        0x8
 *(.ARM.exidx* .gnu.linkonce.armexidx.*)
 .ARM.exidx     0x08015144        0x8 c:/program files (x86)/emblocks/2.30/share/em_armgcc/bin/../lib/gcc/arm-none-eabi/4.7.3/../../../../arm-none-eabi/lib/armv7e-m/fpu/crt0.o
                0x0801514c                __exidx_end = .
                0x0801514c                __etext = .

.rel.dyn        0x0801514c        0x0
 .rel.iplt      0x00000000        0x0 c:/program files (x86)/emblocks/2.30/share/em_armgcc/bin/../lib/gcc/arm-none-eabi/4.7.3/armv7e-m/fpu/crtbegin.o

.data           0x20000000      0xd1c load address 0x0801514c
                0x20000000                __data_start__ = .
 *(vtable)
 *(.data*)
 .data.PWM_CCR  0x20000000       0x28 obj\release\board\board.o
                0x20000000                PWM_CCR
 .data.PWM_DIR  0x20000028       0x28 obj\release\board\board.o
                0x20000028                PWM_DIR
 .data.GENERAL_PIN
                0x20000050       0x28 obj\release\board\board.o
                0x20000050                GENERAL_PIN
 .data.EXTI_PIN
                0x20000078       0x28 obj\release\board\board.o
                0x20000078                EXTI_PIN
 .data.V12_PIN  0x200000a0       0x18 obj\release\board\board.o
                0x200000a0                V12_PIN
 .data.dmaData  0x200000b8       0x24 obj\release\board\usart.o
                0x200000b8                dmaData
 .data.encData  0x200000dc       0x1c obj\release\board\usart.o
                0x200000dc                encData
 .data.usbd_cdc_CfgDesc
                0x200000f8       0x44 obj\release\library\cdc\src\usbd_cdc_core.o
                0x200000f8                usbd_cdc_CfgDesc
 .data.cdcCmd   0x2000013c        0x4 obj\release\library\cdc\src\usbd_cdc_core.o
 .data.USBD_CDC_cb
                0x20000140       0x2c obj\release\library\cdc\src\usbd_cdc_core.o
                0x20000140                USBD_CDC_cb
 .data.USBD_DCD_INT_cb
                0x2000016c       0x2c obj\release\library\core\src\usbd_core.o
                0x2000016c                USBD_DCD_INT_cb
 .data.USBD_DCD_INT_fops
                0x20000198        0x4 obj\release\library\core\src\usbd_core.o
                0x20000198                USBD_DCD_INT_fops
 .data.inCommand
                0x2000019c        0x8 obj\release\robot\communication.o
                0x2000019c                inCommand
 .data.receiveBufferStart
                0x200001a4        0x4 obj\release\robot\dynamixel_control.o
                0x200001a4                receiveBufferStart
 .data.receiveBufferEnd
                0x200001a8        0x4 obj\release\robot\dynamixel_control.o
                0x200001a8                receiveBufferEnd
 .data.MLineSpeed
                0x200001ac       0x30 obj\release\robot\kinematics.o
                0x200001ac                MLineSpeed
 .data.MRotSpeed
                0x200001dc       0x30 obj\release\robot\kinematics.o
                0x200001dc                MRotSpeed
 .data.InverseKinematics
                0x2000020c       0x40 obj\release\robot\kinematics.o
                0x2000020c                InverseKinematics
 .data.MAX_ACCEL
                0x2000024c        0x4 obj\release\robot\regulator.o
                0x2000024c                MAX_ACCEL
 .data.MAX_ACCEL_INC
                0x20000250        0x4 obj\release\robot\regulator.o
                0x20000250                MAX_ACCEL_INC
 .data.ACCEL_INC
                0x20000254        0x4 obj\release\robot\regulator.o
                0x20000254                ACCEL_INC
 .data.normalVelFast
                0x20000258       0x14 obj\release\robot\regulator.o
                0x20000258                normalVelFast
 .data.stopVelFast
                0x2000026c       0x14 obj\release\robot\regulator.o
                0x2000026c                stopVelFast
 .data.standVelFast
                0x20000280       0x14 obj\release\robot\regulator.o
                0x20000280                standVelFast
 .data.normalVelSlow
                0x20000294       0x14 obj\release\robot\regulator.o
                0x20000294                normalVelSlow
 .data.stopVelSlow
                0x200002a8       0x14 obj\release\robot\regulator.o
                0x200002a8                stopVelSlow
 .data.standVelSlow
                0x200002bc       0x14 obj\release\robot\regulator.o
                0x200002bc                standVelSlow
 .data.normalRotFast
                0x200002d0       0x14 obj\release\robot\regulator.o
                0x200002d0                normalRotFast
 .data.stopRotFast
                0x200002e4       0x14 obj\release\robot\regulator.o
                0x200002e4                stopRotFast
 .data.standRotFast
                0x200002f8       0x14 obj\release\robot\regulator.o
                0x200002f8                standRotFast
 .data.normalRotSlow
                0x2000030c       0x14 obj\release\robot\regulator.o
                0x2000030c                normalRotSlow
 .data.stopRotSlow
                0x20000320       0x14 obj\release\robot\regulator.o
                0x20000320                stopRotSlow
 .data.standRotSlow
                0x20000334       0x14 obj\release\robot\regulator.o
                0x20000334                standRotSlow
 .data.speedType
                0x20000348       0x18 obj\release\robot\regulator.o
                0x20000348                speedType
 .data.rotType  0x20000360       0x18 obj\release\robot\regulator.o
                0x20000360                rotType
 .data.points   0x20000378      0x4b0 obj\release\robot\regulator.o
                0x20000378                points
 .data.curState
                0x20000828        0x8 obj\release\robot\robot.o
                0x20000828                curState
 .data.encCnt   0x20000830       0x10 obj\release\robot\robot.o
                0x20000830                encCnt
 .data.WHEELS   0x20000840        0x4 obj\release\robot\robot.o
                0x20000840                WHEELS
 .data.linecoding
                0x20000844        0x8 obj\release\usb app\usbd_cdc_vcp.o
                0x20000844                linecoding
 .data.VCP_fops
                0x2000084c       0x14 obj\release\usb app\usbd_cdc_vcp.o
                0x2000084c                VCP_fops
 .data.USR_desc
                0x20000860       0x1c obj\release\usb app\usbd_desc.o
                0x20000860                USR_desc
 .data.USBD_DeviceDesc
                0x2000087c       0x14 obj\release\usb app\usbd_desc.o
                0x2000087c                USBD_DeviceDesc
 .data.USBD_LangIDDesc
                0x20000890        0x4 obj\release\usb app\usbd_desc.o
                0x20000890                USBD_LangIDDesc
 .data.USBD_StringSerial
                0x20000894       0x1c obj\release\usb app\usbd_desc.o
                0x20000894                USBD_StringSerial
 .data.USR_cb   0x200008b0       0x1c obj\release\usb app\usbd_usr.o
                0x200008b0                USR_cb
 .data.APBAHBPrescTable
                0x200008cc       0x10 obj\release\spl\src\stm32f4xx_rcc.o
 *fill*         0x200008dc        0x4 
 .data.impure_data
                0x200008e0      0x428 c:/program files (x86)/emblocks/2.30/share/em_armgcc/bin/../lib/gcc/arm-none-eabi/4.7.3/../../../../arm-none-eabi/lib/armv7e-m/fpu\libc_f.a(lib_a-impure.o)
 .data._impure_ptr
                0x20000d08        0x4 c:/program files (x86)/emblocks/2.30/share/em_armgcc/bin/../lib/gcc/arm-none-eabi/4.7.3/../../../../arm-none-eabi/lib/armv7e-m/fpu\libc_f.a(lib_a-impure.o)
                0x20000d08                _impure_ptr
 .data.__fdlib_version
                0x20000d0c        0x1 c:/program files (x86)/emblocks/2.30/share/em_armgcc/bin/../lib/gcc/arm-none-eabi/4.7.3/../../../../arm-none-eabi/lib/armv7e-m/fpu\libm_f.a(lib_a-s_lib_ver.o)
                0x20000d0c                __fdlib_version
                0x20000d10                . = ALIGN (0x4)
 *fill*         0x20000d0d        0x3 
                0x20000d10                PROVIDE (__preinit_array_start, .)
 *(.preinit_array)
                0x20000d10                PROVIDE (__preinit_array_end, .)
                0x20000d10                . = ALIGN (0x4)
                0x20000d10                PROVIDE (__init_array_start, .)
 *(SORT(.init_array.*))
 .init_array.00000
                0x20000d10        0x4 c:/program files (x86)/emblocks/2.30/share/em_armgcc/bin/../lib/gcc/arm-none-eabi/4.7.3/../../../../arm-none-eabi/lib/armv7e-m/fpu\libc_f.a(lib_a-__call_atexit.o)
 *(.init_array)
 .init_array    0x20000d14        0x4 c:/program files (x86)/emblocks/2.30/share/em_armgcc/bin/../lib/gcc/arm-none-eabi/4.7.3/armv7e-m/fpu/crtbegin.o
                0x20000d18                PROVIDE (__init_array_end, .)
                0x20000d18                . = ALIGN (0x4)
                0x20000d18                PROVIDE (__fini_array_start, .)
 *(SORT(.fini_array.*))
 *(.fini_array)
 .fini_array    0x20000d18        0x4 c:/program files (x86)/emblocks/2.30/share/em_armgcc/bin/../lib/gcc/arm-none-eabi/4.7.3/armv7e-m/fpu/crtbegin.o
                0x20000d1c                PROVIDE (__fini_array_end, .)
                0x20000d1c                . = ALIGN (0x4)
                0x20000d1c                __data_end__ = .

.jcr            0x20000d1c        0x0 load address 0x08015e68
 .jcr           0x20000d1c        0x0 c:/program files (x86)/emblocks/2.30/share/em_armgcc/bin/../lib/gcc/arm-none-eabi/4.7.3/armv7e-m/fpu/crtbegin.o

.igot.plt       0x20000d1c        0x0 load address 0x08015e68
 .igot.plt      0x00000000        0x0 c:/program files (x86)/emblocks/2.30/share/em_armgcc/bin/../lib/gcc/arm-none-eabi/4.7.3/armv7e-m/fpu/crtbegin.o

.bss            0x20000d1c     0x14c0 load address 0x08015e68
                0x20000d1c                __bss_start__ = .
 *(.bss*)
 .bss           0x20000d1c       0x1c c:/program files (x86)/emblocks/2.30/share/em_armgcc/bin/../lib/gcc/arm-none-eabi/4.7.3/armv7e-m/fpu/crtbegin.o
 .bss.int_cnt   0x20000d38        0x2 obj\release\board\interrupts.o
                0x20000d38                int_cnt
 *fill*         0x20000d3a        0x2 
 .bss.usbd_cdc_AltSet
                0x20000d3c        0x4 obj\release\library\cdc\src\usbd_cdc_core.o
 .bss.APP_Rx_ptr_in
                0x20000d40        0x4 obj\release\library\cdc\src\usbd_cdc_core.o
                0x20000d40                APP_Rx_ptr_in
 .bss.APP_Rx_ptr_out
                0x20000d44        0x4 obj\release\library\cdc\src\usbd_cdc_core.o
                0x20000d44                APP_Rx_ptr_out
 .bss.APP_Rx_length
                0x20000d48        0x4 obj\release\library\cdc\src\usbd_cdc_core.o
                0x20000d48                APP_Rx_length
 .bss.USB_Tx_State
                0x20000d4c        0x1 obj\release\library\cdc\src\usbd_cdc_core.o
                0x20000d4c                USB_Tx_State
 *fill*         0x20000d4d        0x3 
 .bss.cdcLen    0x20000d50        0x4 obj\release\library\cdc\src\usbd_cdc_core.o
 .bss.FrameCount.8664
                0x20000d54        0x4 obj\release\library\cdc\src\usbd_cdc_core.o
 .bss.USBD_ep_status
                0x20000d58        0x4 obj\release\library\core\src\usbd_req.o
                0x20000d58                USBD_ep_status
 .bss.USBD_default_cfg
                0x20000d5c        0x4 obj\release\library\core\src\usbd_req.o
                0x20000d5c                USBD_default_cfg
 .bss.USBD_cfg_status
                0x20000d60        0x4 obj\release\library\core\src\usbd_req.o
                0x20000d60                USBD_cfg_status
 .bss.cfgidx.8673
                0x20000d64        0x1 obj\release\library\core\src\usbd_req.o
 .bss.servoErrorCode
                0x20000d65        0x1 obj\release\robot\dynamixel_control.o
                0x20000d65                servoErrorCode
 *fill*         0x20000d66        0x2 
 .bss.regulatorOut
                0x20000d68       0x10 obj\release\robot\regulator.o
                0x20000d68                regulatorOut
 .bss.vTargetGlob
                0x20000d78        0xc obj\release\robot\regulator.o
                0x20000d78                vTargetGlob
 .bss.vTargetGlobF
                0x20000d84        0xc obj\release\robot\regulator.o
                0x20000d84                vTargetGlobF
 .bss.totalPointComplite
                0x20000d90        0x2 obj\release\robot\regulator.o
                0x20000d90                totalPointComplite
 *fill*         0x20000d92        0x2 
 .bss.CurSpeed  0x20000d94        0x8 obj\release\robot\regulator.o
                0x20000d94                CurSpeed
 .bss.CurAccel  0x20000d9c        0x8 obj\release\robot\regulator.o
                0x20000d9c                CurAccel
 .bss.AccelInc1
                0x20000da4        0x8 obj\release\robot\regulator.o
                0x20000da4                AccelInc1
 .bss.TargSpeed
                0x20000dac        0x8 obj\release\robot\regulator.o
                0x20000dac                TargSpeed
 .bss.lastPoint
                0x20000db4        0x1 obj\release\robot\regulator.o
                0x20000db4                lastPoint
 *fill*         0x20000db5        0x3 
 .bss.distanceData
                0x20000db8       0x48 obj\release\robot\robot.o
                0x20000db8                distanceData
 .bss.distance_digital
                0x20000e00       0x14 obj\release\robot\robot.o
                0x20000e00                distance_digital
 .bss.distance_digital1
                0x20000e14       0x14 obj\release\robot\robot.o
                0x20000e14                distance_digital1
 .bss.distance_digital2
                0x20000e28        0x8 obj\release\robot\robot.o
                0x20000e28                distance_digital2
 .bss.robotCoordTarget
                0x20000e30        0xc obj\release\robot\robot.o
                0x20000e30                robotCoordTarget
 .bss.motorCoord
                0x20000e3c       0x10 obj\release\robot\robot.o
                0x20000e3c                motorCoord
 .bss.robotCoord
                0x20000e4c        0xc obj\release\robot\robot.o
                0x20000e4c                robotCoord
 .bss.robotSpeed
                0x20000e58        0xc obj\release\robot\robot.o
                0x20000e58                robotSpeed
 .bss.startFlag
                0x20000e64        0x1 obj\release\robot\robot.o
                0x20000e64                startFlag
 *fill*         0x20000e65        0x3 
 .bss.stop_cnt  0x20000e68        0x4 obj\release\src\main.o
                0x20000e68                stop_cnt
 .bss.flag_kostil
                0x20000e6c        0x4 obj\release\src\main.o
                0x20000e6c                flag_kostil
 *(COMMON)
 COMMON         0x20000e70       0x80 obj\release\board\adc.o
                0x20000e70                param
                0x20000e8e                dataIndex
                0x20000e90                outData
                0x20000eb0                inData
 COMMON         0x20000ef0       0x30 obj\release\board\board.o
                0x20000ef0                extiFlag
                0x20000ef4                pinType
                0x20000f00                extiType
                0x20000f0c                adcData
 COMMON         0x20000f20        0x4 obj\release\board\interrupts.o
                0x20000f20                traceFlag
                0x20000f21                allpointreached
                0x20000f22                endFlag
                0x20000f23                movFlag
 COMMON         0x20000f24       0xd0 obj\release\board\usart.o
                0x20000f24                usart1Data
                0x20000f2c                Buffer
 COMMON         0x20000ff4      0x88c obj\release\library\cdc\src\usbd_cdc_core.o
                0x20000ff4                usbd_cdc_OtherCfgDesc
                0x20001038                USB_Rx_Buffer
                0x20001078                CmdBuff
                0x20001080                APP_Rx_Buffer
 COMMON         0x20001880        0x4 obj\release\library\core\src\usbd_core.o
                0x20001880                SET_TEST_MODE
 COMMON         0x20001884       0x40 obj\release\robot\dynamixel_control.o
                0x20001884                response
                0x200018a4                receiveBuffer
 COMMON         0x200018c4      0x1bc obj\release\robot\regulator.o
                0x200018c4                curPath
                0x20001900                ortoPos
                0x20001940                wheelsPidStruct
                0x20001a40                radSpeed
 COMMON         0x20001a80       0x29 obj\release\robot\robot.o
                0x20001a80                motorSpeed
                0x20001a90                distanceFromIR
                0x20001a94                outEnc
 *fill*         0x20001aa9        0x3 
 COMMON         0x20001aac       0x10 obj\release\usb app\usbd_cdc_vcp.o
                0x20001aac                USART_InitStructure
 COMMON         0x20001abc       0xff obj\release\usb app\usbd_desc.o
                0x20001abc                USBD_StrDesc
 *fill*         0x20001bbb        0x1 
 COMMON         0x20001bbc      0x620 obj\release\src\main.o
                0x20001bbc                distance
                0x20001be4                mode
                0x20001be8                USB_OTG_dev
                0x200021dc                __bss_end__ = .

.heap           0x200021e0        0x0
                0x200021e0                __end__ = .
                0x200021e0                end = __end__
 *(.heap*)
 .heap          0x200021e0        0x0 obj\release\src\startup_stm32f4xx.o
                0x200021e0                __HeapLimit = .

.stack_dummy    0x200021e0      0x100
 *(.stack)
 .stack         0x200021e0      0x100 obj\release\src\startup_stm32f4xx.o
                0x20020000                __StackTop = (ORIGIN (RAM) + 0x20000)
                0x2001ff00                __StackLimit = (__StackTop - SIZEOF (.stack_dummy))
                0x20020000                PROVIDE (__stack, __StackTop)
                0x00000001                ASSERT ((__StackLimit >= __HeapLimit), region RAM overflowed with stack)
LOAD obj\release\board\adc.o
LOAD obj\release\board\board.o
LOAD obj\release\board\interrupts.o
LOAD obj\release\board\tim.o
LOAD obj\release\board\usart.o
LOAD obj\release\library\cdc\src\usbd_cdc_core.o
LOAD obj\release\library\core\src\usb_core.o
LOAD obj\release\library\core\src\usb_dcd.o
LOAD obj\release\library\core\src\usb_dcd_int.o
LOAD obj\release\library\core\src\usbd_core.o
LOAD obj\release\library\core\src\usbd_ioreq.o
LOAD obj\release\library\core\src\usbd_req.o
LOAD obj\release\robot\communication.o
LOAD obj\release\robot\dynamixel_control.o
LOAD obj\release\robot\kinematics.o
LOAD obj\release\robot\manipulators.o
LOAD obj\release\robot\path.o
LOAD obj\release\robot\regulator.o
LOAD obj\release\robot\matrix.o
LOAD obj\release\robot\robot.o
LOAD obj\release\usb app\stm32fxxx_it.o
LOAD obj\release\usb app\usb_bsp.o
LOAD obj\release\usb app\usbd_cdc_vcp.o
LOAD obj\release\usb app\usbd_desc.o
LOAD obj\release\usb app\usbd_usr.o
LOAD obj\release\spl\src\misc.o
LOAD obj\release\spl\src\stm32f4xx_adc.o
LOAD obj\release\spl\src\stm32f4xx_can.o
LOAD obj\release\spl\src\stm32f4xx_cec.o
LOAD obj\release\spl\src\stm32f4xx_crc.o
LOAD obj\release\spl\src\stm32f4xx_cryp.o
LOAD obj\release\spl\src\stm32f4xx_cryp_aes.o
LOAD obj\release\spl\src\stm32f4xx_cryp_des.o
LOAD obj\release\spl\src\stm32f4xx_cryp_tdes.o
LOAD obj\release\spl\src\stm32f4xx_dac.o
LOAD obj\release\spl\src\stm32f4xx_dbgmcu.o
LOAD obj\release\spl\src\stm32f4xx_dcmi.o
LOAD obj\release\spl\src\stm32f4xx_dma.o
LOAD obj\release\spl\src\stm32f4xx_dma2d.o
LOAD obj\release\spl\src\stm32f4xx_dsi.o
LOAD obj\release\spl\src\stm32f4xx_exti.o
LOAD obj\release\spl\src\stm32f4xx_gpio.o
LOAD obj\release\spl\src\stm32f4xx_hash.o
LOAD obj\release\spl\src\stm32f4xx_hash_md5.o
LOAD obj\release\spl\src\stm32f4xx_hash_sha1.o
LOAD obj\release\spl\src\stm32f4xx_i2c.o
LOAD obj\release\spl\src\stm32f4xx_iwdg.o
LOAD obj\release\spl\src\stm32f4xx_lptim.o
LOAD obj\release\spl\src\stm32f4xx_ltdc.o
LOAD obj\release\spl\src\stm32f4xx_pwr.o
LOAD obj\release\spl\src\stm32f4xx_qspi.o
LOAD obj\release\spl\src\stm32f4xx_rcc.o
LOAD obj\release\spl\src\stm32f4xx_rng.o
LOAD obj\release\spl\src\stm32f4xx_rtc.o
LOAD obj\release\spl\src\stm32f4xx_sai.o
LOAD obj\release\spl\src\stm32f4xx_sdio.o
LOAD obj\release\spl\src\stm32f4xx_spdifrx.o
LOAD obj\release\spl\src\stm32f4xx_spi.o
LOAD obj\release\spl\src\stm32f4xx_syscfg.o
LOAD obj\release\spl\src\stm32f4xx_tim.o
LOAD obj\release\spl\src\stm32f4xx_usart.o
LOAD obj\release\spl\src\stm32f4xx_wwdg.o
LOAD obj\release\src\main.o
LOAD obj\release\src\startup_stm32f4xx.o
LOAD obj\release\src\system_stm32f4xx.o
START GROUP
LOAD c:/program files (x86)/emblocks/2.30/share/em_armgcc/bin/../lib/gcc/arm-none-eabi/4.7.3/armv7e-m/fpu\libgcc.a
LOAD c:/program files (x86)/emblocks/2.30/share/em_armgcc/bin/../lib/gcc/arm-none-eabi/4.7.3/../../../../arm-none-eabi/lib/armv7e-m/fpu\libc_f.a
LOAD c:/program files (x86)/emblocks/2.30/share/em_armgcc/bin/../lib/gcc/arm-none-eabi/4.7.3/../../../../arm-none-eabi/lib/armv7e-m/fpu\libg_f.a
LOAD c:/program files (x86)/emblocks/2.30/share/em_armgcc/bin/../lib/gcc/arm-none-eabi/4.7.3/../../../../arm-none-eabi/lib/armv7e-m/fpu\libm_f.a
LOAD c:/program files (x86)/emblocks/2.30/share/em_armgcc/bin/../lib/gcc/arm-none-eabi/4.7.3/../../../../arm-none-eabi/lib/armv7e-m/fpu\libnosys_f.a
END GROUP
LOAD c:/program files (x86)/emblocks/2.30/share/em_armgcc/bin/../lib/gcc/arm-none-eabi/4.7.3/armv7e-m/fpu/crtend.o
LOAD c:/program files (x86)/emblocks/2.30/share/em_armgcc/bin/../lib/gcc/arm-none-eabi/4.7.3/armv7e-m/fpu/crtn.o
OUTPUT(bin\Release\Robot V2.elf elf32-littlearm)

.ARM.attributes
                0x00000000       0x30
 .ARM.attributes
                0x00000000       0x22 c:/program files (x86)/emblocks/2.30/share/em_armgcc/bin/../lib/gcc/arm-none-eabi/4.7.3/armv7e-m/fpu/crti.o
 .ARM.attributes
                0x00000022       0x34 c:/program files (x86)/emblocks/2.30/share/em_armgcc/bin/../lib/gcc/arm-none-eabi/4.7.3/armv7e-m/fpu/crtbegin.o
 .ARM.attributes
                0x00000056       0x20 c:/program files (x86)/emblocks/2.30/share/em_armgcc/bin/../lib/gcc/arm-none-eabi/4.7.3/../../../../arm-none-eabi/lib/armv7e-m/fpu/crt0.o
 .ARM.attributes
                0x00000076       0x39 obj\release\board\adc.o
 .ARM.attributes
                0x000000af       0x39 obj\release\board\board.o
 .ARM.attributes
                0x000000e8       0x39 obj\release\board\interrupts.o
 .ARM.attributes
                0x00000121       0x39 obj\release\board\tim.o
 .ARM.attributes
                0x0000015a       0x39 obj\release\board\usart.o
 .ARM.attributes
                0x00000193       0x39 obj\release\library\cdc\src\usbd_cdc_core.o
 .ARM.attributes
                0x000001cc       0x39 obj\release\library\core\src\usb_core.o
 .ARM.attributes
                0x00000205       0x39 obj\release\library\core\src\usb_dcd.o
 .ARM.attributes
                0x0000023e       0x39 obj\release\library\core\src\usb_dcd_int.o
 .ARM.attributes
                0x00000277       0x39 obj\release\library\core\src\usbd_core.o
 .ARM.attributes
                0x000002b0       0x39 obj\release\library\core\src\usbd_ioreq.o
 .ARM.attributes
                0x000002e9       0x39 obj\release\library\core\src\usbd_req.o
 .ARM.attributes
                0x00000322       0x39 obj\release\robot\communication.o
 .ARM.attributes
                0x0000035b       0x39 obj\release\robot\dynamixel_control.o
 .ARM.attributes
                0x00000394       0x39 obj\release\robot\kinematics.o
 .ARM.attributes
                0x000003cd       0x39 obj\release\robot\manipulators.o
 .ARM.attributes
                0x00000406       0x39 obj\release\robot\regulator.o
 .ARM.attributes
                0x0000043f       0x39 obj\release\robot\matrix.o
 .ARM.attributes
                0x00000478       0x39 obj\release\robot\robot.o
 .ARM.attributes
                0x000004b1       0x39 obj\release\usb app\stm32fxxx_it.o
 .ARM.attributes
                0x000004ea       0x39 obj\release\usb app\usb_bsp.o
 .ARM.attributes
                0x00000523       0x39 obj\release\usb app\usbd_cdc_vcp.o
 .ARM.attributes
                0x0000055c       0x39 obj\release\usb app\usbd_desc.o
 .ARM.attributes
                0x00000595       0x39 obj\release\usb app\usbd_usr.o
 .ARM.attributes
                0x000005ce       0x39 obj\release\spl\src\misc.o
 .ARM.attributes
                0x00000607       0x39 obj\release\spl\src\stm32f4xx_gpio.o
 .ARM.attributes
                0x00000640       0x39 obj\release\spl\src\stm32f4xx_rcc.o
 .ARM.attributes
                0x00000679       0x39 obj\release\spl\src\stm32f4xx_usart.o
 .ARM.attributes
                0x000006b2       0x39 obj\release\src\main.o
 .ARM.attributes
                0x000006eb       0x1f obj\release\src\startup_stm32f4xx.o
 .ARM.attributes
                0x0000070a       0x39 obj\release\src\system_stm32f4xx.o
 .ARM.attributes
                0x00000743       0x22 c:/program files (x86)/emblocks/2.30/share/em_armgcc/bin/../lib/gcc/arm-none-eabi/4.7.3/armv7e-m/fpu\libgcc.a(_arm_addsubdf3.o)
 .ARM.attributes
                0x00000765       0x22 c:/program files (x86)/emblocks/2.30/share/em_armgcc/bin/../lib/gcc/arm-none-eabi/4.7.3/armv7e-m/fpu\libgcc.a(_arm_muldivdf3.o)
 .ARM.attributes
                0x00000787       0x22 c:/program files (x86)/emblocks/2.30/share/em_armgcc/bin/../lib/gcc/arm-none-eabi/4.7.3/armv7e-m/fpu\libgcc.a(_arm_cmpdf2.o)
 .ARM.attributes
                0x000007a9       0x22 c:/program files (x86)/emblocks/2.30/share/em_armgcc/bin/../lib/gcc/arm-none-eabi/4.7.3/armv7e-m/fpu\libgcc.a(_arm_fixdfsi.o)
 .ARM.attributes
                0x000007cb       0x22 c:/program files (x86)/emblocks/2.30/share/em_armgcc/bin/../lib/gcc/arm-none-eabi/4.7.3/armv7e-m/fpu\libgcc.a(_arm_fixunsdfsi.o)
 .ARM.attributes
                0x000007ed       0x22 c:/program files (x86)/emblocks/2.30/share/em_armgcc/bin/../lib/gcc/arm-none-eabi/4.7.3/armv7e-m/fpu\libgcc.a(_arm_truncdfsf2.o)
 .ARM.attributes
                0x0000080f       0x30 c:/program files (x86)/emblocks/2.30/share/em_armgcc/bin/../lib/gcc/arm-none-eabi/4.7.3/../../../../arm-none-eabi/lib/armv7e-m/fpu\libc_f.a(lib_a-exit.o)
 .ARM.attributes
                0x0000083f       0x30 c:/program files (x86)/emblocks/2.30/share/em_armgcc/bin/../lib/gcc/arm-none-eabi/4.7.3/../../../../arm-none-eabi/lib/armv7e-m/fpu\libc_f.a(lib_a-impure.o)
 .ARM.attributes
                0x0000086f       0x30 c:/program files (x86)/emblocks/2.30/share/em_armgcc/bin/../lib/gcc/arm-none-eabi/4.7.3/../../../../arm-none-eabi/lib/armv7e-m/fpu\libc_f.a(lib_a-init.o)
 .ARM.attributes
                0x0000089f       0x20 c:/program files (x86)/emblocks/2.30/share/em_armgcc/bin/../lib/gcc/arm-none-eabi/4.7.3/../../../../arm-none-eabi/lib/armv7e-m/fpu\libc_f.a(lib_a-memcpy.o)
 .ARM.attributes
                0x000008bf       0x30 c:/program files (x86)/emblocks/2.30/share/em_armgcc/bin/../lib/gcc/arm-none-eabi/4.7.3/../../../../arm-none-eabi/lib/armv7e-m/fpu\libc_f.a(lib_a-memset.o)
 .ARM.attributes
                0x000008ef       0x30 c:/program files (x86)/emblocks/2.30/share/em_armgcc/bin/../lib/gcc/arm-none-eabi/4.7.3/../../../../arm-none-eabi/lib/armv7e-m/fpu\libc_f.a(lib_a-strlen.o)
 .ARM.attributes
                0x0000091f       0x30 c:/program files (x86)/emblocks/2.30/share/em_armgcc/bin/../lib/gcc/arm-none-eabi/4.7.3/../../../../arm-none-eabi/lib/armv7e-m/fpu\libc_f.a(lib_a-__call_atexit.o)
 .ARM.attributes
                0x0000094f       0x30 c:/program files (x86)/emblocks/2.30/share/em_armgcc/bin/../lib/gcc/arm-none-eabi/4.7.3/../../../../arm-none-eabi/lib/armv7e-m/fpu\libc_f.a(lib_a-atexit.o)
 .ARM.attributes
                0x0000097f       0x30 c:/program files (x86)/emblocks/2.30/share/em_armgcc/bin/../lib/gcc/arm-none-eabi/4.7.3/../../../../arm-none-eabi/lib/armv7e-m/fpu\libc_f.a(lib_a-fini.o)
 .ARM.attributes
                0x000009af       0x30 c:/program files (x86)/emblocks/2.30/share/em_armgcc/bin/../lib/gcc/arm-none-eabi/4.7.3/../../../../arm-none-eabi/lib/armv7e-m/fpu\libc_f.a(lib_a-__atexit.o)
 .ARM.attributes
                0x000009df       0x30 c:/program files (x86)/emblocks/2.30/share/em_armgcc/bin/../lib/gcc/arm-none-eabi/4.7.3/../../../../arm-none-eabi/lib/armv7e-m/fpu\libm_f.a(lib_a-s_atan.o)
 .ARM.attributes
                0x00000a0f       0x30 c:/program files (x86)/emblocks/2.30/share/em_armgcc/bin/../lib/gcc/arm-none-eabi/4.7.3/../../../../arm-none-eabi/lib/armv7e-m/fpu\libm_f.a(lib_a-s_cos.o)
 .ARM.attributes
                0x00000a3f       0x30 c:/program files (x86)/emblocks/2.30/share/em_armgcc/bin/../lib/gcc/arm-none-eabi/4.7.3/../../../../arm-none-eabi/lib/armv7e-m/fpu\libm_f.a(lib_a-s_fabs.o)
 .ARM.attributes