Archive member included because of file (symbol)

c:/program files (x86)/emblocks/2.30/share/em_armgcc/bin/../lib/gcc/arm-none-eabi/4.7.3/../../../../arm-none-eabi/lib/armv7e-m/fpu\librdimon.a(rdimon-syscalls.o)
                              c:/program files (x86)/emblocks/2.30/share/em_armgcc/bin/../lib/gcc/arm-none-eabi/4.7.3/../../../../arm-none-eabi/lib/armv7e-m/fpu/rdimon-crt0.o (initialise_monitor_handles)
c:/program files (x86)/emblocks/2.30/share/em_armgcc/bin/../lib/gcc/arm-none-eabi/4.7.3/armv7e-m/fpu\libgcc.a(_arm_addsubdf3.o)
                              obj\debug\board\interrupts.o (__aeabi_dsub)
c:/program files (x86)/emblocks/2.30/share/em_armgcc/bin/../lib/gcc/arm-none-eabi/4.7.3/armv7e-m/fpu\libgcc.a(_arm_muldivdf3.o)
                              obj\debug\board\board.o (__aeabi_dmul)
c:/program files (x86)/emblocks/2.30/share/em_armgcc/bin/../lib/gcc/arm-none-eabi/4.7.3/armv7e-m/fpu\libgcc.a(_arm_cmpdf2.o)
                              obj\debug\board\board.o (__aeabi_dcmplt)
c:/program files (x86)/emblocks/2.30/share/em_armgcc/bin/../lib/gcc/arm-none-eabi/4.7.3/armv7e-m/fpu\libgcc.a(_arm_fixdfsi.o)
                              obj\debug\board\board.o (__aeabi_d2iz)
c:/program files (x86)/emblocks/2.30/share/em_armgcc/bin/../lib/gcc/arm-none-eabi/4.7.3/armv7e-m/fpu\libgcc.a(_arm_fixunsdfsi.o)
                              obj\debug\robot\dynamixel_control.o (__aeabi_d2uiz)
c:/program files (x86)/emblocks/2.30/share/em_armgcc/bin/../lib/gcc/arm-none-eabi/4.7.3/armv7e-m/fpu\libgcc.a(_arm_truncdfsf2.o)
                              obj\debug\board\board.o (__aeabi_d2f)
c:/program files (x86)/emblocks/2.30/share/em_armgcc/bin/../lib/gcc/arm-none-eabi/4.7.3/../../../../arm-none-eabi/lib/armv7e-m/fpu\libc_f.a(lib_a-errno.o)
                              c:/program files (x86)/emblocks/2.30/share/em_armgcc/bin/../lib/gcc/arm-none-eabi/4.7.3/../../../../arm-none-eabi/lib/armv7e-m/fpu\librdimon.a(rdimon-syscalls.o) (__errno)
c:/program files (x86)/emblocks/2.30/share/em_armgcc/bin/../lib/gcc/arm-none-eabi/4.7.3/../../../../arm-none-eabi/lib/armv7e-m/fpu\libc_f.a(lib_a-exit.o)
                              c:/program files (x86)/emblocks/2.30/share/em_armgcc/bin/../lib/gcc/arm-none-eabi/4.7.3/../../../../arm-none-eabi/lib/armv7e-m/fpu/rdimon-crt0.o (exit)
c:/program files (x86)/emblocks/2.30/share/em_armgcc/bin/../lib/gcc/arm-none-eabi/4.7.3/../../../../arm-none-eabi/lib/armv7e-m/fpu\libc_f.a(lib_a-findfp.o)
                              c:/program files (x86)/emblocks/2.30/share/em_armgcc/bin/../lib/gcc/arm-none-eabi/4.7.3/../../../../arm-none-eabi/lib/armv7e-m/fpu\librdimon.a(rdimon-syscalls.o) (__sinit)
c:/program files (x86)/emblocks/2.30/share/em_armgcc/bin/../lib/gcc/arm-none-eabi/4.7.3/../../../../arm-none-eabi/lib/armv7e-m/fpu\libc_f.a(lib_a-fwalk.o)
                              c:/program files (x86)/emblocks/2.30/share/em_armgcc/bin/../lib/gcc/arm-none-eabi/4.7.3/../../../../arm-none-eabi/lib/armv7e-m/fpu\libc_f.a(lib_a-findfp.o) (_fwalk)
c:/program files (x86)/emblocks/2.30/share/em_armgcc/bin/../lib/gcc/arm-none-eabi/4.7.3/../../../../arm-none-eabi/lib/armv7e-m/fpu\libc_f.a(lib_a-impure.o)
                              c:/program files (x86)/emblocks/2.30/share/em_armgcc/bin/../lib/gcc/arm-none-eabi/4.7.3/../../../../arm-none-eabi/lib/armv7e-m/fpu\libc_f.a(lib_a-exit.o) (_global_impure_ptr)
c:/program files (x86)/emblocks/2.30/share/em_armgcc/bin/../lib/gcc/arm-none-eabi/4.7.3/../../../../arm-none-eabi/lib/armv7e-m/fpu\libc_f.a(lib_a-init.o)
                              c:/program files (x86)/emblocks/2.30/share/em_armgcc/bin/../lib/gcc/arm-none-eabi/4.7.3/../../../../arm-none-eabi/lib/armv7e-m/fpu/rdimon-crt0.o (__libc_init_array)
c:/program files (x86)/emblocks/2.30/share/em_armgcc/bin/../lib/gcc/arm-none-eabi/4.7.3/../../../../arm-none-eabi/lib/armv7e-m/fpu\libc_f.a(lib_a-mallocr.o)
                              c:/program files (x86)/emblocks/2.30/share/em_armgcc/bin/../lib/gcc/arm-none-eabi/4.7.3/../../../../arm-none-eabi/lib/armv7e-m/fpu\libc_f.a(lib_a-findfp.o) (_malloc_r)
c:/program files (x86)/emblocks/2.30/share/em_armgcc/bin/../lib/gcc/arm-none-eabi/4.7.3/../../../../arm-none-eabi/lib/armv7e-m/fpu\libc_f.a(lib_a-memcpy.o)
                              obj\debug\robot\communication.o (memcpy)
c:/program files (x86)/emblocks/2.30/share/em_armgcc/bin/../lib/gcc/arm-none-eabi/4.7.3/../../../../arm-none-eabi/lib/armv7e-m/fpu\libc_f.a(lib_a-memset.o)
                              c:/program files (x86)/emblocks/2.30/share/em_armgcc/bin/../lib/gcc/arm-none-eabi/4.7.3/../../../../arm-none-eabi/lib/armv7e-m/fpu/rdimon-crt0.o (memset)
c:/program files (x86)/emblocks/2.30/share/em_armgcc/bin/../lib/gcc/arm-none-eabi/4.7.3/../../../../arm-none-eabi/lib/armv7e-m/fpu\libc_f.a(lib_a-mlock.o)
[...]
Memory Configuration

Name             Origin             Length             Attributes
ROM              0x08000000         0x00100000         xr
RAM              0x20000000         0x00020000         xrw
CCRAM            0x10000000         0x00010000         xrw
*default*        0x00000000         0xffffffff

Linker script and memory map

LOAD c:/program files (x86)/emblocks/2.30/share/em_armgcc/bin/../lib/gcc/arm-none-eabi/4.7.3/../../../../arm-none-eabi/lib/armv7e-m/fpu\librdimon.a
LOAD c:/program files (x86)/emblocks/2.30/share/em_armgcc/bin/../lib/gcc/arm-none-eabi/4.7.3/armv7e-m/fpu/crti.o
LOAD c:/program files (x86)/emblocks/2.30/share/em_armgcc/bin/../lib/gcc/arm-none-eabi/4.7.3/armv7e-m/fpu/crtbegin.o
LOAD c:/program files (x86)/emblocks/2.30/share/em_armgcc/bin/../lib/gcc/arm-none-eabi/4.7.3/../../../../arm-none-eabi/lib/armv7e-m/fpu/rdimon-crt0.o
                0x00000000                __HEAP_SIZE = 0x0
                0x00000100                __STACK_SIZE = 0x100

.text           0x08000000    0x14564
 *(.isr_vector)
 .isr_vector    0x08000000      0x188 obj\debug\src\startup_stm32f4xx.o
                0x08000000                __isr_vector
 *(.text*)
 .text          0x08000188       0x54 c:/program files (x86)/emblocks/2.30/share/em_armgcc/bin/../lib/gcc/arm-none-eabi/4.7.3/armv7e-m/fpu/crtbegin.o
 .text          0x080001dc       0xdc c:/program files (x86)/emblocks/2.30/share/em_armgcc/bin/../lib/gcc/arm-none-eabi/4.7.3/../../../../arm-none-eabi/lib/armv7e-m/fpu/rdimon-crt0.o
                0x080001dc                _start
                0x080001dc                _mainCRTStartup
 .text.adcConfig
                0x080002b8      0x21c obj\debug\board\adc.o
                0x080002b8                adcConfig
 .text.NVIC_EnableIRQ
                0x080004d4       0x38 obj\debug\board\board.o
 .text.NVIC_SetPriority
                0x0800050c       0x5c obj\debug\board\board.o
 .text.SysTick_Config
                0x08000568       0x64 obj\debug\board\board.o
 .text.setPWM   0x080005cc       0x84 obj\debug\board\board.o
                0x080005cc                setPWM
 .text.setVoltageMaxon
                0x08000650      0x198 obj\debug\board\board.o
                0x08000650                setVoltageMaxon
 .text.setSpeedMaxon
                0x080007e8       0xc8 obj\debug\board\board.o
                0x080007e8                setSpeedMaxon
 .text.add_ext_interrupt
                0x080008b0      0x180 obj\debug\board\board.o
                0x080008b0                add_ext_interrupt
 .text.clear_ext_interrupt
                0x08000a30       0x90 obj\debug\board\board.o
                0x08000a30                clear_ext_interrupt
 .text.initAll  0x08000ac0     0x1d14 obj\debug\board\board.o
                0x08000ac0                initAll
 .text.NVIC_EnableIRQ
                0x080027d4       0x38 obj\debug\board\interrupts.o
 .text.NVIC_DisableIRQ
                0x0800280c       0x3c obj\debug\board\interrupts.o
 .text.TIM2_IRQHandler
                0x08002848        0xc obj\debug\board\interrupts.o
                0x08002848                TIM2_IRQHandler
 .text.TIM6_DAC_IRQHandler
                0x08002854      0x26c obj\debug\board\interrupts.o
                0x08002854                TIM6_DAC_IRQHandler
 .text.TIM7_IRQHandler
                0x08002ac0       0x18 obj\debug\board\interrupts.o
                0x08002ac0                TIM7_IRQHandler
 .text.TIM8_UP_TIM13_IRQHandler
                0x08002ad8      0x2f8 obj\debug\board\interrupts.o
                0x08002ad8                TIM8_UP_TIM13_IRQHandler
 .text.EXTI0_IRQHandler
                0x08002dd0       0x74 obj\debug\board\interrupts.o
                0x08002dd0                EXTI0_IRQHandler
 .text.EXTI1_IRQHandler
                0x08002e44       0x24 obj\debug\board\interrupts.o
                0x08002e44                EXTI1_IRQHandler
 .text.EXTI2_IRQHandler
                0x08002e68       0x24 obj\debug\board\interrupts.o
                0x08002e68                EXTI2_IRQHandler
 .text.EXTI3_IRQHandler
                0x08002e8c       0x24 obj\debug\board\interrupts.o
                0x08002e8c                EXTI3_IRQHandler
 .text.EXTI4_IRQHandler
                0x08002eb0       0x24 obj\debug\board\interrupts.o
                0x08002eb0                EXTI4_IRQHandler
 .text.EXTI9_5_IRQHandler
                0x08002ed4       0x7c obj\debug\board\interrupts.o
                0x08002ed4                EXTI9_5_IRQHandler
 .text.EXTI15_10_IRQHandler
                0x08002f50       0x9c obj\debug\board\interrupts.o
                0x08002f50                EXTI15_10_IRQHandler
 .text.DMA2_Stream0_IRQHandler
                0x08002fec       0x24 obj\debug\board\interrupts.o
                0x08002fec                DMA2_Stream0_IRQHandler
 .text.timEncoderConfigure
                0x08003010       0x44 obj\debug\board\tim.o
                0x08003010                timEncoderConfigure
 .text.timPWMConfigure
                0x08003054       0xfc obj\debug\board\tim.o
                0x08003054                timPWMConfigure
 .text.timPIDConfigure
                0x08003150       0x48 obj\debug\board\tim.o
                0x08003150                timPIDConfigure
 .text.NVIC_EnableIRQ
                0x08003198       0x38 obj\debug\board\usart.o
 .text.packetCheck
                0x080031d0       0x5c obj\debug\board\usart.o
                0x080031d0                packetCheck
 .text.DMA1_Stream5_IRQHandler
                0x0800322c       0x18 obj\debug\board\usart.o
                0x0800322c                DMA1_Stream5_IRQHandler
 .text.uartInit
                0x08003244      0x138 obj\debug\board\usart.o
                0x08003244                uartInit
 .text.configUsart1TXDMA
                0x0800337c      0x148 obj\debug\board\usart.o
                0x0800337c                configUsart1TXDMA
 .text.configUsart1RXDMA
                0x080034c4      0x114 obj\debug\board\usart.o
                0x080034c4                configUsart1RXDMA
 .text.putchar  0x080035d8       0x1c obj\debug\board\usart.o
                0x080035d8                putchar
 .text.DMA1_Stream3_IRQHandler
                0x080035f4      0x324 obj\debug\board\usart.o
                0x080035f4                DMA1_Stream3_IRQHandler
 .text.USART1_IRQHandler
                0x08003918      0x140 obj\debug\board\usart.o
                0x08003918                USART1_IRQHandler
 .text.DMA2_Stream2_IRQHandler
                0x08003a58      0x11c obj\debug\board\usart.o
                0x08003a58                DMA2_Stream2_IRQHandler
 .text.usbd_cdc_Init
                0x08003b74       0x94 obj\debug\library\cdc\src\usbd_cdc_core.o
                0x08003b74                usbd_cdc_Init
 .text.usbd_cdc_DeInit
                0x08003c08       0x44 obj\debug\library\cdc\src\usbd_cdc_core.o
                0x08003c08                usbd_cdc_DeInit
 .text.usbd_cdc_Setup
                0x08003c4c      0x130 obj\debug\library\cdc\src\usbd_cdc_core.o
                0x08003c4c                usbd_cdc_Setup
 .text.usbd_cdc_EP0_RxReady
                0x08003d7c       0x60 obj\debug\library\cdc\src\usbd_cdc_core.o
                0x08003d7c                usbd_cdc_EP0_RxReady
 .text.usbd_cdc_DataIn
                0x08003ddc      0x140 obj\debug\library\cdc\src\usbd_cdc_core.o
                0x08003ddc                usbd_cdc_DataIn
 .text.usbd_cdc_DataOut
                0x08003f1c       0x64 obj\debug\library\cdc\src\usbd_cdc_core.o
                0x08003f1c                usbd_cdc_DataOut
 .text.usbd_cdc_SOF
                0x08003f80       0x50 obj\debug\library\cdc\src\usbd_cdc_core.o
                0x08003f80                usbd_cdc_SOF
 .text.Handle_USBAsynchXfer
                0x08003fd0      0x19c obj\debug\library\cdc\src\usbd_cdc_core.o
 .text.USBD_cdc_GetCfgDesc
                0x0800416c       0x28 obj\debug\library\cdc\src\usbd_cdc_core.o
 .text.USB_OTG_EnableCommonInt
                0x08004194       0x44 obj\debug\library\core\src\usb_core.o
 .text.USB_OTG_CoreReset
                0x080041d8       0xa8 obj\debug\library\core\src\usb_core.o
 .text.USB_OTG_WritePacket
                0x08004280       0x88 obj\debug\library\core\src\usb_core.o
                0x08004280                USB_OTG_WritePacket
 .text.USB_OTG_ReadPacket
                0x08004308       0x68 obj\debug\library\core\src\usb_core.o
                0x08004308                USB_OTG_ReadPacket
 .text.USB_OTG_SelectCore
                0x08004370      0x1b4 obj\debug\library\core\src\usb_core.o
                0x08004370                USB_OTG_SelectCore
 .text.USB_OTG_CoreInit
                0x08004524      0x148 obj\debug\library\core\src\usb_core.o
                0x08004524                USB_OTG_CoreInit
 .text.USB_OTG_EnableGlobalInt
                0x0800466c       0x3c obj\debug\library\core\src\usb_core.o
                0x0800466c                USB_OTG_EnableGlobalInt
 .text.USB_OTG_DisableGlobalInt
                0x080046a8       0x40 obj\debug\library\core\src\usb_core.o
                0x080046a8                USB_OTG_DisableGlobalInt
 .text.USB_OTG_FlushTxFifo
                0x080046e8       0x80 obj\debug\library\core\src\usb_core.o
                0x080046e8                USB_OTG_FlushTxFifo
 .text.USB_OTG_FlushRxFifo
                0x08004768       0x6c obj\debug\library\core\src\usb_core.o
                0x08004768                USB_OTG_FlushRxFifo
 .text.USB_OTG_SetCurrentMode
                0x080047d4       0x64 obj\debug\library\core\src\usb_core.o
                0x080047d4                USB_OTG_SetCurrentMode
 .text.USB_OTG_GetMode
                0x08004838       0x20 obj\debug\library\core\src\usb_core.o
                0x08004838                USB_OTG_GetMode
 .text.USB_OTG_IsDeviceMode
                0x08004858       0x24 obj\debug\library\core\src\usb_core.o
                0x08004858                USB_OTG_IsDeviceMode
 .text.USB_OTG_ReadCoreItr
                0x0800487c       0x30 obj\debug\library\core\src\usb_core.o
                0x0800487c                USB_OTG_ReadCoreItr
 .text.USB_OTG_InitDevSpeed
                0x080048ac       0x38 obj\debug\library\core\src\usb_core.o
                0x080048ac                USB_OTG_InitDevSpeed
 .text.USB_OTG_CoreInitDev
                0x080048e4      0x2d8 obj\debug\library\core\src\usb_core.o
                0x080048e4                USB_OTG_CoreInitDev
 .text.USB_OTG_EnableDevInt
                0x08004bbc       0xb4 obj\debug\library\core\src\usb_core.o
                0x08004bbc                USB_OTG_EnableDevInt
 .text.USB_OTG_GetDeviceSpeed
                0x08004c70       0x68 obj\debug\library\core\src\usb_core.o
                0x08004c70                USB_OTG_GetDeviceSpeed
 .text.USB_OTG_EP0Activate
                0x08004cd8       0xa0 obj\debug\library\core\src\usb_core.o
                0x08004cd8                USB_OTG_EP0Activate
 .text.USB_OTG_EPActivate
                0x08004d78       0xf8 obj\debug\library\core\src\usb_core.o
                0x08004d78                USB_OTG_EPActivate
 .text.USB_OTG_EPDeactivate
                0x08004e70       0xa4 obj\debug\library\core\src\usb_core.o
                0x08004e70                USB_OTG_EPDeactivate
 .text.USB_OTG_EPStartXfer
                0x08004f14      0x2dc obj\debug\library\core\src\usb_core.o
                0x08004f14                USB_OTG_EPStartXfer
 .text.USB_OTG_EP0StartXfer
                0x080051f0      0x1ec obj\debug\library\core\src\usb_core.o
                0x080051f0                USB_OTG_EP0StartXfer
 .text.USB_OTG_EPSetStall
                0x080053dc       0x94 obj\debug\library\core\src\usb_core.o
                0x080053dc                USB_OTG_EPSetStall
 .text.USB_OTG_EPClearStall
                0x08005470       0x84 obj\debug\library\core\src\usb_core.o
                0x08005470                USB_OTG_EPClearStall
 .text.USB_OTG_ReadDevAllOutEp_itr
                0x080054f4       0x30 obj\debug\library\core\src\usb_core.o
                0x080054f4                USB_OTG_ReadDevAllOutEp_itr
 .text.USB_OTG_ReadDevOutEP_itr
                0x08005524       0x3c obj\debug\library\core\src\usb_core.o
                0x08005524                USB_OTG_ReadDevOutEP_itr
 .text.USB_OTG_ReadDevAllInEPItr
                0x08005560       0x34 obj\debug\library\core\src\usb_core.o
                0x08005560                USB_OTG_ReadDevAllInEPItr
 .text.USB_OTG_EP0_OutStart
                0x08005594       0x74 obj\debug\library\core\src\usb_core.o
                0x08005594                USB_OTG_EP0_OutStart
 .text.DCD_Init
                0x08005608      0x134 obj\debug\library\core\src\usb_dcd.o
                0x08005608                DCD_Init
 .text.DCD_EP_Open
                0x0800573c       0xb4 obj\debug\library\core\src\usb_dcd.o
                0x0800573c                DCD_EP_Open
 .text.DCD_EP_Close
                0x080057f0       0x88 obj\debug\library\core\src\usb_dcd.o
                0x080057f0                DCD_EP_Close
 .text.DCD_EP_PrepareRx
                0x08005878       0x90 obj\debug\library\core\src\usb_dcd.o
                0x08005878                DCD_EP_PrepareRx
 .text.DCD_EP_Tx
                0x08005908       0x88 obj\debug\library\core\src\usb_dcd.o
                0x08005908                DCD_EP_Tx
 .text.DCD_EP_Stall
                0x08005990       0x8c obj\debug\library\core\src\usb_dcd.o
                0x08005990                DCD_EP_Stall
 .text.DCD_EP_ClrStall
                0x08005a1c       0x8c obj\debug\library\core\src\usb_dcd.o
                0x08005a1c                DCD_EP_ClrStall
 .text.DCD_EP_SetAddress
                0x08005aa8       0x3c obj\debug\library\core\src\usb_dcd.o
                0x08005aa8                DCD_EP_SetAddress
 .text.USBD_OTG_ISR_Handler
                0x08005ae4      0x198 obj\debug\library\core\src\usb_dcd_int.o
                0x08005ae4                USBD_OTG_ISR_Handler
 .text.DCD_SessionRequest_ISR
                0x08005c7c       0x3c obj\debug\library\core\src\usb_dcd_int.o
 .text.DCD_OTG_ISR
                0x08005cb8       0x44 obj\debug\library\core\src\usb_dcd_int.o
 .text.DCD_HandleResume_ISR
                0x08005cfc       0x8c obj\debug\library\core\src\usb_dcd_int.o
 .text.DCD_HandleUSBSuspend_ISR
                0x08005d88       0xd0 obj\debug\library\core\src\usb_dcd_int.o
 .text.DCD_HandleInEP_ISR
                0x08005e58      0x1b0 obj\debug\library\core\src\usb_dcd_int.o
 .text.DCD_HandleOutEP_ISR
                0x08006008      0x184 obj\debug\library\core\src\usb_dcd_int.o
 .text.DCD_HandleSof_ISR
                0x0800618c       0x3c obj\debug\library\core\src\usb_dcd_int.o
 .text.DCD_HandleRxStatusQueueLevel_ISR
                0x080061c8      0x118 obj\debug\library\core\src\usb_dcd_int.o
 .text.DCD_WriteEmptyTxFifo
                0x080062e0      0x130 obj\debug\library\core\src\usb_dcd_int.o
 .text.DCD_HandleUsbReset_ISR
                0x08006410      0x158 obj\debug\library\core\src\usb_dcd_int.o
 .text.DCD_HandleEnumDone_ISR
                0x08006568      0x22c obj\debug\library\core\src\usb_dcd_int.o
 .text.DCD_IsoINIncomplete_ISR
                0x08006794       0x3c obj\debug\library\core\src\usb_dcd_int.o
 .text.DCD_IsoOUTIncomplete_ISR
                0x080067d0       0x3c obj\debug\library\core\src\usb_dcd_int.o
 .text.DCD_ReadDevInEP
                0x0800680c       0x58 obj\debug\library\core\src\usb_dcd_int.o
 .text.USBD_Init
                0x08006864       0x58 obj\debug\library\core\src\usbd_core.o
                0x08006864                USBD_Init
 .text.USBD_DeInit
                0x080068bc       0x18 obj\debug\library\core\src\usbd_core.o
                0x080068bc                USBD_DeInit
 .text.USBD_SetupStage
                0x080068d4       0x70 obj\debug\library\core\src\usbd_core.o
 .text.USBD_DataOutStage
                0x08006944       0xd4 obj\debug\library\core\src\usbd_core.o
 .text.USBD_DataInStage
                0x08006a18      0x150 obj\debug\library\core\src\usbd_core.o
 .text.USBD_RunTestMode
                0x08006b68       0x28 obj\debug\library\core\src\usbd_core.o
 .text.USBD_Reset
                0x08006b90       0x54 obj\debug\library\core\src\usbd_core.o
 .text.USBD_Resume
                0x08006be4       0x38 obj\debug\library\core\src\usbd_core.o
 .text.USBD_Suspend
                0x08006c1c       0x38 obj\debug\library\core\src\usbd_core.o
 .text.USBD_SOF
                0x08006c54       0x30 obj\debug\library\core\src\usbd_core.o
 .text.USBD_SetCfg
                0x08006c84       0x34 obj\debug\library\core\src\usbd_core.o
                0x08006c84                USBD_SetCfg
 .text.USBD_ClrCfg
                0x08006cb8       0x2c obj\debug\library\core\src\usbd_core.o
                0x08006cb8                USBD_ClrCfg
 .text.USBD_IsoINIncomplete
                0x08006ce4       0x24 obj\debug\library\core\src\usbd_core.o
 .text.USBD_IsoOUTIncomplete
                0x08006d08       0x24 obj\debug\library\core\src\usbd_core.o
 .text.USBD_DevConnected
                0x08006d2c       0x2c obj\debug\library\core\src\usbd_core.o
 .text.USBD_DevDisconnected
                0x08006d58       0x3c obj\debug\library\core\src\usbd_core.o
 .text.USBD_CtlSendData
                0x08006d94       0x48 obj\debug\library\core\src\usbd_ioreq.o
                0x08006d94                USBD_CtlSendData
 .text.USBD_CtlContinueSendData
                0x08006ddc       0x30 obj\debug\library\core\src\usbd_ioreq.o
                0x08006ddc                USBD_CtlContinueSendData
 .text.USBD_CtlPrepareRx
                0x08006e0c       0x48 obj\debug\library\core\src\usbd_ioreq.o
                0x08006e0c                USBD_CtlPrepareRx
 .text.USBD_CtlContinueRx
                0x08006e54       0x30 obj\debug\library\core\src\usbd_ioreq.o
                0x08006e54                USBD_CtlContinueRx
 .text.USBD_CtlSendStatus
                0x08006e84       0x3c obj\debug\library\core\src\usbd_ioreq.o
                0x08006e84                USBD_CtlSendStatus
 .text.USBD_CtlReceiveStatus
                0x08006ec0       0x3c obj\debug\library\core\src\usbd_ioreq.o
                0x08006ec0                USBD_CtlReceiveStatus
 .text.USBD_StdDevReq
                0x08006efc       0xa4 obj\debug\library\core\src\usbd_req.o
                0x08006efc                USBD_StdDevReq
 .text.USBD_StdItfReq
                0x08006fa0       0x6c obj\debug\library\core\src\usbd_req.o
                0x08006fa0                USBD_StdItfReq
 .text.USBD_StdEPReq
                0x0800700c      0x200 obj\debug\library\core\src\usbd_req.o
                0x0800700c                USBD_StdEPReq
 .text.USBD_GetDescriptor
                0x0800720c      0x1b0 obj\debug\library\core\src\usbd_req.o
 .text.USBD_SetAddress
                0x080073bc       0x80 obj\debug\library\core\src\usbd_req.o
 .text.USBD_SetConfig
                0x0800743c      0x134 obj\debug\library\core\src\usbd_req.o
 .text.USBD_GetConfig
                0x08007570       0x68 obj\debug\library\core\src\usbd_req.o
 .text.USBD_GetStatus
                0x080075d8       0x70 obj\debug\library\core\src\usbd_req.o
 .text.USBD_SetFeature
                0x08007648       0xfc obj\debug\library\core\src\usbd_req.o
 .text.USBD_ClrFeature
                0x08007744       0x58 obj\debug\library\core\src\usbd_req.o
 .text.USBD_ParseSetupRequest
                0x0800779c       0x94 obj\debug\library\core\src\usbd_req.o
                0x0800779c                USBD_ParseSetupRequest
 .text.USBD_CtlError
                0x08007830       0x2c obj\debug\library\core\src\usbd_req.o
                0x08007830                USBD_CtlError
 .text.USBD_GetString
                0x0800785c       0x9c obj\debug\library\core\src\usbd_req.o
                0x0800785c                USBD_GetString
 .text.USBD_GetLen
                0x080078f8       0x38 obj\debug\library\core\src\usbd_req.o
 .text.pushByte
                0x08007930      0x1b0 obj\debug\robot\communication.o
                0x08007930                pushByte
 .text.sendAnswer
                0x08007ae0      0x1b8 obj\debug\robot\communication.o
                0x08007ae0                sendAnswer
 .text.CRC16_BUYPASS
                0x08007c98       0x8c obj\debug\robot\dynamixel_control.o
                0x08007c98                CRC16_BUYPASS
 .text.sendServoCommand
                0x08007d24      0x254 obj\debug\robot\dynamixel_control.o
                0x08007d24                sendServoCommand
 .text.getServoResponse
                0x08007f78      0x228 obj\debug\robot\dynamixel_control.o
                0x08007f78                getServoResponse
 .text.getAndCheckResponse
                0x080081a0       0x58 obj\debug\robot\dynamixel_control.o
                0x080081a0                getAndCheckResponse
 .text.setServoMovingSpeed
                0x080081f8       0xb4 obj\debug\robot\dynamixel_control.o
                0x080081f8                setServoMovingSpeed
 *fill*         0x080082ac        0x4 
 .text.setServoAngle
                0x080082b0       0xb0 obj\debug\robot\dynamixel_control.o
                0x080082b0                setServoAngle
 .text.setServoCWAngleLimit
                0x08008360       0x7c obj\debug\robot\dynamixel_control.o
                0x08008360                setServoCWAngleLimit
 .text.setServoCCWAngleLimit
                0x080083dc       0x64 obj\debug\robot\dynamixel_control.o
                0x080083dc                setServoCCWAngleLimit
 .text.sendServoByte
                0x08008440       0x3c obj\debug\robot\dynamixel_control.o
                0x08008440                sendServoByte
 .text.clearServoReceiveBuffer
                0x0800847c       0x20 obj\debug\robot\dynamixel_control.o
                0x0800847c                clearServoReceiveBuffer
 .text.getServoBytesAvailable
                0x0800849c       0x44 obj\debug\robot\dynamixel_control.o
                0x0800849c                getServoBytesAvailable
 .text.getServoByte
                0x080084e0       0x58 obj\debug\robot\dynamixel_control.o
                0x080084e0                getServoByte
 .text.USART3_IRQHandler
                0x08008538       0x80 obj\debug\robot\dynamixel_control.o
                0x08008538                USART3_IRQHandler
 .text.manip_core
                0x080085b8      0x32c obj\debug\robot\manipulators.o
                0x080085b8                manip_core
 .text.softDelay
                0x080088e4       0x24 obj\debug\robot\manipulators.o
                0x080088e4                softDelay
 .text.goInsideWithSuckingManipulator
                0x08008908       0x38 obj\debug\robot\manipulators.o
                0x08008908                goInsideWithSuckingManipulator
 .text.goInsideButDifferentRotate
                0x08008940       0x38 obj\debug\robot\manipulators.o
                0x08008940                goInsideButDifferentRotate
 .text.goOutsideWithSuckingManipulator
                0x08008978       0x24 obj\debug\robot\manipulators.o
                0x08008978                goOutsideWithSuckingManipulator
 *fill*         0x0800899c        0x4 
 .text.getCurrentColor
                0x080089a0      0x2b8 obj\debug\robot\manipulators.o
                0x080089a0                getCurrentColor
 .text.getCurrentEncoderAngle
                0x08008c58      0x240 obj\debug\robot\manipulators.o
                0x08008c58                getCurrentEncoderAngle
 .text.filtrating
                0x08008e98       0xb8 obj\debug\robot\manipulators.o
                0x08008e98                filtrating
 .text.setPositionOfCylinderCarrier
                0x08008f50      0x270 obj\debug\robot\manipulators.o
                0x08008f50                setPositionOfCylinderCarrier
 .text.setPositionOfCylinderCarrierByTime
                0x080091c0      0x1d8 obj\debug\robot\manipulators.o
                0x080091c0                setPositionOfCylinderCarrierByTime
 .text.increaseByGivenAngle
                0x08009398       0x30 obj\debug\robot\manipulators.o
                0x08009398                increaseByGivenAngle
 .text.decreaseByGivenAngle
                0x080093c8       0x30 obj\debug\robot\manipulators.o
                0x080093c8                decreaseByGivenAngle
 .text.servo_elevate_in
                0x080093f8       0x14 obj\debug\robot\manipulators.o
                0x080093f8                servo_elevate_in
 .text.servo_elevate_out
                0x0800940c       0x14 obj\debug\robot\manipulators.o
                0x0800940c                servo_elevate_out
 .text.servo_rotate_90
                0x08009420       0x20 obj\debug\robot\manipulators.o
                0x08009420                servo_rotate_90
 .text.servo_rotate_180
                0x08009440       0x20 obj\debug\robot\manipulators.o
                0x08009440                servo_rotate_180
 .text.encodermagner
                0x08009460      0x17c obj\debug\robot\manipulators.o
                0x08009460                encodermagner
 .text.switchOnPneumo
                0x080095dc       0x20 obj\debug\robot\manipulators.o
                0x080095dc                switchOnPneumo
 .text.switchOffPneumo
                0x080095fc       0x20 obj\debug\robot\manipulators.o
                0x080095fc                switchOffPneumo
 .text.removePoint
                0x0800961c       0xcc obj\debug\robot\regulator.o
                0x0800961c                removePoint
 .text.addPointInFrontOfQueue
                0x080096e8      0x124 obj\debug\robot\regulator.o
                0x080096e8                addPointInFrontOfQueue
 .text.initRegulators
                0x0800980c       0xcc obj\debug\robot\regulator.o
                0x0800980c                initRegulators
 .text.MaxValue
                0x080098d8       0x80 obj\debug\robot\regulator.o
                0x080098d8                MaxValue
 .text.FunctionalRegulator
                0x08009958      0x228 obj\debug\robot\regulator.o
                0x08009958                FunctionalRegulator
 .text.Regulate
                0x08009b80      0x1b8 obj\debug\robot\regulator.o
                0x08009b80                Regulate
 .text.TrackRegulator
                0x08009d38      0x1d8 obj\debug\robot\regulator.o
                0x08009d38                TrackRegulator
 .text.rangeAngle
                0x08009f10      0x100 obj\debug\robot\regulator.o
                0x08009f10                rangeAngle
 .text.RotMoving
                0x0800a010      0x13c obj\debug\robot\regulator.o
                0x0800a010                RotMoving
 .text.Moving   0x0800a14c       0xd4 obj\debug\robot\regulator.o
                0x0800a14c                Moving
 .text.pidCalc  0x0800a220      0x1e8 obj\debug\robot\regulator.o
                0x0800a220                pidCalc
 .text.GetDataForRegulators
                0x0800a408      0x3b0 obj\debug\robot\regulator.o
                0x0800a408                GetDataForRegulators
 .text.CreatePath
                0x0800a7b8      0x200 obj\debug\robot\regulator.o
                0x0800a7b8                CreatePath
 .text.matrixCopy
                0x0800a9b8       0x7c obj\debug\robot\matrix.o
                0x0800a9b8                matrixCopy
 .text.matrixMultiplyM2M
                0x0800aa34       0xe4 obj\debug\robot\matrix.o
                0x0800aa34                matrixMultiplyM2M
 .text.matrixMultiplyS2M
                0x0800ab18       0x8c obj\debug\robot\matrix.o
                0x0800ab18                matrixMultiplyS2M
 .text.matrixPlusMinus
                0x0800aba4      0x128 obj\debug\robot\matrix.o
                0x0800aba4                matrixPlusMinus
 .text.matrixTranspose
                0x0800accc       0x7c obj\debug\robot\matrix.o
                0x0800accc                matrixTranspose
 .text.execCommand
                0x0800ad48     0x2e64 obj\debug\robot\robot.o
                0x0800ad48                execCommand
 .text.NMI_Handler
                0x0800dbac        0xc obj\debug\usb app\stm32fxxx_it.o
                0x0800dbac                NMI_Handler
 .text.HardFault_Handler
                0x0800dbb8        0x8 obj\debug\usb app\stm32fxxx_it.o
                0x0800dbb8                HardFault_Handler
 .text.MemManage_Handler
                0x0800dbc0        0x8 obj\debug\usb app\stm32fxxx_it.o
                0x0800dbc0                MemManage_Handler
 .text.BusFault_Handler
                0x0800dbc8        0x8 obj\debug\usb app\stm32fxxx_it.o
                0x0800dbc8                BusFault_Handler
 .text.UsageFault_Handler
                0x0800dbd0        0x8 obj\debug\usb app\stm32fxxx_it.o
                0x0800dbd0                UsageFault_Handler
 .text.SVC_Handler
                0x0800dbd8        0xc obj\debug\usb app\stm32fxxx_it.o
                0x0800dbd8                SVC_Handler
 .text.DebugMon_Handler
                0x0800dbe4        0xc obj\debug\usb app\stm32fxxx_it.o
                0x0800dbe4                DebugMon_Handler
 .text.PendSV_Handler
                0x0800dbf0        0xc obj\debug\usb app\stm32fxxx_it.o
                0x0800dbf0                PendSV_Handler
 .text.OTG_FS_IRQHandler
                0x0800dbfc       0x14 obj\debug\usb app\stm32fxxx_it.o
                0x0800dbfc                OTG_FS_IRQHandler
 .text.USB_OTG_BSP_Init
                0x0800dc10      0x110 obj\debug\usb app\usb_bsp.o
                0x0800dc10                USB_OTG_BSP_Init
 .text.USB_OTG_BSP_EnableInterrupt
                0x0800dd20       0x3c obj\debug\usb app\usb_bsp.o
                0x0800dd20                USB_OTG_BSP_EnableInterrupt
 .text.USB_OTG_BSP_uDelay
                0x0800dd5c       0x58 obj\debug\usb app\usb_bsp.o
                0x0800dd5c                USB_OTG_BSP_uDelay
 .text.USB_OTG_BSP_mDelay
                0x0800ddb4       0x20 obj\debug\usb app\usb_bsp.o
                0x0800ddb4                USB_OTG_BSP_mDelay
 .text.VCP_Init
                0x0800ddd4       0x18 obj\debug\usb app\usbd_cdc_vcp.o
 .text.VCP_DeInit
                0x0800ddec       0x10 obj\debug\usb app\usbd_cdc_vcp.o
 .text.VCP_Ctrl
                0x0800ddfc      0x1bc obj\debug\usb app\usbd_cdc_vcp.o
 .text.VCP_DataTx
                0x0800dfb8       0x10 obj\debug\usb app\usbd_cdc_vcp.o
 .text.VCP_DataRx
                0x0800dfc8       0x40 obj\debug\usb app\usbd_cdc_vcp.o
 .text.VCP_COMConfig
                0x0800e008      0x150 obj\debug\usb app\usbd_cdc_vcp.o
 .text.USBD_USR_DeviceDescriptor
                0x0800e158       0x28 obj\debug\usb app\usbd_desc.o
                0x0800e158                USBD_USR_DeviceDescriptor
 .text.USBD_USR_LangIDStrDescriptor
                0x0800e180       0x28 obj\debug\usb app\usbd_desc.o
                0x0800e180                USBD_USR_LangIDStrDescriptor
 .text.USBD_USR_ProductStrDescriptor
                0x0800e1a8       0x54 obj\debug\usb app\usbd_desc.o
                0x0800e1a8                USBD_USR_ProductStrDescriptor
 .text.USBD_USR_ManufacturerStrDescriptor
                0x0800e1fc       0x34 obj\debug\usb app\usbd_desc.o
                0x0800e1fc                USBD_USR_ManufacturerStrDescriptor
 .text.USBD_USR_SerialStrDescriptor
                0x0800e230       0x2c obj\debug\usb app\usbd_desc.o
                0x0800e230                USBD_USR_SerialStrDescriptor
 .text.USBD_USR_ConfigStrDescriptor
                0x0800e25c       0x54 obj\debug\usb app\usbd_desc.o
                0x0800e25c                USBD_USR_ConfigStrDescriptor
 .text.USBD_USR_InterfaceStrDescriptor
                0x0800e2b0       0x54 obj\debug\usb app\usbd_desc.o
                0x0800e2b0                USBD_USR_InterfaceStrDescriptor
 .text.Get_SerialNum
                0x0800e304       0x60 obj\debug\usb app\usbd_desc.o
 .text.IntToUnicode
                0x0800e364       0x94 obj\debug\usb app\usbd_desc.o
 .text.USBD_USR_Init
                0x0800e3f8        0xc obj\debug\usb app\usbd_usr.o
                0x0800e3f8                USBD_USR_Init
 .text.USBD_USR_DeviceReset
                0x0800e404       0x14 obj\debug\usb app\usbd_usr.o
                0x0800e404                USBD_USR_DeviceReset
 .text.USBD_USR_DeviceConfigured
                0x0800e418        0xc obj\debug\usb app\usbd_usr.o
                0x0800e418                USBD_USR_DeviceConfigured
 .text.USBD_USR_DeviceSuspended
                0x0800e424        0xc obj\debug\usb app\usbd_usr.o
                0x0800e424                USBD_USR_DeviceSuspended
 .text.USBD_USR_DeviceResumed
                0x0800e430        0xc obj\debug\usb app\usbd_usr.o
                0x0800e430                USBD_USR_DeviceResumed
 .text.USBD_USR_DeviceConnected
                0x0800e43c        0xc obj\debug\usb app\usbd_usr.o
                0x0800e43c                USBD_USR_DeviceConnected
 .text.USBD_USR_DeviceDisconnected
                0x0800e448        0xc obj\debug\usb app\usbd_usr.o
                0x0800e448                USBD_USR_DeviceDisconnected
 .text.NVIC_PriorityGroupConfig
                0x0800e454       0x28 obj\debug\spl\src\misc.o
                0x0800e454                NVIC_PriorityGroupConfig
 .text.NVIC_Init
                0x0800e47c       0xe4 obj\debug\spl\src\misc.o
                0x0800e47c                NVIC_Init
 .text.GPIO_Init
                0x0800e560      0x144 obj\debug\spl\src\stm32f4xx_gpio.o
                0x0800e560                GPIO_Init
 .text.GPIO_PinAFConfig
                0x0800e6a4       0xa8 obj\debug\spl\src\stm32f4xx_gpio.o
                0x0800e6a4                GPIO_PinAFConfig
 .text.RCC_GetClocksFreq
                0x0800e74c      0x1cc obj\debug\spl\src\stm32f4xx_rcc.o
                0x0800e74c                RCC_GetClocksFreq
 .text.RCC_AHB1PeriphClockCmd
                0x0800e918       0x54 obj\debug\spl\src\stm32f4xx_rcc.o
                0x0800e918                RCC_AHB1PeriphClockCmd
 .text.RCC_AHB2PeriphClockCmd
                0x0800e96c       0x54 obj\debug\spl\src\stm32f4xx_rcc.o
                0x0800e96c                RCC_AHB2PeriphClockCmd
 .text.RCC_APB1PeriphClockCmd
                0x0800e9c0       0x54 obj\debug\spl\src\stm32f4xx_rcc.o
                0x0800e9c0                RCC_APB1PeriphClockCmd
 .text.RCC_APB2PeriphClockCmd
                0x0800ea14       0x54 obj\debug\spl\src\stm32f4xx_rcc.o
                0x0800ea14                RCC_APB2PeriphClockCmd
 .text.USART_SendData
                0x0800ea68       0x28 obj\debug\spl\src\stm32f4xx_usart.o
                0x0800ea68                USART_SendData
 .text.USART_ReceiveData
                0x0800ea90       0x24 obj\debug\spl\src\stm32f4xx_usart.o
                0x0800ea90                USART_ReceiveData
 .text.USART_GetFlagStatus
                0x0800eab4       0x40 obj\debug\spl\src\stm32f4xx_usart.o
                0x0800eab4                USART_GetFlagStatus
 .text.USART_GetITStatus
                0x0800eaf4       0xc4 obj\debug\spl\src\stm32f4xx_usart.o
                0x0800eaf4                USART_GetITStatus
 .text.NVIC_SetPriority
                0x0800ebb8       0x5c obj\debug\src\main.o
 .text.SysTick_Config
                0x0800ec14       0x64 obj\debug\src\main.o
 .text.SysTick_Handler
                0x0800ec78       0x24 obj\debug\src\main.o
                0x0800ec78                SysTick_Handler
 .text.main     0x0800ec9c       0xb4 obj\debug\src\main.o
                0x0800ec9c                main
 .text          0x0800ed50      0x108 obj\debug\src\startup_stm32f4xx.o
                0x0800ed50                Reset_Handler
                0x0800eda8                Default_Handler
                0x0800edaa                WWDG_IRQHandler
                0x0800edac                PVD_IRQHandler
                0x0800edae                TAMP_STAMP_IRQHandler
                0x0800edb0                RTC_WKUP_IRQHandler
                0x0800edb2                FLASH_IRQHandler
                0x0800edb4                RCC_IRQHandler
                0x0800edc0                DMA1_Stream0_IRQHandler
                0x0800edc2                DMA1_Stream1_IRQHandler
                0x0800edc4                DMA1_Stream2_IRQHandler
                0x0800edc8                DMA1_Stream4_IRQHandler
                0x0800edcc                DMA1_Stream6_IRQHandler
                0x0800edce                ADC_IRQHandler
                0x0800edd0                CAN1_TX_IRQHandler
                0x0800edd2                CAN1_RX0_IRQHandler
                0x0800edd4                CAN1_RX1_IRQHandler
                0x0800edd6                CAN1_SCE_IRQHandler
                0x0800edda                TIM1_BRK_TIM9_IRQHandler
                0x0800eddc                TIM1_UP_TIM10_IRQHandler
                0x0800edde                TIM1_TRG_COM_TIM11_IRQHandler
                0x0800ede0                TIM1_CC_IRQHandler
                0x0800ede4                TIM3_IRQHandler
                0x0800ede6                TIM4_IRQHandler
                0x0800ede8                I2C1_EV_IRQHandler
                0x0800edea                I2C1_ER_IRQHandler
                0x0800edec                I2C2_EV_IRQHandler
                0x0800edee                I2C2_ER_IRQHandler
                0x0800edf0                SPI1_IRQHandler
                0x0800edf2                SPI2_IRQHandler
                0x0800edf6                USART2_IRQHandler
                0x0800edfc                RTC_Alarm_IRQHandler
                0x0800edfe                OTG_FS_WKUP_IRQHandler
                0x0800ee00                TIM8_BRK_TIM12_IRQHandler
                0x0800ee04                TIM8_TRG_COM_TIM14_IRQHandler
                0x0800ee06                TIM8_CC_IRQHandler
                0x0800ee08                DMA1_Stream7_IRQHandler
                0x0800ee0a                FSMC_IRQHandler
                0x0800ee0c                SDIO_IRQHandler
                0x0800ee0e                TIM5_IRQHandler
                0x0800ee10                SPI3_IRQHandler
                0x0800ee12                UART4_IRQHandler
                0x0800ee14                UART5_IRQHandler
                0x0800ee1c                DMA2_Stream1_IRQHandler
                0x0800ee20                DMA2_Stream3_IRQHandler
                0x0800ee22                DMA2_Stream4_IRQHandler
                0x0800ee24                ETH_IRQHandler
                0x0800ee26                ETH_WKUP_IRQHandler
                0x0800ee28                CAN2_TX_IRQHandler
                0x0800ee2a                CAN2_RX0_IRQHandler
                0x0800ee2c                CAN2_RX1_IRQHandler
                0x0800ee2e                CAN2_SCE_IRQHandler
                0x0800ee32                DMA2_Stream5_IRQHandler
                0x0800ee34                DMA2_Stream6_IRQHandler
                0x0800ee36                DMA2_Stream7_IRQHandler
                0x0800ee38                USART6_IRQHandler
                0x0800ee3a                I2C3_EV_IRQHandler
                0x0800ee3c                I2C3_ER_IRQHandler
                0x0800ee3e                OTG_HS_EP1_OUT_IRQHandler
                0x0800ee40                OTG_HS_EP1_IN_IRQHandler
                0x0800ee42                OTG_HS_WKUP_IRQHandler
                0x0800ee44                OTG_HS_IRQHandler
                0x0800ee46                DCMI_IRQHandler
                0x0800ee48                CRYP_IRQHandler
                0x0800ee4a                HASH_RNG_IRQHandler
                0x0800ee4c                FPU_IRQHandler
 .text.SystemInit
                0x0800ee58       0xb0 obj\debug\src\system_stm32f4xx.o
                0x0800ee58                SystemInit
 .text.SetSysClock
                0x0800ef08      0x188 obj\debug\src\system_stm32f4xx.o
 .text.initialise_monitor_handles
                0x0800f090       0xa4 c:/program files (x86)/emblocks/2.30/share/em_armgcc/bin/../lib/gcc/arm-none-eabi/4.7.3/../../../../arm-none-eabi/lib/armv7e-m/fpu\librdimon.a(rdimon-syscalls.o)
                0x0800f090                initialise_monitor_handles
 .text          0x0800f134      0x370 c:/program files (x86)/emblocks/2.30/share/em_armgcc/bin/../lib/gcc/arm-none-eabi/4.7.3/armv7e-m/fpu\libgcc.a(_arm_addsubdf3.o)
                0x0800f134                __aeabi_drsub
                0x0800f13c                __aeabi_dsub
                0x0800f13c                __subdf3
                0x0800f140                __aeabi_dadd
                0x0800f140                __adddf3
                0x0800f3b8                __floatunsidf
                0x0800f3b8                __aeabi_ui2d
                0x0800f3d8                __floatsidf
                0x0800f3d8                __aeabi_i2d
                0x0800f3fc                __aeabi_f2d
                0x0800f3fc                __extendsfdf2
                0x0800f438                __floatundidf
                0x0800f438                __aeabi_ul2d
                0x0800f448                __floatdidf
                0x0800f448                __aeabi_l2d
 .text          0x0800f4a4      0x424 c:/program files (x86)/emblocks/2.30/share/em_armgcc/bin/../lib/gcc/arm-none-eabi/4.7.3/armv7e-m/fpu\libgcc.a(_arm_muldivdf3.o)
                0x0800f4a4                __aeabi_dmul
                0x0800f4a4                __muldf3
                0x0800f6f8                __divdf3
                0x0800f6f8                __aeabi_ddiv
 .text          0x0800f8c8      0x110 c:/program files (x86)/emblocks/2.30/share/em_armgcc/bin/../lib/gcc/arm-none-eabi/4.7.3/armv7e-m/fpu\libgcc.a(_arm_cmpdf2.o)
                0x0800f8c8                __gtdf2
                0x0800f8c8                __gedf2
                0x0800f8d0                __ltdf2
                0x0800f8d0                __ledf2
                0x0800f8d8                __nedf2
                0x0800f8d8                __eqdf2
                0x0800f8d8                __cmpdf2
                0x0800f954                __aeabi_cdrcmple
                0x0800f964                __aeabi_cdcmpeq
                0x0800f964                __aeabi_cdcmple
                0x0800f974                __aeabi_dcmpeq
                0x0800f988                __aeabi_dcmplt
                0x0800f99c                __aeabi_dcmple
                0x0800f9b0                __aeabi_dcmpge
                0x0800f9c4                __aeabi_dcmpgt
 .text          0x0800f9d8       0x50 c:/program files (x86)/emblocks/2.30/share/em_armgcc/bin/../lib/gcc/arm-none-eabi/4.7.3/armv7e-m/fpu\libgcc.a(_arm_fixdfsi.o)
                0x0800f9d8                __aeabi_d2iz
                0x0800f9d8                __fixdfsi
 .text          0x0800fa28       0x40 c:/program files (x86)/emblocks/2.30/share/em_armgcc/bin/../lib/gcc/arm-none-eabi/4.7.3/armv7e-m/fpu\libgcc.a(_arm_fixunsdfsi.o)
                0x0800fa28                __aeabi_d2uiz
                0x0800fa28                __fixunsdfsi
 .text          0x0800fa68       0xa0 c:/program files (x86)/emblocks/2.30/share/em_armgcc/bin/../lib/gcc/arm-none-eabi/4.7.3/armv7e-m/fpu\libgcc.a(_arm_truncdfsf2.o)
                0x0800fa68                __truncdfsf2
                0x0800fa68                __aeabi_d2f
 .text.__errno  0x0800fb08        0xc c:/program files (x86)/emblocks/2.30/share/em_armgcc/bin/../lib/gcc/arm-none-eabi/4.7.3/../../../../arm-none-eabi/lib/armv7e-m/fpu\libc_f.a(lib_a-errno.o)
                0x0800fb08                __errno
 .text.exit     0x0800fb14       0x20 c:/program files (x86)/emblocks/2.30/share/em_armgcc/bin/../lib/gcc/arm-none-eabi/4.7.3/../../../../arm-none-eabi/lib/armv7e-m/fpu\libc_f.a(lib_a-exit.o)
                0x0800fb14                exit
 .text.__libc_init_array
                0x0800fb34       0x50 c:/program files (x86)/emblocks/2.30/share/em_armgcc/bin/../lib/gcc/arm-none-eabi/4.7.3/../../../../arm-none-eabi/lib/armv7e-m/fpu\libc_f.a(lib_a-init.o)
                0x0800fb34                __libc_init_array
 .text          0x0800fb84      0x134 c:/program files (x86)/emblocks/2.30/share/em_armgcc/bin/../lib/gcc/arm-none-eabi/4.7.3/../../../../arm-none-eabi/lib/armv7e-m/fpu\libc_f.a(lib_a-memcpy.o)
                0x0800fb84                memcpy
 .text.memset   0x0800fcb8       0x98 c:/program files (x86)/emblocks/2.30/share/em_armgcc/bin/../lib/gcc/arm-none-eabi/4.7.3/../../../../arm-none-eabi/lib/armv7e-m/fpu\libc_f.a(lib_a-memset.o)
                0x0800fcb8                memset
 .text.strlen   0x0800fd50       0x60 c:/program files (x86)/emblocks/2.30/share/em_armgcc/bin/../lib/gcc/arm-none-eabi/4.7.3/../../../../arm-none-eabi/lib/armv7e-m/fpu\libc_f.a(lib_a-strlen.o)
                0x0800fd50                strlen
 .text.startup.register_fini
                0x0800fdb0       0x14 c:/program files (x86)/emblocks/2.30/share/em_armgcc/bin/../lib/gcc/arm-none-eabi/4.7.3/../../../../arm-none-eabi/lib/armv7e-m/fpu\libc_f.a(lib_a-__call_atexit.o)
 .text.__call_exitprocs
                0x0800fdc4      0x164 c:/program files (x86)/emblocks/2.30/share/em_armgcc/bin/../lib/gcc/arm-none-eabi/4.7.3/../../../../arm-none-eabi/lib/armv7e-m/fpu\libc_f.a(lib_a-__call_atexit.o)
                0x0800fdc4                __call_exitprocs
 .text.atexit   0x0800ff28        0xc c:/program files (x86)/emblocks/2.30/share/em_armgcc/bin/../lib/gcc/arm-none-eabi/4.7.3/../../../../arm-none-eabi/lib/armv7e-m/fpu\libc_f.a(lib_a-atexit.o)
                0x0800ff28                atexit
 .text.__libc_fini_array
                0x0800ff34       0x2c c:/program files (x86)/emblocks/2.30/share/em_armgcc/bin/../lib/gcc/arm-none-eabi/4.7.3/../../../../arm-none-eabi/lib/armv7e-m/fpu\libc_f.a(lib_a-fini.o)
                0x0800ff34                __libc_fini_array
 .text.__register_exitproc
                0x0800ff60       0xb0 c:/program files (x86)/emblocks/2.30/share/em_armgcc/bin/../lib/gcc/arm-none-eabi/4.7.3/../../../../arm-none-eabi/lib/armv7e-m/fpu\libc_f.a(lib_a-__atexit.o)
                0x0800ff60                __register_exitproc
 .text.atan     0x08010010      0x3b0 c:/program files (x86)/emblocks/2.30/share/em_armgcc/bin/../lib/gcc/arm-none-eabi/4.7.3/../../../../arm-none-eabi/lib/armv7e-m/fpu\libm_f.a(lib_a-s_atan.o)
                0x08010010                atan
 .text.cos      0x080103c0       0xb0 c:/program files (x86)/emblocks/2.30/share/em_armgcc/bin/../lib/gcc/arm-none-eabi/4.7.3/../../../../arm-none-eabi/lib/armv7e-m/fpu\libm_f.a(lib_a-s_cos.o)
                0x080103c0                cos
 .text.fabs     0x08010470       0x14 c:/program files (x86)/emblocks/2.30/share/em_armgcc/bin/../lib/gcc/arm-none-eabi/4.7.3/../../../../arm-none-eabi/lib/armv7e-m/fpu\libm_f.a(lib_a-s_fabs.o)
                0x08010470                fabs
 *fill*         0x08010484        0x4 
 .text.sin      0x08010488       0xb0 c:/program files (x86)/emblocks/2.30/share/em_armgcc/bin/../lib/gcc/arm-none-eabi/4.7.3/../../../../arm-none-eabi/lib/armv7e-m/fpu\libm_f.a(lib_a-s_sin.o)
                0x08010488                sin
 .text.cosf     0x08010538       0x74 c:/program files (x86)/emblocks/2.30/share/em_armgcc/bin/../lib/gcc/arm-none-eabi/4.7.3/../../../../arm-none-eabi/lib/armv7e-m/fpu\libm_f.a(lib_a-sf_cos.o)
                0x08010538                cosf
 .text.fabsf    0x080105ac       0x10 c:/program files (x86)/emblocks/2.30/share/em_armgcc/bin/../lib/gcc/arm-none-eabi/4.7.3/../../../../arm-none-eabi/lib/armv7e-m/fpu\libm_f.a(lib_a-sf_fabs.o)
                0x080105ac                fabsf
 .text.sinf     0x080105bc       0x78 c:/program files (x86)/emblocks/2.30/share/em_armgcc/bin/../lib/gcc/arm-none-eabi/4.7.3/../../../../arm-none-eabi/lib/armv7e-m/fpu\libm_f.a(lib_a-sf_sin.o)
                0x080105bc                sinf
 *fill*         0x08010634        0x4 
 .text.exp      0x08010638      0x110 c:/program files (x86)/emblocks/2.30/share/em_armgcc/bin/../lib/gcc/arm-none-eabi/4.7.3/../../../../arm-none-eabi/lib/armv7e-m/fpu\libm_f.a(lib_a-w_exp.o)
                0x08010638                exp
 .text.fmod     0x08010748       0xd4 c:/program files (x86)/emblocks/2.30/share/em_armgcc/bin/../lib/gcc/arm-none-eabi/4.7.3/../../../../arm-none-eabi/lib/armv7e-m/fpu\libm_f.a(lib_a-w_fmod.o)
                0x08010748                fmod
 .text.pow      0x0801081c      0x384 c:/program files (x86)/emblocks/2.30/share/em_armgcc/bin/../lib/gcc/arm-none-eabi/4.7.3/../../../../arm-none-eabi/lib/armv7e-m/fpu\libm_f.a(lib_a-w_pow.o)
                0x0801081c                pow
 .text.sqrt     0x08010ba0       0xb4 c:/program files (x86)/emblocks/2.30/share/em_armgcc/bin/../lib/gcc/arm-none-eabi/4.7.3/../../../../arm-none-eabi/lib/armv7e-m/fpu\libm_f.a(lib_a-w_sqrt.o)
                0x08010ba0                sqrt
 .text.sqrtf    0x08010c54       0xb0 c:/program files (x86)/emblocks/2.30/share/em_armgcc/bin/../lib/gcc/arm-none-eabi/4.7.3/../../../../arm-none-eabi/lib/armv7e-m/fpu\libm_f.a(lib_a-wf_sqrt.o)
                0x08010c54                sqrtf
 *fill*         0x08010d04        0x4 
 .text.__ieee754_exp
                0x08010d08      0x328 c:/program files (x86)/emblocks/2.30/share/em_armgcc/bin/../lib/gcc/arm-none-eabi/4.7.3/../../../../arm-none-eabi/lib/armv7e-m/fpu\libm_f.a(lib_a-e_exp.o)
                0x08010d08                __ieee754_exp
 .text.__ieee754_fmod
                0x08011030      0x298 c:/program files (x86)/emblocks/2.30/share/em_armgcc/bin/../lib/gcc/arm-none-eabi/4.7.3/../../../../arm-none-eabi/lib/armv7e-m/fpu\libm_f.a(lib_a-e_fmod.o)
                0x08011030                __ieee754_fmod
 .text.__ieee754_pow
                0x080112c8      0xa68 c:/program files (x86)/emblocks/2.30/share/em_armgcc/bin/../lib/gcc/arm-none-eabi/4.7.3/../../../../arm-none-eabi/lib/armv7e-m/fpu\libm_f.a(lib_a-e_pow.o)
                0x080112c8                __ieee754_pow
 .text.__ieee754_rem_pio2
                0x08011d30      0x408 c:/program files (x86)/emblocks/2.30/share/em_armgcc/bin/../lib/gcc/arm-none-eabi/4.7.3/../../../../arm-none-eabi/lib/armv7e-m/fpu\libm_f.a(lib_a-e_rem_pio2.o)
                0x08011d30                __ieee754_rem_pio2
 .text.__ieee754_sqrt
                0x08012138      0x1a8 c:/program files (x86)/emblocks/2.30/share/em_armgcc/bin/../lib/gcc/arm-none-eabi/4.7.3/../../../../arm-none-eabi/lib/armv7e-m/fpu\libm_f.a(lib_a-e_sqrt.o)
                0x08012138                __ieee754_sqrt
 .text.__ieee754_rem_pio2f
                0x080122e0      0x25c c:/program files (x86)/emblocks/2.30/share/em_armgcc/bin/../lib/gcc/arm-none-eabi/4.7.3/../../../../arm-none-eabi/lib/armv7e-m/fpu\libm_f.a(lib_a-ef_rem_pio2.o)
                0x080122e0                __ieee754_rem_pio2f
 .text.__ieee754_sqrtf
                0x0801253c       0xa8 c:/program files (x86)/emblocks/2.30/share/em_armgcc/bin/../lib/gcc/arm-none-eabi/4.7.3/../../../../arm-none-eabi/lib/armv7e-m/fpu\libm_f.a(lib_a-ef_sqrt.o)
                0x0801253c                __ieee754_sqrtf
 *fill*         0x080125e4        0x4 
 .text.__kernel_cos
                0x080125e8      0x260 c:/program files (x86)/emblocks/2.30/share/em_armgcc/bin/../lib/gcc/arm-none-eabi/4.7.3/../../../../arm-none-eabi/lib/armv7e-m/fpu\libm_f.a(lib_a-k_cos.o)
                0x080125e8                __kernel_cos
 .text.__kernel_rem_pio2
                0x08012848      0x768 c:/program files (x86)/emblocks/2.30/share/em_armgcc/bin/../lib/gcc/arm-none-eabi/4.7.3/../../../../arm-none-eabi/lib/armv7e-m/fpu\libm_f.a(lib_a-k_rem_pio2.o)
                0x08012848                __kernel_rem_pio2
 .text.__kernel_sin
                0x08012fb0      0x178 c:/program files (x86)/emblocks/2.30/share/em_armgcc/bin/../lib/gcc/arm-none-eabi/4.7.3/../../../../arm-none-eabi/lib/armv7e-m/fpu\libm_f.a(lib_a-k_sin.o)
                0x08012fb0                __kernel_sin
 .text.__kernel_cosf
                0x08013128      0x100 c:/program files (x86)/emblocks/2.30/share/em_armgcc/bin/../lib/gcc/arm-none-eabi/4.7.3/../../../../arm-none-eabi/lib/armv7e-m/fpu\libm_f.a(lib_a-kf_cos.o)
                0x08013128                __kernel_cosf
 .text.__kernel_rem_pio2f
                0x08013228      0x5e0 c:/program files (x86)/emblocks/2.30/share/em_armgcc/bin/../lib/gcc/arm-none-eabi/4.7.3/../../../../arm-none-eabi/lib/armv7e-m/fpu\libm_f.a(lib_a-kf_rem_pio2.o)
                0x08013228                __kernel_rem_pio2f
 .text.__kernel_sinf
                0x08013808       0x90 c:/program files (x86)/emblocks/2.30/share/em_armgcc/bin/../lib/gcc/arm-none-eabi/4.7.3/../../../../arm-none-eabi/lib/armv7e-m/fpu\libm_f.a(lib_a-kf_sin.o)
                0x08013808                __kernel_sinf
 .text.finite   0x08013898       0x10 c:/program files (x86)/emblocks/2.30/share/em_armgcc/bin/../lib/gcc/arm-none-eabi/4.7.3/../../../../arm-none-eabi/lib/armv7e-m/fpu\libm_f.a(lib_a-s_finite.o)
                0x08013898                finite
 .text.floor    0x080138a8      0x110 c:/program files (x86)/emblocks/2.30/share/em_armgcc/bin/../lib/gcc/arm-none-eabi/4.7.3/../../../../arm-none-eabi/lib/armv7e-m/fpu\libm_f.a(lib_a-s_floor.o)
                0x080138a8                floor
 .text.__fpclassifyd
                0x080139b8       0x54 c:/program files (x86)/emblocks/2.30/share/em_armgcc/bin/../lib/gcc/arm-none-eabi/4.7.3/../../../../arm-none-eabi/lib/armv7e-m/fpu\libm_f.a(lib_a-s_fpclassify.o)
                0x080139b8                __fpclassifyd
 .text.matherr  0x08013a0c        0x4 c:/program files (x86)/emblocks/2.30/share/em_armgcc/bin/../lib/gcc/arm-none-eabi/4.7.3/../../../../arm-none-eabi/lib/armv7e-m/fpu\libm_f.a(lib_a-s_matherr.o)
                0x08013a0c                matherr
 .text.nan      0x08013a10       0x10 c:/program files (x86)/emblocks/2.30/share/em_armgcc/bin/../lib/gcc/arm-none-eabi/4.7.3/../../../../arm-none-eabi/lib/armv7e-m/fpu\libm_f.a(lib_a-s_nan.o)
                0x08013a10                nan
 .text.rint     0x08013a20      0x11c c:/program files (x86)/emblocks/2.30/share/em_armgcc/bin/../lib/gcc/arm-none-eabi/4.7.3/../../../../arm-none-eabi/lib/armv7e-m/fpu\libm_f.a(lib_a-s_rint.o)
                0x08013a20                rint
 *fill*         0x08013b3c        0x4 
 .text.scalbn   0x08013b40      0x110 c:/program files (x86)/emblocks/2.30/share/em_armgcc/bin/../lib/gcc/arm-none-eabi/4.7.3/../../../../arm-none-eabi/lib/armv7e-m/fpu\libm_f.a(lib_a-s_scalbn.o)
                0x08013b40                scalbn
 .text.floorf   0x08013c50       0x84 c:/program files (x86)/emblocks/2.30/share/em_armgcc/bin/../lib/gcc/arm-none-eabi/4.7.3/../../../../arm-none-eabi/lib/armv7e-m/fpu\libm_f.a(lib_a-sf_floor.o)
                0x08013c50                floorf
 .text.__fpclassifyf
                0x08013cd4       0x38 c:/program files (x86)/emblocks/2.30/share/em_armgcc/bin/../lib/gcc/arm-none-eabi/4.7.3/../../../../arm-none-eabi/lib/armv7e-m/fpu\libm_f.a(lib_a-sf_fpclassify.o)
                0x08013cd4                __fpclassifyf
 .text.scalbnf  0x08013d0c       0xcc c:/program files (x86)/emblocks/2.30/share/em_armgcc/bin/../lib/gcc/arm-none-eabi/4.7.3/../../../../arm-none-eabi/lib/armv7e-m/fpu\libm_f.a(lib_a-sf_scalbn.o)
                0x08013d0c                scalbnf
 .text.copysign
                0x08013dd8       0x24 c:/program files (x86)/emblocks/2.30/share/em_armgcc/bin/../lib/gcc/arm-none-eabi/4.7.3/../../../../arm-none-eabi/lib/armv7e-m/fpu\libm_f.a(lib_a-s_copysign.o)
                0x08013dd8                copysign
 .text.copysignf
                0x08013dfc       0x18 c:/program files (x86)/emblocks/2.30/share/em_armgcc/bin/../lib/gcc/arm-none-eabi/4.7.3/../../../../arm-none-eabi/lib/armv7e-m/fpu\libm_f.a(lib_a-sf_copysign.o)
                0x08013dfc                copysignf
 .text._exit    0x08013e14        0x4 c:/program files (x86)/emblocks/2.30/share/em_armgcc/bin/../lib/gcc/arm-none-eabi/4.7.3/../../../../arm-none-eabi/lib/armv7e-m/fpu\libnosys_f.a(_exit.o)
                0x08013e14                _exit
 *(.init)
 .init          0x08013e18        0x4 c:/program files (x86)/emblocks/2.30/share/em_armgcc/bin/../lib/gcc/arm-none-eabi/4.7.3/armv7e-m/fpu/crti.o
                0x08013e18                _init
 .init          0x08013e1c        0x8 c:/program files (x86)/emblocks/2.30/share/em_armgcc/bin/../lib/gcc/arm-none-eabi/4.7.3/armv7e-m/fpu/crtn.o
 *(.fini)
 .fini          0x08013e24        0x4 c:/program files (x86)/emblocks/2.30/share/em_armgcc/bin/../lib/gcc/arm-none-eabi/4.7.3/armv7e-m/fpu/crti.o
                0x08013e24                _fini
 .fini          0x08013e28        0x8 c:/program files (x86)/emblocks/2.30/share/em_armgcc/bin/../lib/gcc/arm-none-eabi/4.7.3/armv7e-m/fpu/crtn.o
 *crtbegin.o(.ctors)
 *crtbegin?.o(.ctors)
 *(EXCLUDE_FILE(*crtend.o *crtend?.o) .ctors)
 *(SORT(.ctors.*))
 *(.ctors)
 *crtbegin.o(.dtors)
 *crtbegin?.o(.dtors)
 *(EXCLUDE_FILE(*crtend.o *crtend?.o) .dtors)
 *(SORT(.dtors.*))
 *(.dtors)
 *(.rodata*)
 .rodata        0x08013e30       0x20 obj\debug\robot\robot.o
 .rodata        0x08013e50       0x78 obj\debug\usb app\usbd_desc.o
 .rodata.str1.1
                0x08013ec8        0x4 c:/program files (x86)/emblocks/2.30/share/em_armgcc/bin/../lib/gcc/arm-none-eabi/4.7.3/../../../../arm-none-eabi/lib/armv7e-m/fpu\librdimon.a(rdimon-syscalls.o)
 .rodata.str1.4
                0x08013ecc        0x2 c:/program files (x86)/emblocks/2.30/share/em_armgcc/bin/../lib/gcc/arm-none-eabi/4.7.3/../../../../arm-none-eabi/lib/armv7e-m/fpu\libc_f.a(lib_a-impure.o)
                                  0x4 (size before relaxing)
 *fill*         0x08013ece        0x2 
 .rodata._global_impure_ptr
                0x08013ed0        0x4 c:/program files (x86)/emblocks/2.30/share/em_armgcc/bin/../lib/gcc/arm-none-eabi/4.7.3/../../../../arm-none-eabi/lib/armv7e-m/fpu\libc_f.a(lib_a-impure.o)
                0x08013ed0                _global_impure_ptr
 *fill*         0x08013ed4        0x4 
 .rodata.atanlo
                0x08013ed8       0x20 c:/program files (x86)/emblocks/2.30/share/em_armgcc/bin/../lib/gcc/arm-none-eabi/4.7.3/../../../../arm-none-eabi/lib/armv7e-m/fpu\libm_f.a(lib_a-s_atan.o)
 .rodata.atanhi
                0x08013ef8       0x20 c:/program files (x86)/emblocks/2.30/share/em_armgcc/bin/../lib/gcc/arm-none-eabi/4.7.3/../../../../arm-none-eabi/lib/armv7e-m/fpu\libm_f.a(lib_a-s_atan.o)
 .rodata.str1.4
                0x08013f18        0x4 c:/program files (x86)/emblocks/2.30/share/em_armgcc/bin/../lib/gcc/arm-none-eabi/4.7.3/../../../../arm-none-eabi/lib/armv7e-m/fpu\libm_f.a(lib_a-w_exp.o)
 .rodata.str1.4
                0x08013f1c        0x5 c:/program files (x86)/emblocks/2.30/share/em_armgcc/bin/../lib/gcc/arm-none-eabi/4.7.3/../../../../arm-none-eabi/lib/armv7e-m/fpu\libm_f.a(lib_a-w_fmod.o)
                                  0x8 (size before relaxing)
 *fill*         0x08013f21        0x3 
 .rodata.str1.4
                0x08013f24        0x4 c:/program files (x86)/emblocks/2.30/share/em_armgcc/bin/../lib/gcc/arm-none-eabi/4.7.3/../../../../arm-none-eabi/lib/armv7e-m/fpu\libm_f.a(lib_a-w_pow.o)
 .rodata.str1.4
                0x08013f28        0x5 c:/program files (x86)/emblocks/2.30/share/em_armgcc/bin/../lib/gcc/arm-none-eabi/4.7.3/../../../../arm-none-eabi/lib/armv7e-m/fpu\libm_f.a(lib_a-w_sqrt.o)
                                  0x8 (size before relaxing)
 *fill*         0x08013f2d        0x3 
 .rodata.str1.4
                0x08013f30        0x6 c:/program files (x86)/emblocks/2.30/share/em_armgcc/bin/../lib/gcc/arm-none-eabi/4.7.3/../../../../arm-none-eabi/lib/armv7e-m/fpu\libm_f.a(lib_a-wf_sqrt.o)
                                  0x8 (size before relaxing)
 *fill*         0x08013f36        0x2 
 .rodata.halF   0x08013f38       0x10 c:/program files (x86)/emblocks/2.30/share/em_armgcc/bin/../lib/gcc/arm-none-eabi/4.7.3/../../../../arm-none-eabi/lib/armv7e-m/fpu\libm_f.a(lib_a-e_exp.o)
 .rodata.ln2LO  0x08013f48       0x10 c:/program files (x86)/emblocks/2.30/share/em_armgcc/bin/../lib/gcc/arm-none-eabi/4.7.3/../../../../arm-none-eabi/lib/armv7e-m/fpu\libm_f.a(lib_a-e_exp.o)
 .rodata.ln2HI  0x08013f58       0x10 c:/program files (x86)/emblocks/2.30/share/em_armgcc/bin/../lib/gcc/arm-none-eabi/4.7.3/../../../../arm-none-eabi/lib/armv7e-m/fpu\libm_f.a(lib_a-e_exp.o)
 .rodata.Zero   0x08013f68       0x10 c:/program files (x86)/emblocks/2.30/share/em_armgcc/bin/../lib/gcc/arm-none-eabi/4.7.3/../../../../arm-none-eabi/lib/armv7e-m/fpu\libm_f.a(lib_a-e_fmod.o)
 .rodata.dp_h   0x08013f78       0x10 c:/program files (x86)/emblocks/2.30/share/em_armgcc/bin/../lib/gcc/arm-none-eabi/4.7.3/../../../../arm-none-eabi/lib/armv7e-m/fpu\libm_f.a(lib_a-e_pow.o)
 .rodata.dp_l   0x08013f88       0x10 c:/program files (x86)/emblocks/2.30/share/em_armgcc/bin/../lib/gcc/arm-none-eabi/4.7.3/../../../../arm-none-eabi/lib/armv7e-m/fpu\libm_f.a(lib_a-e_pow.o)
 .rodata.bp     0x08013f98       0x10 c:/program files (x86)/emblocks/2.30/share/em_armgcc/bin/../lib/gcc/arm-none-eabi/4.7.3/../../../../arm-none-eabi/lib/armv7e-m/fpu\libm_f.a(lib_a-e_pow.o)
 .rodata.str1.4
                0x00000000        0x8 c:/program files (x86)/emblocks/2.30/share/em_armgcc/bin/../lib/gcc/arm-none-eabi/4.7.3/../../../../arm-none-eabi/lib/armv7e-m/fpu\libm_f.a(lib_a-e_pow.o)
                                  0x4 (size before relaxing)
 .rodata.npio2_hw
                0x08013fa8       0x80 c:/program files (x86)/emblocks/2.30/share/em_armgcc/bin/../lib/gcc/arm-none-eabi/4.7.3/../../../../arm-none-eabi/lib/armv7e-m/fpu\libm_f.a(lib_a-e_rem_pio2.o)
 .rodata.two_over_pi
                0x08014028      0x108 c:/program files (x86)/emblocks/2.30/share/em_armgcc/bin/../lib/gcc/arm-none-eabi/4.7.3/../../../../arm-none-eabi/lib/armv7e-m/fpu\libm_f.a(lib_a-e_rem_pio2.o)
 .rodata.npio2_hw
                0x08014130       0x80 c:/program files (x86)/emblocks/2.30/share/em_armgcc/bin/../lib/gcc/arm-none-eabi/4.7.3/../../../../arm-none-eabi/lib/armv7e-m/fpu\libm_f.a(lib_a-ef_rem_pio2.o)
 .rodata.two_over_pi
                0x080141b0      0x318 c:/program files (x86)/emblocks/2.30/share/em_armgcc/bin/../lib/gcc/arm-none-eabi/4.7.3/../../../../arm-none-eabi/lib/armv7e-m/fpu\libm_f.a(lib_a-ef_rem_pio2.o)
 .rodata.init_jk
                0x080144c8       0x10 c:/program files (x86)/emblocks/2.30/share/em_armgcc/bin/../lib/gcc/arm-none-eabi/4.7.3/../../../../arm-none-eabi/lib/armv7e-m/fpu\libm_f.a(lib_a-k_rem_pio2.o)
 .rodata.PIo2   0x080144d8       0x40 c:/program files (x86)/emblocks/2.30/share/em_armgcc/bin/../lib/gcc/arm-none-eabi/4.7.3/../../../../arm-none-eabi/lib/armv7e-m/fpu\libm_f.a(lib_a-k_rem_pio2.o)
 .rodata.init_jk
                0x08014518        0xc c:/program files (x86)/emblocks/2.30/share/em_armgcc/bin/../lib/gcc/arm-none-eabi/4.7.3/../../../../arm-none-eabi/lib/armv7e-m/fpu\libm_f.a(lib_a-kf_rem_pio2.o)
 .rodata.PIo2   0x08014524       0x2c c:/program files (x86)/emblocks/2.30/share/em_armgcc/bin/../lib/gcc/arm-none-eabi/4.7.3/../../../../arm-none-eabi/lib/armv7e-m/fpu\libm_f.a(lib_a-kf_rem_pio2.o)
 .rodata.TWO52  0x08014550       0x10 c:/program files (x86)/emblocks/2.30/share/em_armgcc/bin/../lib/gcc/arm-none-eabi/4.7.3/../../../../arm-none-eabi/lib/armv7e-m/fpu\libm_f.a(lib_a-s_rint.o)
 *(.eh_frame*)
 .eh_frame      0x08014560        0x0 c:/program files (x86)/emblocks/2.30/share/em_armgcc/bin/../lib/gcc/arm-none-eabi/4.7.3/armv7e-m/fpu/crtbegin.o
 .eh_frame      0x08014560        0x4 c:/program files (x86)/emblocks/2.30/share/em_armgcc/bin/../lib/gcc/arm-none-eabi/4.7.3/armv7e-m/fpu/crtend.o

.glue_7         0x08014564        0x0
 .glue_7        0x00000000        0x0 linker stubs

.glue_7t        0x08014564        0x0
 .glue_7t       0x00000000        0x0 linker stubs

.vfp11_veneer   0x08014564        0x0
 .vfp11_veneer  0x00000000        0x0 linker stubs

.v4_bx          0x08014564        0x0
 .v4_bx         0x00000000        0x0 linker stubs

.iplt           0x08014564        0x0
 .iplt          0x00000000        0x0 c:/program files (x86)/emblocks/2.30/share/em_armgcc/bin/../lib/gcc/arm-none-eabi/4.7.3/armv7e-m/fpu/crtbegin.o

.ARM.extab
 *(.ARM.extab* .gnu.linkonce.armextab.*)
                0x08014564                __exidx_start = .

.ARM.exidx      0x08014564        0x8
 *(.ARM.exidx* .gnu.linkonce.armexidx.*)
 .ARM.exidx     0x08014564        0x8 c:/program files (x86)/emblocks/2.30/share/em_armgcc/bin/../lib/gcc/arm-none-eabi/4.7.3/../../../../arm-none-eabi/lib/armv7e-m/fpu/rdimon-crt0.o
                0x0801456c                __exidx_end = .
                0x0801456c                __etext = .

.rel.dyn        0x0801456c        0x0
 .rel.iplt      0x00000000        0x0 c:/program files (x86)/emblocks/2.30/share/em_armgcc/bin/../lib/gcc/arm-none-eabi/4.7.3/armv7e-m/fpu/crtbegin.o

.data           0x20000000      0xe5c load address 0x0801456c
                0x20000000                __data_start__ = .
 *(vtable)
 *(.data*)
 .data          0x20000000      0x110 c:/program files (x86)/emblocks/2.30/share/em_armgcc/bin/../lib/gcc/arm-none-eabi/4.7.3/../../../../arm-none-eabi/lib/armv7e-m/fpu/rdimon-crt0.o
                0x20000008                __stack_base__
 .data.PWM_CCR  0x20000110       0x28 obj\debug\board\board.o
                0x20000110                PWM_CCR
 .data.PWM_DIR  0x20000138       0x28 obj\debug\board\board.o
                0x20000138                PWM_DIR
 .data.GENERAL_PIN
                0x20000160       0x28 obj\debug\board\board.o
                0x20000160                GENERAL_PIN
 .data.EXTI_PIN
                0x20000188       0x28 obj\debug\board\board.o
                0x20000188                EXTI_PIN
 .data.V12_PIN  0x200001b0       0x18 obj\debug\board\board.o
                0x200001b0                V12_PIN
 .data.dmaData  0x200001c8       0x24 obj\debug\board\usart.o
                0x200001c8                dmaData
 .data.encData  0x200001ec       0x1c obj\debug\board\usart.o
                0x200001ec                encData
 .data.usbd_cdc_CfgDesc
                0x20000208       0x44 obj\debug\library\cdc\src\usbd_cdc_core.o
                0x20000208                usbd_cdc_CfgDesc
 .data.cdcCmd   0x2000024c        0x4 obj\debug\library\cdc\src\usbd_cdc_core.o
 .data.USBD_CDC_cb
                0x20000250       0x2c obj\debug\library\cdc\src\usbd_cdc_core.o
                0x20000250                USBD_CDC_cb
 .data.USBD_DCD_INT_cb
                0x2000027c       0x2c obj\debug\library\core\src\usbd_core.o
                0x2000027c                USBD_DCD_INT_cb
 .data.USBD_DCD_INT_fops
                0x200002a8        0x4 obj\debug\library\core\src\usbd_core.o
                0x200002a8                USBD_DCD_INT_fops
 .data.inCommand
                0x200002ac        0x8 obj\debug\robot\communication.o
                0x200002ac                inCommand
 .data.receiveBufferStart
                0x200002b4        0x4 obj\debug\robot\dynamixel_control.o
                0x200002b4                receiveBufferStart
 .data.receiveBufferEnd
                0x200002b8        0x4 obj\debug\robot\dynamixel_control.o
                0x200002b8                receiveBufferEnd
 .data.MLineSpeed
                0x200002bc       0x30 obj\debug\robot\kinematics.o
                0x200002bc                MLineSpeed
 .data.MRotSpeed
                0x200002ec       0x30 obj\debug\robot\kinematics.o
                0x200002ec                MRotSpeed
 .data.InverseKinematics
                0x2000031c       0x40 obj\debug\robot\kinematics.o
                0x2000031c                InverseKinematics
 .data.mState   0x2000035c       0x10 obj\debug\robot\manipulators.o
                0x2000035c                mState
 .data.normalVelFast
                0x2000036c       0x14 obj\debug\robot\regulator.o
                0x2000036c                normalVelFast
 .data.stopVelFast
                0x20000380       0x14 obj\debug\robot\regulator.o
                0x20000380                stopVelFast
 .data.standVelFast
                0x20000394       0x14 obj\debug\robot\regulator.o
                0x20000394                standVelFast
 .data.normalVelSlow
                0x200003a8       0x14 obj\debug\robot\regulator.o
                0x200003a8                normalVelSlow
 .data.stopVelSlow
                0x200003bc       0x14 obj\debug\robot\regulator.o
                0x200003bc                stopVelSlow
 .data.standVelSlow
                0x200003d0       0x14 obj\debug\robot\regulator.o
                0x200003d0                standVelSlow
 .data.stopVelVerySlow
                0x200003e4       0x14 obj\debug\robot\regulator.o
                0x200003e4                stopVelVerySlow
 .data.normalRotFast
                0x200003f8       0x14 obj\debug\robot\regulator.o
                0x200003f8                normalRotFast
 .data.stopRotFast
                0x2000040c       0x14 obj\debug\robot\regulator.o
                0x2000040c                stopRotFast
 .data.standRotFast
                0x20000420       0x14 obj\debug\robot\regulator.o
                0x20000420                standRotFast
 .data.normalRotSlow
                0x20000434       0x14 obj\debug\robot\regulator.o
                0x20000434                normalRotSlow
 .data.stopRotSlow
                0x20000448       0x14 obj\debug\robot\regulator.o
                0x20000448                stopRotSlow
 .data.standRotSlow
                0x2000045c       0x14 obj\debug\robot\regulator.o
                0x2000045c                standRotSlow
 .data.stopRotVerySlow
                0x20000470       0x14 obj\debug\robot\regulator.o
                0x20000470                stopRotVerySlow
 .data.speedType
                0x20000484       0x1c obj\debug\robot\regulator.o
                0x20000484                speedType
 .data.rotType  0x200004a0       0x1c obj\debug\robot\regulator.o
                0x200004a0                rotType
 .data.points   0x200004bc      0x4b0 obj\debug\robot\regulator.o
                0x200004bc                points
 .data.curState
                0x2000096c        0x8 obj\debug\robot\robot.o
                0x2000096c                curState
 .data.encCnt   0x20000974       0x10 obj\debug\robot\robot.o
                0x20000974                encCnt
 .data.WHEELS   0x20000984        0x4 obj\debug\robot\robot.o
                0x20000984                WHEELS
 .data.linecoding
                0x20000988        0x8 obj\debug\usb app\usbd_cdc_vcp.o
                0x20000988                linecoding
 .data.VCP_fops
                0x20000990       0x14 obj\debug\usb app\usbd_cdc_vcp.o
                0x20000990                VCP_fops
 .data.USR_desc
                0x200009a4       0x1c obj\debug\usb app\usbd_desc.o
                0x200009a4                USR_desc
 .data.USBD_DeviceDesc
                0x200009c0       0x14 obj\debug\usb app\usbd_desc.o
                0x200009c0                USBD_DeviceDesc
 .data.USBD_LangIDDesc
                0x200009d4        0x4 obj\debug\usb app\usbd_desc.o
                0x200009d4                USBD_LangIDDesc
 .data.USBD_StringSerial
                0x200009d8       0x1c obj\debug\usb app\usbd_desc.o
                0x200009d8                USBD_StringSerial
 .data.USR_cb   0x200009f4       0x1c obj\debug\usb app\usbd_usr.o
                0x200009f4                USR_cb
 .data.APBAHBPrescTable
                0x20000a10       0x10 obj\debug\spl\src\stm32f4xx_rcc.o
 .data.impure_data
                0x20000a20      0x428 c:/program files (x86)/emblocks/2.30/share/em_armgcc/bin/../lib/gcc/arm-none-eabi/4.7.3/../../../../arm-none-eabi/lib/armv7e-m/fpu\libc_f.a(lib_a-impure.o)
 .data._impure_ptr
                0x20000e48        0x4 c:/program files (x86)/emblocks/2.30/share/em_armgcc/bin/../lib/gcc/arm-none-eabi/4.7.3/../../../../arm-none-eabi/lib/armv7e-m/fpu\libc_f.a(lib_a-impure.o)
                0x20000e48                _impure_ptr
 .data.__fdlib_version
                0x20000e4c        0x1 c:/program files (x86)/emblocks/2.30/share/em_armgcc/bin/../lib/gcc/arm-none-eabi/4.7.3/../../../../arm-none-eabi/lib/armv7e-m/fpu\libm_f.a(lib_a-s_lib_ver.o)
                0x20000e4c                __fdlib_version
                0x20000e50                . = ALIGN (0x4)
 *fill*         0x20000e4d        0x3 
                0x20000e50                PROVIDE (__preinit_array_start, .)
 *(.preinit_array)
                0x20000e50                PROVIDE (__preinit_array_end, .)
                0x20000e50                . = ALIGN (0x4)
                0x20000e50                PROVIDE (__init_array_start, .)
 *(SORT(.init_array.*))
 .init_array.00000
                0x20000e50        0x4 c:/program files (x86)/emblocks/2.30/share/em_armgcc/bin/../lib/gcc/arm-none-eabi/4.7.3/../../../../arm-none-eabi/lib/armv7e-m/fpu\libc_f.a(lib_a-__call_atexit.o)
 *(.init_array)
 .init_array    0x20000e54        0x4 c:/program files (x86)/emblocks/2.30/share/em_armgcc/bin/../lib/gcc/arm-none-eabi/4.7.3/armv7e-m/fpu/crtbegin.o
                0x20000e58                PROVIDE (__init_array_end, .)
                0x20000e58                . = ALIGN (0x4)
                0x20000e58                PROVIDE (__fini_array_start, .)
 *(SORT(.fini_array.*))
 *(.fini_array)
 .fini_array    0x20000e58        0x4 c:/program files (x86)/emblocks/2.30/share/em_armgcc/bin/../lib/gcc/arm-none-eabi/4.7.3/armv7e-m/fpu/crtbegin.o
                0x20000e5c                PROVIDE (__fini_array_end, .)
                0x20000e5c                . = ALIGN (0x4)
                0x20000e5c                __data_end__ = .

.jcr            0x20000e5c        0x0 load address 0x080153c8
 .jcr           0x20000e5c        0x0 c:/program files (x86)/emblocks/2.30/share/em_armgcc/bin/../lib/gcc/arm-none-eabi/4.7.3/armv7e-m/fpu/crtbegin.o

.igot.plt       0x20000e5c        0x0 load address 0x080153c8
 .igot.plt      0x00000000        0x0 c:/program files (x86)/emblocks/2.30/share/em_armgcc/bin/../lib/gcc/arm-none-eabi/4.7.3/armv7e-m/fpu/crtbegin.o

.bss            0x20000e60     0x1598 load address 0x080153d0
                0x20000e60                __bss_start__ = .
 *(.bss*)
 .bss           0x20000e60       0x1c c:/program files (x86)/emblocks/2.30/share/em_armgcc/bin/../lib/gcc/arm-none-eabi/4.7.3/armv7e-m/fpu/crtbegin.o
 .bss.prev_val  0x20000e7c        0x1 obj\debug\board\interrupts.o
 .bss.current_val
                0x20000e7d        0x1 obj\debug\board\interrupts.o
 *fill*         0x20000e7e        0x2 
 .bss.timeofred
                0x20000e80        0x8 obj\debug\board\interrupts.o
                0x20000e80                timeofred
 .bss.int_cnt   0x20000e88        0x2 obj\debug\board\interrupts.o
                0x20000e88                int_cnt
 *fill*         0x20000e8a        0x2 
 .bss.numberofrot
                0x20000e8c        0x4 obj\debug\board\interrupts.o
                0x20000e8c                numberofrot
 .bss.tempor    0x20000e90        0x4 obj\debug\board\interrupts.o
                0x20000e90                tempor
 .bss.lasttick.8629
                0x20000e94        0x4 obj\debug\board\interrupts.o
 .bss.lasttick.8608
                0x20000e98        0x4 obj\debug\board\interrupts.o
 .bss.usbd_cdc_AltSet
                0x20000e9c        0x4 obj\debug\library\cdc\src\usbd_cdc_core.o
 .bss.APP_Rx_ptr_in
                0x20000ea0        0x4 obj\debug\library\cdc\src\usbd_cdc_core.o
                0x20000ea0                APP_Rx_ptr_in
 .bss.APP_Rx_ptr_out
                0x20000ea4        0x4 obj\debug\library\cdc\src\usbd_cdc_core.o
                0x20000ea4                APP_Rx_ptr_out
 .bss.APP_Rx_length
                0x20000ea8        0x4 obj\debug\library\cdc\src\usbd_cdc_core.o
                0x20000ea8                APP_Rx_length
 .bss.USB_Tx_State
                0x20000eac        0x1 obj\debug\library\cdc\src\usbd_cdc_core.o
                0x20000eac                USB_Tx_State
 *fill*         0x20000ead        0x3 
 .bss.cdcLen    0x20000eb0        0x4 obj\debug\library\cdc\src\usbd_cdc_core.o
 .bss.FrameCount.8664
                0x20000eb4        0x4 obj\debug\library\cdc\src\usbd_cdc_core.o
 .bss.USBD_ep_status
                0x20000eb8        0x4 obj\debug\library\core\src\usbd_req.o
                0x20000eb8                USBD_ep_status
 .bss.USBD_default_cfg
                0x20000ebc        0x4 obj\debug\library\core\src\usbd_req.o
                0x20000ebc                USBD_default_cfg
 .bss.USBD_cfg_status
                0x20000ec0        0x4 obj\debug\library\core\src\usbd_req.o
                0x20000ec0                USBD_cfg_status
 .bss.cfgidx.8673
                0x20000ec4        0x1 obj\debug\library\core\src\usbd_req.o
 .bss.servoErrorCode
                0x20000ec5        0x1 obj\debug\robot\dynamixel_control.o
                0x20000ec5                servoErrorCode
 *fill*         0x20000ec6        0x2 
 .bss.prevCubesCatcherAngle
                0x20000ec8        0x4 obj\debug\robot\manipulators.o
                0x20000ec8                prevCubesCatcherAngle
 .bss.regulatorOut
                0x20000ecc       0x10 obj\debug\robot\regulator.o
                0x20000ecc                regulatorOut
 .bss.vTargetGlob
                0x20000edc        0xc obj\debug\robot\regulator.o
                0x20000edc                vTargetGlob
 .bss.totalPointComplite
                0x20000ee8        0x2 obj\debug\robot\regulator.o
                0x20000ee8                totalPointComplite
 .bss.lastPoint
                0x20000eea        0x1 obj\debug\robot\regulator.o
                0x20000eea                lastPoint
 *fill*         0x20000eeb        0x1 
 .bss.motorCoord
                0x20000eec       0x10 obj\debug\robot\robot.o
                0x20000eec                motorCoord
 .bss.robotCoord
                0x20000efc        0xc obj\debug\robot\robot.o
                0x20000efc                robotCoord
 .bss.robotSpeed
                0x20000f08        0xc obj\debug\robot\robot.o
                0x20000f08                robotSpeed
 .bss.startFlag
                0x20000f14        0x1 obj\debug\robot\robot.o
                0x20000f14                startFlag
 *fill*         0x20000f15        0x3 
 .bss.stop_cnt  0x20000f18        0x4 obj\debug\src\main.o
                0x20000f18                stop_cnt
 .bss.flag_kostil
                0x20000f1c        0x4 obj\debug\src\main.o
                0x20000f1c                flag_kostil
 .bss.monitor_stdout
                0x20000f20        0x4 c:/program files (x86)/emblocks/2.30/share/em_armgcc/bin/../lib/gcc/arm-none-eabi/4.7.3/../../../../arm-none-eabi/lib/armv7e-m/fpu\librdimon.a(rdimon-syscalls.o)
 .bss.monitor_stdin
                0x20000f24        0x4 c:/program files (x86)/emblocks/2.30/share/em_armgcc/bin/../lib/gcc/arm-none-eabi/4.7.3/../../../../arm-none-eabi/lib/armv7e-m/fpu\librdimon.a(rdimon-syscalls.o)
 .bss.monitor_stderr
                0x20000f28        0x4 c:/program files (x86)/emblocks/2.30/share/em_armgcc/bin/../lib/gcc/arm-none-eabi/4.7.3/../../../../arm-none-eabi/lib/armv7e-m/fpu\librdimon.a(rdimon-syscalls.o)
 .bss.openfiles
                0x20000f2c       0xa0 c:/program files (x86)/emblocks/2.30/share/em_armgcc/bin/../lib/gcc/arm-none-eabi/4.7.3/../../../../arm-none-eabi/lib/armv7e-m/fpu\librdimon.a(rdimon-syscalls.o)
 *(COMMON)
 COMMON         0x20000fcc       0x80 obj\debug\board\adc.o
                0x20000fcc                param
                0x20000fea                dataIndex
                0x20000fec                outData
                0x2000100c                inData
 COMMON         0x2000104c       0x30 obj\debug\board\board.o
                0x2000104c                extiFlag
                0x20001050                pinType
                0x2000105c                extiType
                0x20001068                adcData
 COMMON         0x2000107c       0x11 obj\debug\board\interrupts.o
                0x2000107c                traceFlag
                0x2000107d                endFlag
                0x2000107e                start_cylinder_rot
                0x20001080                rot_time
                0x20001084                allpointsreached
                0x20001088                starting_time
                0x2000108c                movFlag
 *fill*         0x2000108d        0x3 
 COMMON         0x20001090       0xd0 obj\debug\board\usart.o
                0x20001090                usart1Data
                0x20001098                Buffer
 COMMON         0x20001160      0x88c obj\debug\library\cdc\src\usbd_cdc_core.o
                0x20001160                usbd_cdc_OtherCfgDesc
                0x200011a4                USB_Rx_Buffer
                0x200011e4                CmdBuff
                0x200011ec                APP_Rx_Buffer
 COMMON         0x200019ec        0x4 obj\debug\library\core\src\usbd_core.o
                0x200019ec                SET_TEST_MODE
 COMMON         0x200019f0       0x44 obj\debug\robot\dynamixel_control.o
                0x200019f0                response
                0x20001a14                receiveBuffer
 COMMON         0x20001a34       0xb0 obj\debug\robot\manipulators.o
                0x20001a34                b
                0x20001a38                color_check
                0x20001a40                whole_starting_angle
                0x20001a44                angle_encoder
                0x20001a48                values
                0x20001a70                whole_angle
                0x20001a74                angle_before_movement
                0x20001a78                angle_enc_real
                0x20001a7c                B
                0x20001a80                r
                0x20001a84                color
                0x20001a88                R
                0x20001a8c                whole_angle_prev
                0x20001a90                diff
                0x20001a94                magnetincoderdata
                0x20001abc                arCubesCatcherAngle
 COMMON         0x20001ae4      0x1bc obj\debug\robot\regulator.o
                0x20001ae4                curPath
                0x20001b20                ortoPos
                0x20001b60                wheelsPidStruct
                0x20001c60                radSpeed
 COMMON         0x20001ca0       0x32 obj\debug\robot\robot.o
                0x20001ca0                motorSpeed
                0x20001cb0                distanceFromIR
                0x20001cb4                outEnc
                0x20001ccc                distance_digital2
 *fill*         0x20001cd2        0x2 
 COMMON         0x20001cd4       0x10 obj\debug\usb app\usbd_cdc_vcp.o
                0x20001cd4                USART_InitStructure
 COMMON         0x20001ce4       0xff obj\debug\usb app\usbd_desc.o
                0x20001ce4                USBD_StrDesc
 *fill*         0x20001de3        0x1 
 COMMON         0x20001de4      0x614 obj\debug\src\main.o
                0x20001de4                ADC_5
                0x20001de8                D
                0x20001dec                ADC_6
                0x20001df0                beginning_angle
                0x20001df4                ADC_7
                0x20001df8                ticks
                0x20001dfc                USB_OTG_dev
                0x200023f0                ADC_8
                0x200023f4                U
                0x200023f8                __bss_end__ = .

.heap           0x200023f8        0x0
                0x200023f8                __end__ = .
                0x200023f8                end = __end__
 *(.heap*)
 .heap          0x200023f8        0x0 obj\debug\src\startup_stm32f4xx.o
                0x200023f8                __HeapLimit = .

.stack_dummy    0x200023f8      0x100
 *(.stack)
 .stack         0x200023f8      0x100 obj\debug\src\startup_stm32f4xx.o
                0x20020000                __StackTop = (ORIGIN (RAM) + 0x20000)
                0x2001ff00                __StackLimit = (__StackTop - SIZEOF (.stack_dummy))
                0x20020000                PROVIDE (__stack, __StackTop)
                0x00000001                ASSERT ((__StackLimit >= __HeapLimit), region RAM overflowed with stack)
LOAD obj\debug\board\adc.o
LOAD obj\debug\board\board.o
LOAD obj\debug\board\interrupts.o
LOAD obj\debug\board\tim.o
LOAD obj\debug\board\usart.o
LOAD obj\debug\library\cdc\src\usbd_cdc_core.o
LOAD obj\debug\library\core\src\usb_core.o
LOAD obj\debug\library\core\src\usb_dcd.o
LOAD obj\debug\library\core\src\usb_dcd_int.o
LOAD obj\debug\library\core\src\usbd_core.o
LOAD obj\debug\library\core\src\usbd_ioreq.o
LOAD obj\debug\library\core\src\usbd_req.o
LOAD obj\debug\robot\communication.o
LOAD obj\debug\robot\dynamixel_control.o
LOAD obj\debug\robot\kinematics.o
LOAD obj\debug\robot\manipulators.o
LOAD obj\debug\robot\path.o
LOAD obj\debug\robot\regulator.o
LOAD obj\debug\robot\matrix.o
LOAD obj\debug\robot\robot.o
LOAD obj\debug\usb app\stm32fxxx_it.o
LOAD obj\debug\usb app\usb_bsp.o
LOAD obj\debug\usb app\usbd_cdc_vcp.o
LOAD obj\debug\usb app\usbd_desc.o
LOAD obj\debug\usb app\usbd_usr.o
LOAD obj\debug\spl\src\misc.o
LOAD obj\debug\spl\src\stm32f4xx_adc.o
LOAD obj\debug\spl\src\stm32f4xx_can.o
LOAD obj\debug\spl\src\stm32f4xx_cec.o
LOAD obj\debug\spl\src\stm32f4xx_crc.o
LOAD obj\debug\spl\src\stm32f4xx_cryp.o
LOAD obj\debug\spl\src\stm32f4xx_cryp_aes.o
LOAD obj\debug\spl\src\stm32f4xx_cryp_des.o
LOAD obj\debug\spl\src\stm32f4xx_cryp_tdes.o
LOAD obj\debug\spl\src\stm32f4xx_dac.o
LOAD obj\debug\spl\src\stm32f4xx_dbgmcu.o
LOAD obj\debug\spl\src\stm32f4xx_dcmi.o
LOAD obj\debug\spl\src\stm32f4xx_dma.o
LOAD obj\debug\spl\src\stm32f4xx_dma2d.o
LOAD obj\debug\spl\src\stm32f4xx_dsi.o
LOAD obj\debug\spl\src\stm32f4xx_exti.o
LOAD obj\debug\spl\src\stm32f4xx_gpio.o
LOAD obj\debug\spl\src\stm32f4xx_hash.o
LOAD obj\debug\spl\src\stm32f4xx_hash_md5.o
LOAD obj\debug\spl\src\stm32f4xx_hash_sha1.o
LOAD obj\debug\spl\src\stm32f4xx_i2c.o
LOAD obj\debug\spl\src\stm32f4xx_iwdg.o
LOAD obj\debug\spl\src\stm32f4xx_lptim.o
LOAD obj\debug\spl\src\stm32f4xx_ltdc.o
LOAD obj\debug\spl\src\stm32f4xx_pwr.o
LOAD obj\debug\spl\src\stm32f4xx_qspi.o
LOAD obj\debug\spl\src\stm32f4xx_rcc.o
LOAD obj\debug\spl\src\stm32f4xx_rng.o
LOAD obj\debug\spl\src\stm32f4xx_rtc.o
LOAD obj\debug\spl\src\stm32f4xx_sai.o
LOAD obj\debug\spl\src\stm32f4xx_sdio.o
LOAD obj\debug\spl\src\stm32f4xx_spdifrx.o
LOAD obj\debug\spl\src\stm32f4xx_spi.o
LOAD obj\debug\spl\src\stm32f4xx_syscfg.o
LOAD obj\debug\spl\src\stm32f4xx_tim.o
LOAD obj\debug\spl\src\stm32f4xx_usart.o
LOAD obj\debug\spl\src\stm32f4xx_wwdg.o
LOAD obj\debug\src\main.o
LOAD obj\debug\src\startup_stm32f4xx.o
LOAD obj\debug\src\system_stm32f4xx.o
LOAD c:/program files (x86)/emblocks/2.30/share/em_armgcc/bin/../lib/gcc/arm-none-eabi/4.7.3/../../../../arm-none-eabi/lib/armv7e-m/fpu\librdimon.a
START GROUP
LOAD c:/program files (x86)/emblocks/2.30/share/em_armgcc/bin/../lib/gcc/arm-none-eabi/4.7.3/armv7e-m/fpu\libgcc.a
LOAD c:/program files (x86)/emblocks/2.30/share/em_armgcc/bin/../lib/gcc/arm-none-eabi/4.7.3/../../../../arm-none-eabi/lib/armv7e-m/fpu\libc_f.a
LOAD c:/program files (x86)/emblocks/2.30/share/em_armgcc/bin/../lib/gcc/arm-none-eabi/4.7.3/../../../../arm-none-eabi/lib/armv7e-m/fpu\libg_f.a
LOAD c:/program files (x86)/emblocks/2.30/share/em_armgcc/bin/../lib/gcc/arm-none-eabi/4.7.3/../../../../arm-none-eabi/lib/armv7e-m/fpu\libm_f.a
LOAD c:/program files (x86)/emblocks/2.30/share/em_armgcc/bin/../lib/gcc/arm-none-eabi/4.7.3/../../../../arm-none-eabi/lib/armv7e-m/fpu\libnosys_f.a
END GROUP
LOAD c:/program files (x86)/emblocks/2.30/share/em_armgcc/bin/../lib/gcc/arm-none-eabi/4.7.3/armv7e-m/fpu/crtend.o
LOAD c:/program files (x86)/emblocks/2.30/share/em_armgcc/bin/../lib/gcc/arm-none-eabi/4.7.3/armv7e-m/fpu/crtn.o
OUTPUT(bin\Debug\Robot_V2.elf elf32-littlearm)

.ARM.attributes
                0x00000000       0x30
 .ARM.attributes
                0x00000000       0x22 c:/program files (x86)/emblocks/2.30/share/em_armgcc/bin/../lib/gcc/arm-none-eabi/4.7.3/armv7e-m/fpu/crti.o
 .ARM.attributes
                0x00000022       0x34 c:/program files (x86)/emblocks/2.30/share/em_armgcc/bin/../lib/gcc/arm-none-eabi/4.7.3/armv7e-m/fpu/crtbegin.o
 .ARM.attributes
                0x00000056       0x20 c:/program files (x86)/emblocks/2.30/share/em_armgcc/bin/../lib/gcc/arm-none-eabi/4.7.3/../../../../arm-none-eabi/lib/armv7e-m/fpu/rdimon-crt0.o
 .ARM.attributes
                0x00000076       0x39 obj\debug\board\adc.o
 .ARM.attributes
                0x000000af       0x39 obj\debug\board\board.o
 .ARM.attributes
                0x000000e8       0x39 obj\debug\board\interrupts.o
 .ARM.attributes
                0x00000121       0x39 obj\debug\board\tim.o
 .ARM.attributes
                0x0000015a       0x39 obj\debug\board\usart.o
 .ARM.attributes
                0x00000193       0x39 obj\debug\library\cdc\src\usbd_cdc_core.o
 .ARM.attributes
                0x000001cc       0x39 obj\debug\library\core\src\usb_core.o
 .ARM.attributes
                0x00000205       0x39 obj\debug\library\core\src\usb_dcd.o
 .ARM.attributes
                0x0000023e       0x39 obj\debug\library\core\src\usb_dcd_int.o
 .ARM.attributes
                0x00000277       0x39 obj\debug\library\core\src\usbd_core.o
 .ARM.attributes
                0x000002b0       0x39 obj\debug\library\core\src\usbd_ioreq.o
 .ARM.attributes
                0x000002e9       0x39 obj\debug\library\core\src\usbd_req.o
 .ARM.attributes
                0x00000322       0x39 obj\debug\robot\communication.o
 .ARM.attributes
                0x0000035b       0x39 obj\debug\robot\dynamixel_control.o
 .ARM.attributes
                0x00000394       0x39 obj\debug\robot\kinematics.o
 .ARM.attributes
                0x000003cd       0x39 obj\debug\robot\manipulators.o
 .ARM.attributes
                0x00000406       0x39 obj\debug\robot\regulator.o
 .ARM.attributes
                0x0000043f       0x39 obj\debug\robot\matrix.o
 .ARM.attributes
                0x00000478       0x39 obj\debug\robot\robot.o
 .ARM.attributes
                0x000004b1       0x39 obj\debug\usb app\stm32fxxx_it.o
 .ARM.attributes
                0x000004ea       0x39 obj\debug\usb app\usb_bsp.o
 .ARM.attributes
                0x00000523       0x39 obj\debug\usb app\usbd_cdc_vcp.o
 .ARM.attributes
                0x0000055c       0x39 obj\debug\usb app\usbd_desc.o
 .ARM.attributes
                0x00000595       0x39 obj\debug\usb app\usbd_usr.o
 .ARM.attributes
                0x000005ce       0x39 obj\debug\spl\src\misc.o
 .ARM.attributes
                0x00000607       0x39 obj\debug\spl\src\stm32f4xx_gpio.o
 .ARM.attributes
                0x00000640       0x39 obj\debug\spl\src\stm32f4xx_rcc.o
 .ARM.attributes
                0x00000679       0x39 obj\debug\spl\src\stm32f4xx_usart.o
 .ARM.attributes
                0x000006b2       0x39 obj\debug\src\main.o
 .ARM.attributes
                0x000006eb       0x1f obj\debug\src\startup_stm32f4xx.o
 .ARM.attributes
                0x0000070a       0x39 obj\debug\src\system_stm32f4xx.o
 .ARM.attributes
                0x00000743       0x34 c:/program files (x86)/emblocks/2.30/share/em_armgcc/bin/../lib/gcc/arm-none-eabi/4.7.3/../../../../arm-none-eabi/lib/armv7e-m/fpu\librdimon.a(rdimon-syscalls.o)
 .ARM.attributes
                0x00000777       0x22 c:/program files (x86)/emblocks/2.30/share/em_armgcc/bin/../lib/gcc/arm-none-eabi/4.7.3/armv7e-m/fpu\libgcc.a(_arm_addsubdf3.o)
 .ARM.attributes
                0x00000799       0x22 c:/program files (x86)/emblocks/2.30/share/em_armgcc/bin/../lib/gcc/arm-none-eabi/4.7.3/armv7e-m/fpu\libgcc.a(_arm_muldivdf3.o)
 .ARM.attributes
                0x000007bb       0x22 c:/program files (x86)/emblocks/2.30/share/em_armgcc/bin/../lib/gcc/arm-none-eabi/4.7.3/armv7e-m/fpu\libgcc.a(_arm_cmpdf2.o)
 .ARM.attributes
                0x000007dd       0x22 c:/program files (x86)/emblocks/2.30/share/em_armgcc/bin/../lib/gcc/arm-none-eabi/4.7.3/armv7e-m/fpu\libgcc.a(_arm_fixdfsi.o)
 .ARM.attributes
                0x000007ff       0x22 c:/program files (x86)/emblocks/2.30/share/em_armgcc/bin/../lib/gcc/arm-none-eabi/4.7.3/armv7e-m/fpu\libgcc.a(_arm_fixunsdfsi.o)
 .ARM.attributes
                0x00000821       0x22 c:/program files (x86)/emblocks/2.30/share/em_armgcc/bin/../lib/gcc/arm-none-eabi/4.7.3/armv7e-m/fpu\libgcc.a(_arm_truncdfsf2.o)
 .ARM.attributes
                0x00000843       0x30 c:/program files (x86)/emblocks/2.30/share/em_armgcc/bin/../lib/gcc/arm-none-eabi/4.7.3/../../../../arm-none-eabi/lib/armv7e-m/fpu\libc_f.a(lib_a-errno.o)
 .ARM.attributes
                0x00000873       0x30 c:/program files (x86)/emblocks/2.30/share/em_armgcc/bin/../lib/gcc/arm-none-eabi/4.7.3/../../../../arm-none-eabi/lib/armv7e-m/fpu\libc_f.a(lib_a-exit.o)
 .ARM.attributes