Archive member included because of file (symbol)

c:/program files (x86)/emblocks/2.30/share/em_armgcc/bin/../lib/gcc/arm-none-eabi/4.7.3/armv7e-m/fpu\libgcc.a(_arm_addsubdf3.o)
                              obj\release\board\interrupts.o (__aeabi_dsub)
c:/program files (x86)/emblocks/2.30/share/em_armgcc/bin/../lib/gcc/arm-none-eabi/4.7.3/armv7e-m/fpu\libgcc.a(_arm_muldivdf3.o)
                              obj\release\board\board.o (__aeabi_dmul)
c:/program files (x86)/emblocks/2.30/share/em_armgcc/bin/../lib/gcc/arm-none-eabi/4.7.3/armv7e-m/fpu\libgcc.a(_arm_cmpdf2.o)
                              obj\release\board\board.o (__aeabi_dcmplt)
c:/program files (x86)/emblocks/2.30/share/em_armgcc/bin/../lib/gcc/arm-none-eabi/4.7.3/armv7e-m/fpu\libgcc.a(_arm_fixdfsi.o)
                              obj\release\board\board.o (__aeabi_d2iz)
c:/program files (x86)/emblocks/2.30/share/em_armgcc/bin/../lib/gcc/arm-none-eabi/4.7.3/armv7e-m/fpu\libgcc.a(_arm_fixunsdfsi.o)
                              obj\release\robot\dynamixel_control.o (__aeabi_d2uiz)
c:/program files (x86)/emblocks/2.30/share/em_armgcc/bin/../lib/gcc/arm-none-eabi/4.7.3/armv7e-m/fpu\libgcc.a(_arm_truncdfsf2.o)
                              obj\release\board\board.o (__aeabi_d2f)
c:/program files (x86)/emblocks/2.30/share/em_armgcc/bin/../lib/gcc/arm-none-eabi/4.7.3/../../../../arm-none-eabi/lib/armv7e-m/fpu\libc_f.a(lib_a-exit.o)
                              c:/program files (x86)/emblocks/2.30/share/em_armgcc/bin/../lib/gcc/arm-none-eabi/4.7.3/../../../../arm-none-eabi/lib/armv7e-m/fpu/crt0.o (exit)
c:/program files (x86)/emblocks/2.30/share/em_armgcc/bin/../lib/gcc/arm-none-eabi/4.7.3/../../../../arm-none-eabi/lib/armv7e-m/fpu\libc_f.a(lib_a-impure.o)
                              c:/program files (x86)/emblocks/2.30/share/em_armgcc/bin/../lib/gcc/arm-none-eabi/4.7.3/../../../../arm-none-eabi/lib/armv7e-m/fpu\libc_f.a(lib_a-exit.o) (_global_impure_ptr)
c:/program files (x86)/emblocks/2.30/share/em_armgcc/bin/../lib/gcc/arm-none-eabi/4.7.3/../../../../arm-none-eabi/lib/armv7e-m/fpu\libc_f.a(lib_a-init.o)
                              c:/program files (x86)/emblocks/2.30/share/em_armgcc/bin/../lib/gcc/arm-none-eabi/4.7.3/../../../../arm-none-eabi/lib/armv7e-m/fpu/crt0.o (__libc_init_array)
c:/program files (x86)/emblocks/2.30/share/em_armgcc/bin/../lib/gcc/arm-none-eabi/4.7.3/../../../../arm-none-eabi/lib/armv7e-m/fpu\libc_f.a(lib_a-memcpy.o)
                              obj\release\robot\communication.o (memcpy)
c:/program files (x86)/emblocks/2.30/share/em_armgcc/bin/../lib/gcc/arm-none-eabi/4.7.3/../../../../arm-none-eabi/lib/armv7e-m/fpu\libc_f.a(lib_a-memset.o)
                              c:/program files (x86)/emblocks/2.30/share/em_armgcc/bin/../lib/gcc/arm-none-eabi/4.7.3/../../../../arm-none-eabi/lib/armv7e-m/fpu/crt0.o (memset)
c:/program files (x86)/emblocks/2.30/share/em_armgcc/bin/../lib/gcc/arm-none-eabi/4.7.3/../../../../arm-none-eabi/lib/armv7e-m/fpu\libc_f.a(lib_a-strlen.o)
                              obj\release\robot\robot.o (strlen)
c:/program files (x86)/emblocks/2.30/share/em_armgcc/bin/../lib/gcc/arm-none-eabi/4.7.3/../../../../arm-none-eabi/lib/armv7e-m/fpu\libc_f.a(lib_a-__call_atexit.o)
                              c:/program files (x86)/emblocks/2.30/share/em_armgcc/bin/../lib/gcc/arm-none-eabi/4.7.3/../../../../arm-none-eabi/lib/armv7e-m/fpu\libc_f.a(lib_a-exit.o) (__call_exitprocs)
c:/program files (x86)/emblocks/2.30/share/em_armgcc/bin/../lib/gcc/arm-none-eabi/4.7.3/../../../../arm-none-eabi/lib/armv7e-m/fpu\libc_f.a(lib_a-atexit.o)
                              c:/program files (x86)/emblocks/2.30/share/em_armgcc/bin/../lib/gcc/arm-none-eabi/4.7.3/../../../../arm-none-eabi/lib/armv7e-m/fpu\libc_f.a(lib_a-__call_atexit.o) (atexit)
c:/program files (x86)/emblocks/2.30/share/em_armgcc/bin/../lib/gcc/arm-none-eabi/4.7.3/../../../../arm-none-eabi/lib/armv7e-m/fpu\libc_f.a(lib_a-fini.o)
                              c:/program files (x86)/emblocks/2.30/share/em_armgcc/bin/../lib/gcc/arm-none-eabi/4.7.3/../../../../arm-none-eabi/lib/armv7e-m/fpu\libc_f.a(lib_a-__call_atexit.o) (__libc_fini_array)
c:/program files (x86)/emblocks/2.30/share/em_armgcc/bin/../lib/gcc/arm-none-eabi/4.7.3/../../../../arm-none-eabi/lib/armv7e-m/fpu\libc_f.a(lib_a-__atexit.o)
                              c:/program files (x86)/emblocks/2.30/share/em_armgcc/bin/../lib/gcc/arm-none-eabi/4.7.3/../../../../arm-none-eabi/lib/armv7e-m/fpu\libc_f.a(lib_a-atexit.o) (__register_exitproc)
c:/program files (x86)/emblocks/2.30/share/em_armgcc/bin/../lib/gcc/arm-none-eabi/4.7.3/../../../../arm-none-eabi/lib/armv7e-m/fpu\libm_f.a(lib_a-s_atan.o)
                              obj\release\robot\regulator.o (atan)
c:/program files (x86)/emblocks/2.30/share/em_armgcc/bin/../lib/gcc/arm-none-eabi/4.7.3/../../../../arm-none-eabi/lib/armv7e-m/fpu\libm_f.a(lib_a-s_cos.o)
[...]
Memory Configuration

Name             Origin             Length             Attributes
ROM              0x08000000         0x00100000         xr
RAM              0x20000000         0x00020000         xrw
CCRAM            0x10000000         0x00010000         xrw
*default*        0x00000000         0xffffffff

Linker script and memory map

LOAD c:/program files (x86)/emblocks/2.30/share/em_armgcc/bin/../lib/gcc/arm-none-eabi/4.7.3/armv7e-m/fpu/crti.o
LOAD c:/program files (x86)/emblocks/2.30/share/em_armgcc/bin/../lib/gcc/arm-none-eabi/4.7.3/armv7e-m/fpu/crtbegin.o
LOAD c:/program files (x86)/emblocks/2.30/share/em_armgcc/bin/../lib/gcc/arm-none-eabi/4.7.3/../../../../arm-none-eabi/lib/armv7e-m/fpu/crt0.o
                0x00000000                __HEAP_SIZE = 0x0
                0x00000100                __STACK_SIZE = 0x100

.text           0x08000000    0x127cc
 *(.isr_vector)
 .isr_vector    0x08000000      0x188 obj\release\src\startup_stm32f4xx.o
                0x08000000                __isr_vector
 *(.text*)
 .text          0x08000188       0x54 c:/program files (x86)/emblocks/2.30/share/em_armgcc/bin/../lib/gcc/arm-none-eabi/4.7.3/armv7e-m/fpu/crtbegin.o
 .text          0x080001dc       0x74 c:/program files (x86)/emblocks/2.30/share/em_armgcc/bin/../lib/gcc/arm-none-eabi/4.7.3/../../../../arm-none-eabi/lib/armv7e-m/fpu/crt0.o
                0x080001dc                _start
                0x080001dc                _mainCRTStartup
 .text.adcConfig
                0x08000250      0x21c obj\release\board\adc.o
                0x08000250                adcConfig
 .text.NVIC_EnableIRQ
                0x0800046c       0x38 obj\release\board\board.o
 .text.NVIC_SetPriority
                0x080004a4       0x5c obj\release\board\board.o
 .text.SysTick_Config
                0x08000500       0x64 obj\release\board\board.o
 .text.setPWM   0x08000564       0x84 obj\release\board\board.o
                0x08000564                setPWM
 .text.setVoltageMaxon
                0x080005e8      0x198 obj\release\board\board.o
                0x080005e8                setVoltageMaxon
 .text.setSpeedMaxon
                0x08000780       0xc8 obj\release\board\board.o
                0x08000780                setSpeedMaxon
 .text.add_ext_interrupt
                0x08000848      0x180 obj\release\board\board.o
                0x08000848                add_ext_interrupt
 .text.clear_ext_interrupt
                0x080009c8       0x90 obj\release\board\board.o
                0x080009c8                clear_ext_interrupt
 .text.initAll  0x08000a58     0x1d1c obj\release\board\board.o
                0x08000a58                initAll
 .text.NVIC_EnableIRQ
                0x08002774       0x38 obj\release\board\interrupts.o
 .text.NVIC_DisableIRQ
                0x080027ac       0x3c obj\release\board\interrupts.o
 .text.TIM2_IRQHandler
                0x080027e8        0xc obj\release\board\interrupts.o
                0x080027e8                TIM2_IRQHandler
 .text.TIM6_DAC_IRQHandler
                0x080027f4      0x1c0 obj\release\board\interrupts.o
                0x080027f4                TIM6_DAC_IRQHandler
 .text.TIM7_IRQHandler
                0x080029b4       0x18 obj\release\board\interrupts.o
                0x080029b4                TIM7_IRQHandler
 *fill*         0x080029cc        0x4 
 .text.TIM8_UP_TIM13_IRQHandler
                0x080029d0      0x300 obj\release\board\interrupts.o
                0x080029d0                TIM8_UP_TIM13_IRQHandler
 .text.EXTI0_IRQHandler
                0x08002cd0       0x74 obj\release\board\interrupts.o
                0x08002cd0                EXTI0_IRQHandler
 .text.EXTI1_IRQHandler
                0x08002d44       0x24 obj\release\board\interrupts.o
                0x08002d44                EXTI1_IRQHandler
 .text.EXTI2_IRQHandler
                0x08002d68       0x24 obj\release\board\interrupts.o
                0x08002d68                EXTI2_IRQHandler
 .text.EXTI3_IRQHandler
                0x08002d8c       0x24 obj\release\board\interrupts.o
                0x08002d8c                EXTI3_IRQHandler
 .text.EXTI4_IRQHandler
                0x08002db0       0x24 obj\release\board\interrupts.o
                0x08002db0                EXTI4_IRQHandler
 .text.EXTI9_5_IRQHandler
                0x08002dd4       0x7c obj\release\board\interrupts.o
                0x08002dd4                EXTI9_5_IRQHandler
 .text.EXTI15_10_IRQHandler
                0x08002e50       0x9c obj\release\board\interrupts.o
                0x08002e50                EXTI15_10_IRQHandler
 .text.DMA2_Stream0_IRQHandler
                0x08002eec       0x24 obj\release\board\interrupts.o
                0x08002eec                DMA2_Stream0_IRQHandler
 .text.timEncoderConfigure
                0x08002f10       0x44 obj\release\board\tim.o
                0x08002f10                timEncoderConfigure
 .text.timPWMConfigure
                0x08002f54       0xfc obj\release\board\tim.o
                0x08002f54                timPWMConfigure
 .text.timPIDConfigure
                0x08003050       0x48 obj\release\board\tim.o
                0x08003050                timPIDConfigure
 .text.NVIC_EnableIRQ
                0x08003098       0x38 obj\release\board\usart.o
 .text.packetCheck
                0x080030d0       0x5c obj\release\board\usart.o
                0x080030d0                packetCheck
 .text.DMA1_Stream5_IRQHandler
                0x0800312c       0x18 obj\release\board\usart.o
                0x0800312c                DMA1_Stream5_IRQHandler
 .text.uartInit
                0x08003144      0x138 obj\release\board\usart.o
                0x08003144                uartInit
 .text.configUsart1TXDMA
                0x0800327c      0x148 obj\release\board\usart.o
                0x0800327c                configUsart1TXDMA
 .text.configUsart1RXDMA
                0x080033c4      0x114 obj\release\board\usart.o
                0x080033c4                configUsart1RXDMA
 .text.putchar  0x080034d8       0x1c obj\release\board\usart.o
                0x080034d8                putchar
 .text.DMA1_Stream3_IRQHandler
                0x080034f4      0x324 obj\release\board\usart.o
                0x080034f4                DMA1_Stream3_IRQHandler
 .text.USART1_IRQHandler
                0x08003818      0x140 obj\release\board\usart.o
                0x08003818                USART1_IRQHandler
 .text.DMA2_Stream2_IRQHandler
                0x08003958      0x11c obj\release\board\usart.o
                0x08003958                DMA2_Stream2_IRQHandler
 .text.usbd_cdc_Init
                0x08003a74       0x94 obj\release\library\cdc\src\usbd_cdc_core.o
                0x08003a74                usbd_cdc_Init
 .text.usbd_cdc_DeInit
                0x08003b08       0x44 obj\release\library\cdc\src\usbd_cdc_core.o
                0x08003b08                usbd_cdc_DeInit
 .text.usbd_cdc_Setup
                0x08003b4c      0x130 obj\release\library\cdc\src\usbd_cdc_core.o
                0x08003b4c                usbd_cdc_Setup
 .text.usbd_cdc_EP0_RxReady
                0x08003c7c       0x60 obj\release\library\cdc\src\usbd_cdc_core.o
                0x08003c7c                usbd_cdc_EP0_RxReady
 .text.usbd_cdc_DataIn
                0x08003cdc      0x140 obj\release\library\cdc\src\usbd_cdc_core.o
                0x08003cdc                usbd_cdc_DataIn
 .text.usbd_cdc_DataOut
                0x08003e1c       0x64 obj\release\library\cdc\src\usbd_cdc_core.o
                0x08003e1c                usbd_cdc_DataOut
 .text.usbd_cdc_SOF
                0x08003e80       0x50 obj\release\library\cdc\src\usbd_cdc_core.o
                0x08003e80                usbd_cdc_SOF
 .text.Handle_USBAsynchXfer
                0x08003ed0      0x19c obj\release\library\cdc\src\usbd_cdc_core.o
 .text.USBD_cdc_GetCfgDesc
                0x0800406c       0x28 obj\release\library\cdc\src\usbd_cdc_core.o
 .text.USB_OTG_EnableCommonInt
                0x08004094       0x44 obj\release\library\core\src\usb_core.o
 .text.USB_OTG_CoreReset
                0x080040d8       0xa8 obj\release\library\core\src\usb_core.o
 .text.USB_OTG_WritePacket
                0x08004180       0x88 obj\release\library\core\src\usb_core.o
                0x08004180                USB_OTG_WritePacket
 .text.USB_OTG_ReadPacket
                0x08004208       0x68 obj\release\library\core\src\usb_core.o
                0x08004208                USB_OTG_ReadPacket
 .text.USB_OTG_SelectCore
                0x08004270      0x1b4 obj\release\library\core\src\usb_core.o
                0x08004270                USB_OTG_SelectCore
 .text.USB_OTG_CoreInit
                0x08004424      0x148 obj\release\library\core\src\usb_core.o
                0x08004424                USB_OTG_CoreInit
 .text.USB_OTG_EnableGlobalInt
                0x0800456c       0x3c obj\release\library\core\src\usb_core.o
                0x0800456c                USB_OTG_EnableGlobalInt
 .text.USB_OTG_DisableGlobalInt
                0x080045a8       0x40 obj\release\library\core\src\usb_core.o
                0x080045a8                USB_OTG_DisableGlobalInt
 .text.USB_OTG_FlushTxFifo
                0x080045e8       0x80 obj\release\library\core\src\usb_core.o
                0x080045e8                USB_OTG_FlushTxFifo
 .text.USB_OTG_FlushRxFifo
                0x08004668       0x6c obj\release\library\core\src\usb_core.o
                0x08004668                USB_OTG_FlushRxFifo
 .text.USB_OTG_SetCurrentMode
                0x080046d4       0x64 obj\release\library\core\src\usb_core.o
                0x080046d4                USB_OTG_SetCurrentMode
 .text.USB_OTG_GetMode
                0x08004738       0x20 obj\release\library\core\src\usb_core.o
                0x08004738                USB_OTG_GetMode
 .text.USB_OTG_IsDeviceMode
                0x08004758       0x24 obj\release\library\core\src\usb_core.o
                0x08004758                USB_OTG_IsDeviceMode
 .text.USB_OTG_ReadCoreItr
                0x0800477c       0x30 obj\release\library\core\src\usb_core.o
                0x0800477c                USB_OTG_ReadCoreItr
 .text.USB_OTG_InitDevSpeed
                0x080047ac       0x38 obj\release\library\core\src\usb_core.o
                0x080047ac                USB_OTG_InitDevSpeed
 .text.USB_OTG_CoreInitDev
                0x080047e4      0x2d8 obj\release\library\core\src\usb_core.o
                0x080047e4                USB_OTG_CoreInitDev
 .text.USB_OTG_EnableDevInt
                0x08004abc       0xb4 obj\release\library\core\src\usb_core.o
                0x08004abc                USB_OTG_EnableDevInt
 .text.USB_OTG_GetDeviceSpeed
                0x08004b70       0x68 obj\release\library\core\src\usb_core.o
                0x08004b70                USB_OTG_GetDeviceSpeed
 .text.USB_OTG_EP0Activate
                0x08004bd8       0xa0 obj\release\library\core\src\usb_core.o
                0x08004bd8                USB_OTG_EP0Activate
 .text.USB_OTG_EPActivate
                0x08004c78       0xf8 obj\release\library\core\src\usb_core.o
                0x08004c78                USB_OTG_EPActivate
 .text.USB_OTG_EPDeactivate
                0x08004d70       0xa4 obj\release\library\core\src\usb_core.o
                0x08004d70                USB_OTG_EPDeactivate
 .text.USB_OTG_EPStartXfer
                0x08004e14      0x2dc obj\release\library\core\src\usb_core.o
                0x08004e14                USB_OTG_EPStartXfer
 .text.USB_OTG_EP0StartXfer
                0x080050f0      0x1ec obj\release\library\core\src\usb_core.o
                0x080050f0                USB_OTG_EP0StartXfer
 .text.USB_OTG_EPSetStall
                0x080052dc       0x94 obj\release\library\core\src\usb_core.o
                0x080052dc                USB_OTG_EPSetStall
 .text.USB_OTG_EPClearStall
                0x08005370       0x84 obj\release\library\core\src\usb_core.o
                0x08005370                USB_OTG_EPClearStall
 .text.USB_OTG_ReadDevAllOutEp_itr
                0x080053f4       0x30 obj\release\library\core\src\usb_core.o
                0x080053f4                USB_OTG_ReadDevAllOutEp_itr
 .text.USB_OTG_ReadDevOutEP_itr
                0x08005424       0x3c obj\release\library\core\src\usb_core.o
                0x08005424                USB_OTG_ReadDevOutEP_itr
 .text.USB_OTG_ReadDevAllInEPItr
                0x08005460       0x34 obj\release\library\core\src\usb_core.o
                0x08005460                USB_OTG_ReadDevAllInEPItr
 .text.USB_OTG_EP0_OutStart
                0x08005494       0x74 obj\release\library\core\src\usb_core.o
                0x08005494                USB_OTG_EP0_OutStart
 .text.DCD_Init
                0x08005508      0x134 obj\release\library\core\src\usb_dcd.o
                0x08005508                DCD_Init
 .text.DCD_EP_Open
                0x0800563c       0xb4 obj\release\library\core\src\usb_dcd.o
                0x0800563c                DCD_EP_Open
 .text.DCD_EP_Close
                0x080056f0       0x88 obj\release\library\core\src\usb_dcd.o
                0x080056f0                DCD_EP_Close
 .text.DCD_EP_PrepareRx
                0x08005778       0x90 obj\release\library\core\src\usb_dcd.o
                0x08005778                DCD_EP_PrepareRx
 .text.DCD_EP_Tx
                0x08005808       0x88 obj\release\library\core\src\usb_dcd.o
                0x08005808                DCD_EP_Tx
 .text.DCD_EP_Stall
                0x08005890       0x8c obj\release\library\core\src\usb_dcd.o
                0x08005890                DCD_EP_Stall
 .text.DCD_EP_ClrStall
                0x0800591c       0x8c obj\release\library\core\src\usb_dcd.o
                0x0800591c                DCD_EP_ClrStall
 .text.DCD_EP_SetAddress
                0x080059a8       0x3c obj\release\library\core\src\usb_dcd.o
                0x080059a8                DCD_EP_SetAddress
 .text.USBD_OTG_ISR_Handler
                0x080059e4      0x198 obj\release\library\core\src\usb_dcd_int.o
                0x080059e4                USBD_OTG_ISR_Handler
 .text.DCD_SessionRequest_ISR
                0x08005b7c       0x3c obj\release\library\core\src\usb_dcd_int.o
 .text.DCD_OTG_ISR
                0x08005bb8       0x44 obj\release\library\core\src\usb_dcd_int.o
 .text.DCD_HandleResume_ISR
                0x08005bfc       0x8c obj\release\library\core\src\usb_dcd_int.o
 .text.DCD_HandleUSBSuspend_ISR
                0x08005c88       0xd0 obj\release\library\core\src\usb_dcd_int.o
 .text.DCD_HandleInEP_ISR
                0x08005d58      0x1b0 obj\release\library\core\src\usb_dcd_int.o
 .text.DCD_HandleOutEP_ISR
                0x08005f08      0x184 obj\release\library\core\src\usb_dcd_int.o
 .text.DCD_HandleSof_ISR
                0x0800608c       0x3c obj\release\library\core\src\usb_dcd_int.o
 .text.DCD_HandleRxStatusQueueLevel_ISR
                0x080060c8      0x118 obj\release\library\core\src\usb_dcd_int.o
 .text.DCD_WriteEmptyTxFifo
                0x080061e0      0x130 obj\release\library\core\src\usb_dcd_int.o
 .text.DCD_HandleUsbReset_ISR
                0x08006310      0x158 obj\release\library\core\src\usb_dcd_int.o
 .text.DCD_HandleEnumDone_ISR
                0x08006468      0x22c obj\release\library\core\src\usb_dcd_int.o
 .text.DCD_IsoINIncomplete_ISR
                0x08006694       0x3c obj\release\library\core\src\usb_dcd_int.o
 .text.DCD_IsoOUTIncomplete_ISR
                0x080066d0       0x3c obj\release\library\core\src\usb_dcd_int.o
 .text.DCD_ReadDevInEP
                0x0800670c       0x58 obj\release\library\core\src\usb_dcd_int.o
 .text.USBD_Init
                0x08006764       0x58 obj\release\library\core\src\usbd_core.o
                0x08006764                USBD_Init
 .text.USBD_DeInit
                0x080067bc       0x18 obj\release\library\core\src\usbd_core.o
                0x080067bc                USBD_DeInit
 .text.USBD_SetupStage
                0x080067d4       0x70 obj\release\library\core\src\usbd_core.o
 .text.USBD_DataOutStage
                0x08006844       0xd4 obj\release\library\core\src\usbd_core.o
 .text.USBD_DataInStage
                0x08006918      0x150 obj\release\library\core\src\usbd_core.o
 .text.USBD_RunTestMode
                0x08006a68       0x28 obj\release\library\core\src\usbd_core.o
 .text.USBD_Reset
                0x08006a90       0x54 obj\release\library\core\src\usbd_core.o
 .text.USBD_Resume
                0x08006ae4       0x38 obj\release\library\core\src\usbd_core.o
 .text.USBD_Suspend
                0x08006b1c       0x38 obj\release\library\core\src\usbd_core.o
 .text.USBD_SOF
                0x08006b54       0x30 obj\release\library\core\src\usbd_core.o
 .text.USBD_SetCfg
                0x08006b84       0x34 obj\release\library\core\src\usbd_core.o
                0x08006b84                USBD_SetCfg
 .text.USBD_ClrCfg
                0x08006bb8       0x2c obj\release\library\core\src\usbd_core.o
                0x08006bb8                USBD_ClrCfg
 .text.USBD_IsoINIncomplete
                0x08006be4       0x24 obj\release\library\core\src\usbd_core.o
 .text.USBD_IsoOUTIncomplete
                0x08006c08       0x24 obj\release\library\core\src\usbd_core.o
 .text.USBD_DevConnected
                0x08006c2c       0x2c obj\release\library\core\src\usbd_core.o
 .text.USBD_DevDisconnected
                0x08006c58       0x3c obj\release\library\core\src\usbd_core.o
 .text.USBD_CtlSendData
                0x08006c94       0x48 obj\release\library\core\src\usbd_ioreq.o
                0x08006c94                USBD_CtlSendData
 .text.USBD_CtlContinueSendData
                0x08006cdc       0x30 obj\release\library\core\src\usbd_ioreq.o
                0x08006cdc                USBD_CtlContinueSendData
 .text.USBD_CtlPrepareRx
                0x08006d0c       0x48 obj\release\library\core\src\usbd_ioreq.o
                0x08006d0c                USBD_CtlPrepareRx
 .text.USBD_CtlContinueRx
                0x08006d54       0x30 obj\release\library\core\src\usbd_ioreq.o
                0x08006d54                USBD_CtlContinueRx
 .text.USBD_CtlSendStatus
                0x08006d84       0x3c obj\release\library\core\src\usbd_ioreq.o
                0x08006d84                USBD_CtlSendStatus
 .text.USBD_CtlReceiveStatus
                0x08006dc0       0x3c obj\release\library\core\src\usbd_ioreq.o
                0x08006dc0                USBD_CtlReceiveStatus
 .text.USBD_StdDevReq
                0x08006dfc       0xa4 obj\release\library\core\src\usbd_req.o
                0x08006dfc                USBD_StdDevReq
 .text.USBD_StdItfReq
                0x08006ea0       0x6c obj\release\library\core\src\usbd_req.o
                0x08006ea0                USBD_StdItfReq
 .text.USBD_StdEPReq
                0x08006f0c      0x200 obj\release\library\core\src\usbd_req.o
                0x08006f0c                USBD_StdEPReq
 .text.USBD_GetDescriptor
                0x0800710c      0x1b0 obj\release\library\core\src\usbd_req.o
 .text.USBD_SetAddress
                0x080072bc       0x80 obj\release\library\core\src\usbd_req.o
 .text.USBD_SetConfig
                0x0800733c      0x134 obj\release\library\core\src\usbd_req.o
 .text.USBD_GetConfig
                0x08007470       0x68 obj\release\library\core\src\usbd_req.o
 .text.USBD_GetStatus
                0x080074d8       0x70 obj\release\library\core\src\usbd_req.o
 .text.USBD_SetFeature
                0x08007548       0xfc obj\release\library\core\src\usbd_req.o
 .text.USBD_ClrFeature
                0x08007644       0x58 obj\release\library\core\src\usbd_req.o
 .text.USBD_ParseSetupRequest
                0x0800769c       0x94 obj\release\library\core\src\usbd_req.o
                0x0800769c                USBD_ParseSetupRequest
 .text.USBD_CtlError
                0x08007730       0x2c obj\release\library\core\src\usbd_req.o
                0x08007730                USBD_CtlError
 .text.USBD_GetString
                0x0800775c       0x9c obj\release\library\core\src\usbd_req.o
                0x0800775c                USBD_GetString
 .text.USBD_GetLen
                0x080077f8       0x38 obj\release\library\core\src\usbd_req.o
 .text.pushByte
                0x08007830      0x1b0 obj\release\robot\communication.o
                0x08007830                pushByte
 .text.sendAnswer
                0x080079e0      0x1b8 obj\release\robot\communication.o
                0x080079e0                sendAnswer
 .text.CRC16_BUYPASS
                0x08007b98       0x8c obj\release\robot\dynamixel_control.o
                0x08007b98                CRC16_BUYPASS
 .text.sendServoCommand
                0x08007c24      0x254 obj\release\robot\dynamixel_control.o
                0x08007c24                sendServoCommand
 .text.getServoResponse
                0x08007e78       0x10 obj\release\robot\dynamixel_control.o
                0x08007e78                getServoResponse
 .text.getAndCheckResponse
                0x08007e88       0x58 obj\release\robot\dynamixel_control.o
                0x08007e88                getAndCheckResponse
 .text.setServoTorque
                0x08007ee0       0x88 obj\release\robot\dynamixel_control.o
                0x08007ee0                setServoTorque
 .text.setServoMovingSpeed
                0x08007f68       0xb4 obj\release\robot\dynamixel_control.o
                0x08007f68                setServoMovingSpeed
 *fill*         0x0800801c        0x4 
 .text.setServoAngle
                0x08008020       0xb0 obj\release\robot\dynamixel_control.o
                0x08008020                setServoAngle
 .text.setServoCWAngleLimit
                0x080080d0       0x7c obj\release\robot\dynamixel_control.o
                0x080080d0                setServoCWAngleLimit
 .text.setServoCCWAngleLimit
                0x0800814c       0x64 obj\release\robot\dynamixel_control.o
                0x0800814c                setServoCCWAngleLimit
 .text.sendServoByte
                0x080081b0       0x3c obj\release\robot\dynamixel_control.o
                0x080081b0                sendServoByte
 .text.USART3_IRQHandler
                0x080081ec       0x80 obj\release\robot\dynamixel_control.o
                0x080081ec                USART3_IRQHandler
 .text.manip_core
                0x0800826c        0xc obj\release\robot\manipulators.o
                0x0800826c                manip_core
 .text.softDelay
                0x08008278       0x24 obj\release\robot\manipulators.o
                0x08008278                softDelay
 .text.goInsideWithSuckingManipulator
                0x0800829c      0x108 obj\release\robot\manipulators.o
                0x0800829c                goInsideWithSuckingManipulator
 .text.goOutsideWithSuckingManipulator
                0x080083a4      0x100 obj\release\robot\manipulators.o
                0x080083a4                goOutsideWithSuckingManipulator
 *fill*         0x080084a4        0x4 
 .text.getCurrentColor
                0x080084a8      0x2b8 obj\release\robot\manipulators.o
                0x080084a8                getCurrentColor
 .text.setPositionOfCylinderCarrier
                0x08008760      0x270 obj\release\robot\manipulators.o
                0x08008760                setPositionOfCylinderCarrier
 .text.setPositionOfCylinderCarrierByTime
                0x080089d0      0x1d8 obj\release\robot\manipulators.o
                0x080089d0                setPositionOfCylinderCarrierByTime
 .text.increaseByGivenAngle
                0x08008ba8       0x30 obj\release\robot\manipulators.o
                0x08008ba8                increaseByGivenAngle
 .text.decreaseByGivenAngle
                0x08008bd8       0x30 obj\release\robot\manipulators.o
                0x08008bd8                decreaseByGivenAngle
 .text.servo_elevate_in
                0x08008c08       0x14 obj\release\robot\manipulators.o
                0x08008c08                servo_elevate_in
 .text.servo_elevate_out
                0x08008c1c       0x14 obj\release\robot\manipulators.o
                0x08008c1c                servo_elevate_out
 .text.servo_rotate_90
                0x08008c30       0x20 obj\release\robot\manipulators.o
                0x08008c30                servo_rotate_90
 .text.servo_rotate_180
                0x08008c50       0x20 obj\release\robot\manipulators.o
                0x08008c50                servo_rotate_180
 .text.switchOnPneumo
                0x08008c70       0x20 obj\release\robot\manipulators.o
                0x08008c70                switchOnPneumo
 .text.switchOffPneumo
                0x08008c90       0x20 obj\release\robot\manipulators.o
                0x08008c90                switchOffPneumo
 .text.removePoint
                0x08008cb0       0xcc obj\release\robot\regulator.o
                0x08008cb0                removePoint
 .text.addPointInFrontOfQueue
                0x08008d7c      0x124 obj\release\robot\regulator.o
                0x08008d7c                addPointInFrontOfQueue
 .text.initRegulators
                0x08008ea0       0xcc obj\release\robot\regulator.o
                0x08008ea0                initRegulators
 .text.MaxValue
                0x08008f6c       0x80 obj\release\robot\regulator.o
                0x08008f6c                MaxValue
 *fill*         0x08008fec        0x4 
 .text.FunctionalRegulator
                0x08008ff0      0x228 obj\release\robot\regulator.o
                0x08008ff0                FunctionalRegulator
 .text.Regulate
                0x08009218      0x1b8 obj\release\robot\regulator.o
                0x08009218                Regulate
 .text.TrackRegulator
                0x080093d0      0x1d8 obj\release\robot\regulator.o
                0x080093d0                TrackRegulator
 .text.rangeAngle
                0x080095a8      0x100 obj\release\robot\regulator.o
                0x080095a8                rangeAngle
 .text.RotMoving
                0x080096a8      0x13c obj\release\robot\regulator.o
                0x080096a8                RotMoving
 .text.Moving   0x080097e4       0xd4 obj\release\robot\regulator.o
                0x080097e4                Moving
 .text.pidCalc  0x080098b8      0x1e8 obj\release\robot\regulator.o
                0x080098b8                pidCalc
 .text.GetDataForRegulators
                0x08009aa0      0x3b0 obj\release\robot\regulator.o
                0x08009aa0                GetDataForRegulators
 .text.CreatePath
                0x08009e50      0x200 obj\release\robot\regulator.o
                0x08009e50                CreatePath
 .text.matrixCopy
                0x0800a050       0x7c obj\release\robot\matrix.o
                0x0800a050                matrixCopy
 .text.matrixMultiplyM2M
                0x0800a0cc       0xe4 obj\release\robot\matrix.o
                0x0800a0cc                matrixMultiplyM2M
 .text.matrixMultiplyS2M
                0x0800a1b0       0x8c obj\release\robot\matrix.o
                0x0800a1b0                matrixMultiplyS2M
 .text.matrixPlusMinus
                0x0800a23c      0x128 obj\release\robot\matrix.o
                0x0800a23c                matrixPlusMinus
 .text.matrixTranspose
                0x0800a364       0x7c obj\release\robot\matrix.o
                0x0800a364                matrixTranspose
 .text.execCommand
                0x0800a3e0     0x2ebc obj\release\robot\robot.o
                0x0800a3e0                execCommand
 .text.NMI_Handler
                0x0800d29c        0xc obj\release\usb app\stm32fxxx_it.o
                0x0800d29c                NMI_Handler
 .text.HardFault_Handler
                0x0800d2a8        0x8 obj\release\usb app\stm32fxxx_it.o
                0x0800d2a8                HardFault_Handler
 .text.MemManage_Handler
                0x0800d2b0        0x8 obj\release\usb app\stm32fxxx_it.o
                0x0800d2b0                MemManage_Handler
 .text.BusFault_Handler
                0x0800d2b8        0x8 obj\release\usb app\stm32fxxx_it.o
                0x0800d2b8                BusFault_Handler
 .text.UsageFault_Handler
                0x0800d2c0        0x8 obj\release\usb app\stm32fxxx_it.o
                0x0800d2c0                UsageFault_Handler
 .text.SVC_Handler
                0x0800d2c8        0xc obj\release\usb app\stm32fxxx_it.o
                0x0800d2c8                SVC_Handler
 .text.DebugMon_Handler
                0x0800d2d4        0xc obj\release\usb app\stm32fxxx_it.o
                0x0800d2d4                DebugMon_Handler
 .text.PendSV_Handler
                0x0800d2e0        0xc obj\release\usb app\stm32fxxx_it.o
                0x0800d2e0                PendSV_Handler
 .text.OTG_FS_IRQHandler
                0x0800d2ec       0x14 obj\release\usb app\stm32fxxx_it.o
                0x0800d2ec                OTG_FS_IRQHandler
 .text.USB_OTG_BSP_Init
                0x0800d300      0x110 obj\release\usb app\usb_bsp.o
                0x0800d300                USB_OTG_BSP_Init
 .text.USB_OTG_BSP_EnableInterrupt
                0x0800d410       0x3c obj\release\usb app\usb_bsp.o
                0x0800d410                USB_OTG_BSP_EnableInterrupt
 .text.USB_OTG_BSP_uDelay
                0x0800d44c       0x58 obj\release\usb app\usb_bsp.o
                0x0800d44c                USB_OTG_BSP_uDelay
 .text.USB_OTG_BSP_mDelay
                0x0800d4a4       0x20 obj\release\usb app\usb_bsp.o
                0x0800d4a4                USB_OTG_BSP_mDelay
 .text.VCP_Init
                0x0800d4c4       0x18 obj\release\usb app\usbd_cdc_vcp.o
 .text.VCP_DeInit
                0x0800d4dc       0x10 obj\release\usb app\usbd_cdc_vcp.o
 .text.VCP_Ctrl
                0x0800d4ec      0x1bc obj\release\usb app\usbd_cdc_vcp.o
 .text.VCP_DataTx
                0x0800d6a8       0x10 obj\release\usb app\usbd_cdc_vcp.o
 .text.VCP_DataRx
                0x0800d6b8       0x40 obj\release\usb app\usbd_cdc_vcp.o
 .text.VCP_COMConfig
                0x0800d6f8      0x150 obj\release\usb app\usbd_cdc_vcp.o
 .text.USBD_USR_DeviceDescriptor
                0x0800d848       0x28 obj\release\usb app\usbd_desc.o
                0x0800d848                USBD_USR_DeviceDescriptor
 .text.USBD_USR_LangIDStrDescriptor
                0x0800d870       0x28 obj\release\usb app\usbd_desc.o
                0x0800d870                USBD_USR_LangIDStrDescriptor
 .text.USBD_USR_ProductStrDescriptor
                0x0800d898       0x54 obj\release\usb app\usbd_desc.o
                0x0800d898                USBD_USR_ProductStrDescriptor
 .text.USBD_USR_ManufacturerStrDescriptor
                0x0800d8ec       0x34 obj\release\usb app\usbd_desc.o
                0x0800d8ec                USBD_USR_ManufacturerStrDescriptor
 .text.USBD_USR_SerialStrDescriptor
                0x0800d920       0x2c obj\release\usb app\usbd_desc.o
                0x0800d920                USBD_USR_SerialStrDescriptor
 .text.USBD_USR_ConfigStrDescriptor
                0x0800d94c       0x54 obj\release\usb app\usbd_desc.o
                0x0800d94c                USBD_USR_ConfigStrDescriptor
 .text.USBD_USR_InterfaceStrDescriptor
                0x0800d9a0       0x54 obj\release\usb app\usbd_desc.o
                0x0800d9a0                USBD_USR_InterfaceStrDescriptor
 .text.Get_SerialNum
                0x0800d9f4       0x60 obj\release\usb app\usbd_desc.o
 .text.IntToUnicode
                0x0800da54       0x94 obj\release\usb app\usbd_desc.o
 .text.USBD_USR_Init
                0x0800dae8        0xc obj\release\usb app\usbd_usr.o
                0x0800dae8                USBD_USR_Init
 .text.USBD_USR_DeviceReset
                0x0800daf4       0x14 obj\release\usb app\usbd_usr.o
                0x0800daf4                USBD_USR_DeviceReset
 .text.USBD_USR_DeviceConfigured
                0x0800db08        0xc obj\release\usb app\usbd_usr.o
                0x0800db08                USBD_USR_DeviceConfigured
 .text.USBD_USR_DeviceSuspended
                0x0800db14        0xc obj\release\usb app\usbd_usr.o
                0x0800db14                USBD_USR_DeviceSuspended
 .text.USBD_USR_DeviceResumed
                0x0800db20        0xc obj\release\usb app\usbd_usr.o
                0x0800db20                USBD_USR_DeviceResumed
 .text.USBD_USR_DeviceConnected
                0x0800db2c        0xc obj\release\usb app\usbd_usr.o
                0x0800db2c                USBD_USR_DeviceConnected
 .text.USBD_USR_DeviceDisconnected
                0x0800db38        0xc obj\release\usb app\usbd_usr.o
                0x0800db38                USBD_USR_DeviceDisconnected
 .text.NVIC_PriorityGroupConfig
                0x0800db44       0x28 obj\release\spl\src\misc.o
                0x0800db44                NVIC_PriorityGroupConfig
 .text.NVIC_Init
                0x0800db6c       0xe4 obj\release\spl\src\misc.o
                0x0800db6c                NVIC_Init
 .text.GPIO_Init
                0x0800dc50      0x144 obj\release\spl\src\stm32f4xx_gpio.o
                0x0800dc50                GPIO_Init
 .text.GPIO_PinAFConfig
                0x0800dd94       0xa8 obj\release\spl\src\stm32f4xx_gpio.o
                0x0800dd94                GPIO_PinAFConfig
 .text.RCC_GetClocksFreq
                0x0800de3c      0x1cc obj\release\spl\src\stm32f4xx_rcc.o
                0x0800de3c                RCC_GetClocksFreq
 .text.RCC_AHB1PeriphClockCmd
                0x0800e008       0x54 obj\release\spl\src\stm32f4xx_rcc.o
                0x0800e008                RCC_AHB1PeriphClockCmd
 .text.RCC_AHB2PeriphClockCmd
                0x0800e05c       0x54 obj\release\spl\src\stm32f4xx_rcc.o
                0x0800e05c                RCC_AHB2PeriphClockCmd
 .text.RCC_APB1PeriphClockCmd
                0x0800e0b0       0x54 obj\release\spl\src\stm32f4xx_rcc.o
                0x0800e0b0                RCC_APB1PeriphClockCmd
 .text.RCC_APB2PeriphClockCmd
                0x0800e104       0x54 obj\release\spl\src\stm32f4xx_rcc.o
                0x0800e104                RCC_APB2PeriphClockCmd
 .text.USART_SendData
                0x0800e158       0x28 obj\release\spl\src\stm32f4xx_usart.o
                0x0800e158                USART_SendData
 .text.USART_ReceiveData
                0x0800e180       0x24 obj\release\spl\src\stm32f4xx_usart.o
                0x0800e180                USART_ReceiveData
 .text.USART_GetFlagStatus
                0x0800e1a4       0x40 obj\release\spl\src\stm32f4xx_usart.o
                0x0800e1a4                USART_GetFlagStatus
 .text.USART_GetITStatus
                0x0800e1e4       0xc4 obj\release\spl\src\stm32f4xx_usart.o
                0x0800e1e4                USART_GetITStatus
 .text.NVIC_SetPriority
                0x0800e2a8       0x5c obj\release\src\main.o
 .text.SysTick_Config
                0x0800e304       0x64 obj\release\src\main.o
 .text.SysTick_Handler
                0x0800e368       0x24 obj\release\src\main.o
                0x0800e368                SysTick_Handler
 .text.main     0x0800e38c       0xb4 obj\release\src\main.o
                0x0800e38c                main
 .text          0x0800e440      0x108 obj\release\src\startup_stm32f4xx.o
                0x0800e440                Reset_Handler
                0x0800e498                Default_Handler
                0x0800e49a                WWDG_IRQHandler
                0x0800e49c                PVD_IRQHandler
                0x0800e49e                TAMP_STAMP_IRQHandler
                0x0800e4a0                RTC_WKUP_IRQHandler
                0x0800e4a2                FLASH_IRQHandler
                0x0800e4a4                RCC_IRQHandler
                0x0800e4b0                DMA1_Stream0_IRQHandler
                0x0800e4b2                DMA1_Stream1_IRQHandler
                0x0800e4b4                DMA1_Stream2_IRQHandler
                0x0800e4b8                DMA1_Stream4_IRQHandler
                0x0800e4bc                DMA1_Stream6_IRQHandler
                0x0800e4be                ADC_IRQHandler
                0x0800e4c0                CAN1_TX_IRQHandler
                0x0800e4c2                CAN1_RX0_IRQHandler
                0x0800e4c4                CAN1_RX1_IRQHandler
                0x0800e4c6                CAN1_SCE_IRQHandler
                0x0800e4ca                TIM1_BRK_TIM9_IRQHandler
                0x0800e4cc                TIM1_UP_TIM10_IRQHandler
                0x0800e4ce                TIM1_TRG_COM_TIM11_IRQHandler
                0x0800e4d0                TIM1_CC_IRQHandler
                0x0800e4d4                TIM3_IRQHandler
                0x0800e4d6                TIM4_IRQHandler
                0x0800e4d8                I2C1_EV_IRQHandler
                0x0800e4da                I2C1_ER_IRQHandler
                0x0800e4dc                I2C2_EV_IRQHandler
                0x0800e4de                I2C2_ER_IRQHandler
                0x0800e4e0                SPI1_IRQHandler
                0x0800e4e2                SPI2_IRQHandler
                0x0800e4e6                USART2_IRQHandler
                0x0800e4ec                RTC_Alarm_IRQHandler
                0x0800e4ee                OTG_FS_WKUP_IRQHandler
                0x0800e4f0                TIM8_BRK_TIM12_IRQHandler
                0x0800e4f4                TIM8_TRG_COM_TIM14_IRQHandler
                0x0800e4f6                TIM8_CC_IRQHandler
                0x0800e4f8                DMA1_Stream7_IRQHandler
                0x0800e4fa                FSMC_IRQHandler
                0x0800e4fc                SDIO_IRQHandler
                0x0800e4fe                TIM5_IRQHandler
                0x0800e500                SPI3_IRQHandler
                0x0800e502                UART4_IRQHandler
                0x0800e504                UART5_IRQHandler
                0x0800e50c                DMA2_Stream1_IRQHandler
                0x0800e510                DMA2_Stream3_IRQHandler
                0x0800e512                DMA2_Stream4_IRQHandler
                0x0800e514                ETH_IRQHandler
                0x0800e516                ETH_WKUP_IRQHandler
                0x0800e518                CAN2_TX_IRQHandler
                0x0800e51a                CAN2_RX0_IRQHandler
                0x0800e51c                CAN2_RX1_IRQHandler
                0x0800e51e                CAN2_SCE_IRQHandler
                0x0800e522                DMA2_Stream5_IRQHandler
                0x0800e524                DMA2_Stream6_IRQHandler
                0x0800e526                DMA2_Stream7_IRQHandler
                0x0800e528                USART6_IRQHandler
                0x0800e52a                I2C3_EV_IRQHandler
                0x0800e52c                I2C3_ER_IRQHandler
                0x0800e52e                OTG_HS_EP1_OUT_IRQHandler
                0x0800e530                OTG_HS_EP1_IN_IRQHandler
                0x0800e532                OTG_HS_WKUP_IRQHandler
                0x0800e534                OTG_HS_IRQHandler
                0x0800e536                DCMI_IRQHandler
                0x0800e538                CRYP_IRQHandler
                0x0800e53a                HASH_RNG_IRQHandler
                0x0800e53c                FPU_IRQHandler
 .text.SystemInit
                0x0800e548       0xb0 obj\release\src\system_stm32f4xx.o
                0x0800e548                SystemInit
 .text.SetSysClock
                0x0800e5f8      0x188 obj\release\src\system_stm32f4xx.o
 .text          0x0800e780      0x370 c:/program files (x86)/emblocks/2.30/share/em_armgcc/bin/../lib/gcc/arm-none-eabi/4.7.3/armv7e-m/fpu\libgcc.a(_arm_addsubdf3.o)
                0x0800e780                __aeabi_drsub
                0x0800e788                __aeabi_dsub
                0x0800e788                __subdf3
                0x0800e78c                __aeabi_dadd
                0x0800e78c                __adddf3
                0x0800ea04                __floatunsidf
                0x0800ea04                __aeabi_ui2d
                0x0800ea24                __floatsidf
                0x0800ea24                __aeabi_i2d
                0x0800ea48                __aeabi_f2d
                0x0800ea48                __extendsfdf2
                0x0800ea84                __floatundidf
                0x0800ea84                __aeabi_ul2d
                0x0800ea94                __floatdidf
                0x0800ea94                __aeabi_l2d
 .text          0x0800eaf0      0x424 c:/program files (x86)/emblocks/2.30/share/em_armgcc/bin/../lib/gcc/arm-none-eabi/4.7.3/armv7e-m/fpu\libgcc.a(_arm_muldivdf3.o)
                0x0800eaf0                __aeabi_dmul
                0x0800eaf0                __muldf3
                0x0800ed44                __divdf3
                0x0800ed44                __aeabi_ddiv
 .text          0x0800ef14      0x110 c:/program files (x86)/emblocks/2.30/share/em_armgcc/bin/../lib/gcc/arm-none-eabi/4.7.3/armv7e-m/fpu\libgcc.a(_arm_cmpdf2.o)
                0x0800ef14                __gtdf2
                0x0800ef14                __gedf2
                0x0800ef1c                __ltdf2
                0x0800ef1c                __ledf2
                0x0800ef24                __nedf2
                0x0800ef24                __eqdf2
                0x0800ef24                __cmpdf2
                0x0800efa0                __aeabi_cdrcmple
                0x0800efb0                __aeabi_cdcmpeq
                0x0800efb0                __aeabi_cdcmple
                0x0800efc0                __aeabi_dcmpeq
                0x0800efd4                __aeabi_dcmplt
                0x0800efe8                __aeabi_dcmple
                0x0800effc                __aeabi_dcmpge
                0x0800f010                __aeabi_dcmpgt
 .text          0x0800f024       0x50 c:/program files (x86)/emblocks/2.30/share/em_armgcc/bin/../lib/gcc/arm-none-eabi/4.7.3/armv7e-m/fpu\libgcc.a(_arm_fixdfsi.o)
                0x0800f024                __aeabi_d2iz
                0x0800f024                __fixdfsi
 .text          0x0800f074       0x40 c:/program files (x86)/emblocks/2.30/share/em_armgcc/bin/../lib/gcc/arm-none-eabi/4.7.3/armv7e-m/fpu\libgcc.a(_arm_fixunsdfsi.o)
                0x0800f074                __aeabi_d2uiz
                0x0800f074                __fixunsdfsi
 .text          0x0800f0b4       0xa0 c:/program files (x86)/emblocks/2.30/share/em_armgcc/bin/../lib/gcc/arm-none-eabi/4.7.3/armv7e-m/fpu\libgcc.a(_arm_truncdfsf2.o)
                0x0800f0b4                __truncdfsf2
                0x0800f0b4                __aeabi_d2f
 .text.exit     0x0800f154       0x20 c:/program files (x86)/emblocks/2.30/share/em_armgcc/bin/../lib/gcc/arm-none-eabi/4.7.3/../../../../arm-none-eabi/lib/armv7e-m/fpu\libc_f.a(lib_a-exit.o)
                0x0800f154                exit
 .text.__libc_init_array
                0x0800f174       0x50 c:/program files (x86)/emblocks/2.30/share/em_armgcc/bin/../lib/gcc/arm-none-eabi/4.7.3/../../../../arm-none-eabi/lib/armv7e-m/fpu\libc_f.a(lib_a-init.o)
                0x0800f174                __libc_init_array
 .text          0x0800f1c4      0x134 c:/program files (x86)/emblocks/2.30/share/em_armgcc/bin/../lib/gcc/arm-none-eabi/4.7.3/../../../../arm-none-eabi/lib/armv7e-m/fpu\libc_f.a(lib_a-memcpy.o)
                0x0800f1c4                memcpy
 .text.memset   0x0800f2f8       0x98 c:/program files (x86)/emblocks/2.30/share/em_armgcc/bin/../lib/gcc/arm-none-eabi/4.7.3/../../../../arm-none-eabi/lib/armv7e-m/fpu\libc_f.a(lib_a-memset.o)
                0x0800f2f8                memset
 .text.strlen   0x0800f390       0x60 c:/program files (x86)/emblocks/2.30/share/em_armgcc/bin/../lib/gcc/arm-none-eabi/4.7.3/../../../../arm-none-eabi/lib/armv7e-m/fpu\libc_f.a(lib_a-strlen.o)
                0x0800f390                strlen
 .text.startup.register_fini
                0x0800f3f0       0x14 c:/program files (x86)/emblocks/2.30/share/em_armgcc/bin/../lib/gcc/arm-none-eabi/4.7.3/../../../../arm-none-eabi/lib/armv7e-m/fpu\libc_f.a(lib_a-__call_atexit.o)
 .text.__call_exitprocs
                0x0800f404      0x164 c:/program files (x86)/emblocks/2.30/share/em_armgcc/bin/../lib/gcc/arm-none-eabi/4.7.3/../../../../arm-none-eabi/lib/armv7e-m/fpu\libc_f.a(lib_a-__call_atexit.o)
                0x0800f404                __call_exitprocs
 .text.atexit   0x0800f568        0xc c:/program files (x86)/emblocks/2.30/share/em_armgcc/bin/../lib/gcc/arm-none-eabi/4.7.3/../../../../arm-none-eabi/lib/armv7e-m/fpu\libc_f.a(lib_a-atexit.o)
                0x0800f568                atexit
 .text.__libc_fini_array
                0x0800f574       0x2c c:/program files (x86)/emblocks/2.30/share/em_armgcc/bin/../lib/gcc/arm-none-eabi/4.7.3/../../../../arm-none-eabi/lib/armv7e-m/fpu\libc_f.a(lib_a-fini.o)
                0x0800f574                __libc_fini_array
 .text.__register_exitproc
                0x0800f5a0       0xb0 c:/program files (x86)/emblocks/2.30/share/em_armgcc/bin/../lib/gcc/arm-none-eabi/4.7.3/../../../../arm-none-eabi/lib/armv7e-m/fpu\libc_f.a(lib_a-__atexit.o)
                0x0800f5a0                __register_exitproc
 .text.atan     0x0800f650      0x3b0 c:/program files (x86)/emblocks/2.30/share/em_armgcc/bin/../lib/gcc/arm-none-eabi/4.7.3/../../../../arm-none-eabi/lib/armv7e-m/fpu\libm_f.a(lib_a-s_atan.o)
                0x0800f650                atan
 .text.cos      0x0800fa00       0xb0 c:/program files (x86)/emblocks/2.30/share/em_armgcc/bin/../lib/gcc/arm-none-eabi/4.7.3/../../../../arm-none-eabi/lib/armv7e-m/fpu\libm_f.a(lib_a-s_cos.o)
                0x0800fa00                cos
 .text.fabs     0x0800fab0       0x14 c:/program files (x86)/emblocks/2.30/share/em_armgcc/bin/../lib/gcc/arm-none-eabi/4.7.3/../../../../arm-none-eabi/lib/armv7e-m/fpu\libm_f.a(lib_a-s_fabs.o)
                0x0800fab0                fabs
 *fill*         0x0800fac4        0x4 
 .text.sin      0x0800fac8       0xb0 c:/program files (x86)/emblocks/2.30/share/em_armgcc/bin/../lib/gcc/arm-none-eabi/4.7.3/../../../../arm-none-eabi/lib/armv7e-m/fpu\libm_f.a(lib_a-s_sin.o)
                0x0800fac8                sin
 .text.cosf     0x0800fb78       0x74 c:/program files (x86)/emblocks/2.30/share/em_armgcc/bin/../lib/gcc/arm-none-eabi/4.7.3/../../../../arm-none-eabi/lib/armv7e-m/fpu\libm_f.a(lib_a-sf_cos.o)
                0x0800fb78                cosf
 .text.fabsf    0x0800fbec       0x10 c:/program files (x86)/emblocks/2.30/share/em_armgcc/bin/../lib/gcc/arm-none-eabi/4.7.3/../../../../arm-none-eabi/lib/armv7e-m/fpu\libm_f.a(lib_a-sf_fabs.o)
                0x0800fbec                fabsf
 .text.sinf     0x0800fbfc       0x78 c:/program files (x86)/emblocks/2.30/share/em_armgcc/bin/../lib/gcc/arm-none-eabi/4.7.3/../../../../arm-none-eabi/lib/armv7e-m/fpu\libm_f.a(lib_a-sf_sin.o)
                0x0800fbfc                sinf
 .text.fmod     0x0800fc74       0xd4 c:/program files (x86)/emblocks/2.30/share/em_armgcc/bin/../lib/gcc/arm-none-eabi/4.7.3/../../../../arm-none-eabi/lib/armv7e-m/fpu\libm_f.a(lib_a-w_fmod.o)
                0x0800fc74                fmod
 .text.sqrt     0x0800fd48       0xb4 c:/program files (x86)/emblocks/2.30/share/em_armgcc/bin/../lib/gcc/arm-none-eabi/4.7.3/../../../../arm-none-eabi/lib/armv7e-m/fpu\libm_f.a(lib_a-w_sqrt.o)
                0x0800fd48                sqrt
 .text.sqrtf    0x0800fdfc       0xb0 c:/program files (x86)/emblocks/2.30/share/em_armgcc/bin/../lib/gcc/arm-none-eabi/4.7.3/../../../../arm-none-eabi/lib/armv7e-m/fpu\libm_f.a(lib_a-wf_sqrt.o)
                0x0800fdfc                sqrtf
 *fill*         0x0800feac        0x4 
 .text.__ieee754_fmod
                0x0800feb0      0x298 c:/program files (x86)/emblocks/2.30/share/em_armgcc/bin/../lib/gcc/arm-none-eabi/4.7.3/../../../../arm-none-eabi/lib/armv7e-m/fpu\libm_f.a(lib_a-e_fmod.o)
                0x0800feb0                __ieee754_fmod
 .text.__ieee754_rem_pio2
                0x08010148      0x408 c:/program files (x86)/emblocks/2.30/share/em_armgcc/bin/../lib/gcc/arm-none-eabi/4.7.3/../../../../arm-none-eabi/lib/armv7e-m/fpu\libm_f.a(lib_a-e_rem_pio2.o)
                0x08010148                __ieee754_rem_pio2
 .text.__ieee754_sqrt
                0x08010550      0x1a8 c:/program files (x86)/emblocks/2.30/share/em_armgcc/bin/../lib/gcc/arm-none-eabi/4.7.3/../../../../arm-none-eabi/lib/armv7e-m/fpu\libm_f.a(lib_a-e_sqrt.o)
                0x08010550                __ieee754_sqrt
 .text.__ieee754_rem_pio2f
                0x080106f8      0x25c c:/program files (x86)/emblocks/2.30/share/em_armgcc/bin/../lib/gcc/arm-none-eabi/4.7.3/../../../../arm-none-eabi/lib/armv7e-m/fpu\libm_f.a(lib_a-ef_rem_pio2.o)
                0x080106f8                __ieee754_rem_pio2f
 .text.__ieee754_sqrtf
                0x08010954       0xa8 c:/program files (x86)/emblocks/2.30/share/em_armgcc/bin/../lib/gcc/arm-none-eabi/4.7.3/../../../../arm-none-eabi/lib/armv7e-m/fpu\libm_f.a(lib_a-ef_sqrt.o)
                0x08010954                __ieee754_sqrtf
 *fill*         0x080109fc        0x4 
 .text.__kernel_cos
                0x08010a00      0x260 c:/program files (x86)/emblocks/2.30/share/em_armgcc/bin/../lib/gcc/arm-none-eabi/4.7.3/../../../../arm-none-eabi/lib/armv7e-m/fpu\libm_f.a(lib_a-k_cos.o)
                0x08010a00                __kernel_cos
 .text.__kernel_rem_pio2
                0x08010c60      0x768 c:/program files (x86)/emblocks/2.30/share/em_armgcc/bin/../lib/gcc/arm-none-eabi/4.7.3/../../../../arm-none-eabi/lib/armv7e-m/fpu\libm_f.a(lib_a-k_rem_pio2.o)
                0x08010c60                __kernel_rem_pio2
 .text.__kernel_sin
                0x080113c8      0x178 c:/program files (x86)/emblocks/2.30/share/em_armgcc/bin/../lib/gcc/arm-none-eabi/4.7.3/../../../../arm-none-eabi/lib/armv7e-m/fpu\libm_f.a(lib_a-k_sin.o)
                0x080113c8                __kernel_sin
 .text.__kernel_cosf
                0x08011540      0x100 c:/program files (x86)/emblocks/2.30/share/em_armgcc/bin/../lib/gcc/arm-none-eabi/4.7.3/../../../../arm-none-eabi/lib/armv7e-m/fpu\libm_f.a(lib_a-kf_cos.o)
                0x08011540                __kernel_cosf
 .text.__kernel_rem_pio2f
                0x08011640      0x5e0 c:/program files (x86)/emblocks/2.30/share/em_armgcc/bin/../lib/gcc/arm-none-eabi/4.7.3/../../../../arm-none-eabi/lib/armv7e-m/fpu\libm_f.a(lib_a-kf_rem_pio2.o)
                0x08011640                __kernel_rem_pio2f
 .text.__kernel_sinf
                0x08011c20       0x90 c:/program files (x86)/emblocks/2.30/share/em_armgcc/bin/../lib/gcc/arm-none-eabi/4.7.3/../../../../arm-none-eabi/lib/armv7e-m/fpu\libm_f.a(lib_a-kf_sin.o)
                0x08011c20                __kernel_sinf
 .text.floor    0x08011cb0      0x110 c:/program files (x86)/emblocks/2.30/share/em_armgcc/bin/../lib/gcc/arm-none-eabi/4.7.3/../../../../arm-none-eabi/lib/armv7e-m/fpu\libm_f.a(lib_a-s_floor.o)
                0x08011cb0                floor
 .text.__fpclassifyd
                0x08011dc0       0x54 c:/program files (x86)/emblocks/2.30/share/em_armgcc/bin/../lib/gcc/arm-none-eabi/4.7.3/../../../../arm-none-eabi/lib/armv7e-m/fpu\libm_f.a(lib_a-s_fpclassify.o)
                0x08011dc0                __fpclassifyd
 .text.matherr  0x08011e14        0x4 c:/program files (x86)/emblocks/2.30/share/em_armgcc/bin/../lib/gcc/arm-none-eabi/4.7.3/../../../../arm-none-eabi/lib/armv7e-m/fpu\libm_f.a(lib_a-s_matherr.o)
                0x08011e14                matherr
 .text.scalbn   0x08011e18      0x110 c:/program files (x86)/emblocks/2.30/share/em_armgcc/bin/../lib/gcc/arm-none-eabi/4.7.3/../../../../arm-none-eabi/lib/armv7e-m/fpu\libm_f.a(lib_a-s_scalbn.o)
                0x08011e18                scalbn
 .text.floorf   0x08011f28       0x84 c:/program files (x86)/emblocks/2.30/share/em_armgcc/bin/../lib/gcc/arm-none-eabi/4.7.3/../../../../arm-none-eabi/lib/armv7e-m/fpu\libm_f.a(lib_a-sf_floor.o)
                0x08011f28                floorf
 .text.__fpclassifyf
                0x08011fac       0x38 c:/program files (x86)/emblocks/2.30/share/em_armgcc/bin/../lib/gcc/arm-none-eabi/4.7.3/../../../../arm-none-eabi/lib/armv7e-m/fpu\libm_f.a(lib_a-sf_fpclassify.o)
                0x08011fac                __fpclassifyf
 .text.scalbnf  0x08011fe4       0xcc c:/program files (x86)/emblocks/2.30/share/em_armgcc/bin/../lib/gcc/arm-none-eabi/4.7.3/../../../../arm-none-eabi/lib/armv7e-m/fpu\libm_f.a(lib_a-sf_scalbn.o)
                0x08011fe4                scalbnf
 .text.copysign
                0x080120b0       0x24 c:/program files (x86)/emblocks/2.30/share/em_armgcc/bin/../lib/gcc/arm-none-eabi/4.7.3/../../../../arm-none-eabi/lib/armv7e-m/fpu\libm_f.a(lib_a-s_copysign.o)
                0x080120b0                copysign
 .text.copysignf
                0x080120d4       0x18 c:/program files (x86)/emblocks/2.30/share/em_armgcc/bin/../lib/gcc/arm-none-eabi/4.7.3/../../../../arm-none-eabi/lib/armv7e-m/fpu\libm_f.a(lib_a-sf_copysign.o)
                0x080120d4                copysignf
 .text._exit    0x080120ec        0x4 c:/program files (x86)/emblocks/2.30/share/em_armgcc/bin/../lib/gcc/arm-none-eabi/4.7.3/../../../../arm-none-eabi/lib/armv7e-m/fpu\libnosys_f.a(_exit.o)
                0x080120ec                _exit
 .text.__errno  0x080120f0        0xc c:/program files (x86)/emblocks/2.30/share/em_armgcc/bin/../lib/gcc/arm-none-eabi/4.7.3/../../../../arm-none-eabi/lib/armv7e-m/fpu\libc_f.a(lib_a-errno.o)
                0x080120f0                __errno
 *(.init)
 .init          0x080120fc        0x4 c:/program files (x86)/emblocks/2.30/share/em_armgcc/bin/../lib/gcc/arm-none-eabi/4.7.3/armv7e-m/fpu/crti.o
                0x080120fc                _init
 .init          0x08012100        0x8 c:/program files (x86)/emblocks/2.30/share/em_armgcc/bin/../lib/gcc/arm-none-eabi/4.7.3/armv7e-m/fpu/crtn.o
 *(.fini)
 .fini          0x08012108        0x4 c:/program files (x86)/emblocks/2.30/share/em_armgcc/bin/../lib/gcc/arm-none-eabi/4.7.3/armv7e-m/fpu/crti.o
                0x08012108                _fini
 .fini          0x0801210c        0x8 c:/program files (x86)/emblocks/2.30/share/em_armgcc/bin/../lib/gcc/arm-none-eabi/4.7.3/armv7e-m/fpu/crtn.o
 *crtbegin.o(.ctors)
 *crtbegin?.o(.ctors)
 *(EXCLUDE_FILE(*crtend.o *crtend?.o) .ctors)
 *(SORT(.ctors.*))
 *(.ctors)
 *crtbegin.o(.dtors)
 *crtbegin?.o(.dtors)
 *(EXCLUDE_FILE(*crtend.o *crtend?.o) .dtors)
 *(SORT(.dtors.*))
 *(.dtors)
 *(.rodata*)
 .rodata        0x08012114       0x20 obj\release\robot\robot.o
 .rodata        0x08012134       0x78 obj\release\usb app\usbd_desc.o
 .rodata.str1.4
                0x080121ac        0x2 c:/program files (x86)/emblocks/2.30/share/em_armgcc/bin/../lib/gcc/arm-none-eabi/4.7.3/../../../../arm-none-eabi/lib/armv7e-m/fpu\libc_f.a(lib_a-impure.o)
                                  0x4 (size before relaxing)
 *fill*         0x080121ae        0x2 
 .rodata._global_impure_ptr
                0x080121b0        0x4 c:/program files (x86)/emblocks/2.30/share/em_armgcc/bin/../lib/gcc/arm-none-eabi/4.7.3/../../../../arm-none-eabi/lib/armv7e-m/fpu\libc_f.a(lib_a-impure.o)
                0x080121b0                _global_impure_ptr
 *fill*         0x080121b4        0x4 
 .rodata.atanlo
                0x080121b8       0x20 c:/program files (x86)/emblocks/2.30/share/em_armgcc/bin/../lib/gcc/arm-none-eabi/4.7.3/../../../../arm-none-eabi/lib/armv7e-m/fpu\libm_f.a(lib_a-s_atan.o)
 .rodata.atanhi
                0x080121d8       0x20 c:/program files (x86)/emblocks/2.30/share/em_armgcc/bin/../lib/gcc/arm-none-eabi/4.7.3/../../../../arm-none-eabi/lib/armv7e-m/fpu\libm_f.a(lib_a-s_atan.o)
 .rodata.str1.4
                0x080121f8        0x5 c:/program files (x86)/emblocks/2.30/share/em_armgcc/bin/../lib/gcc/arm-none-eabi/4.7.3/../../../../arm-none-eabi/lib/armv7e-m/fpu\libm_f.a(lib_a-w_fmod.o)
                                  0x8 (size before relaxing)
 *fill*         0x080121fd        0x3 
 .rodata.str1.4
                0x08012200        0x5 c:/program files (x86)/emblocks/2.30/share/em_armgcc/bin/../lib/gcc/arm-none-eabi/4.7.3/../../../../arm-none-eabi/lib/armv7e-m/fpu\libm_f.a(lib_a-w_sqrt.o)
                                  0x8 (size before relaxing)
 *fill*         0x08012205        0x3 
 .rodata.str1.4
                0x08012208        0x8 c:/program files (x86)/emblocks/2.30/share/em_armgcc/bin/../lib/gcc/arm-none-eabi/4.7.3/../../../../arm-none-eabi/lib/armv7e-m/fpu\libm_f.a(lib_a-wf_sqrt.o)
 .rodata.Zero   0x08012210       0x10 c:/program files (x86)/emblocks/2.30/share/em_armgcc/bin/../lib/gcc/arm-none-eabi/4.7.3/../../../../arm-none-eabi/lib/armv7e-m/fpu\libm_f.a(lib_a-e_fmod.o)
 .rodata.npio2_hw
                0x08012220       0x80 c:/program files (x86)/emblocks/2.30/share/em_armgcc/bin/../lib/gcc/arm-none-eabi/4.7.3/../../../../arm-none-eabi/lib/armv7e-m/fpu\libm_f.a(lib_a-e_rem_pio2.o)
 .rodata.two_over_pi
                0x080122a0      0x108 c:/program files (x86)/emblocks/2.30/share/em_armgcc/bin/../lib/gcc/arm-none-eabi/4.7.3/../../../../arm-none-eabi/lib/armv7e-m/fpu\libm_f.a(lib_a-e_rem_pio2.o)
 .rodata.npio2_hw
                0x080123a8       0x80 c:/program files (x86)/emblocks/2.30/share/em_armgcc/bin/../lib/gcc/arm-none-eabi/4.7.3/../../../../arm-none-eabi/lib/armv7e-m/fpu\libm_f.a(lib_a-ef_rem_pio2.o)
 .rodata.two_over_pi
                0x08012428      0x318 c:/program files (x86)/emblocks/2.30/share/em_armgcc/bin/../lib/gcc/arm-none-eabi/4.7.3/../../../../arm-none-eabi/lib/armv7e-m/fpu\libm_f.a(lib_a-ef_rem_pio2.o)
 .rodata.init_jk
                0x08012740       0x10 c:/program files (x86)/emblocks/2.30/share/em_armgcc/bin/../lib/gcc/arm-none-eabi/4.7.3/../../../../arm-none-eabi/lib/armv7e-m/fpu\libm_f.a(lib_a-k_rem_pio2.o)
 .rodata.PIo2   0x08012750       0x40 c:/program files (x86)/emblocks/2.30/share/em_armgcc/bin/../lib/gcc/arm-none-eabi/4.7.3/../../../../arm-none-eabi/lib/armv7e-m/fpu\libm_f.a(lib_a-k_rem_pio2.o)
 .rodata.init_jk
                0x08012790        0xc c:/program files (x86)/emblocks/2.30/share/em_armgcc/bin/../lib/gcc/arm-none-eabi/4.7.3/../../../../arm-none-eabi/lib/armv7e-m/fpu\libm_f.a(lib_a-kf_rem_pio2.o)
 .rodata.PIo2   0x0801279c       0x2c c:/program files (x86)/emblocks/2.30/share/em_armgcc/bin/../lib/gcc/arm-none-eabi/4.7.3/../../../../arm-none-eabi/lib/armv7e-m/fpu\libm_f.a(lib_a-kf_rem_pio2.o)
 *(.eh_frame*)
 .eh_frame      0x080127c8        0x0 c:/program files (x86)/emblocks/2.30/share/em_armgcc/bin/../lib/gcc/arm-none-eabi/4.7.3/armv7e-m/fpu/crtbegin.o
 .eh_frame      0x080127c8        0x4 c:/program files (x86)/emblocks/2.30/share/em_armgcc/bin/../lib/gcc/arm-none-eabi/4.7.3/armv7e-m/fpu/crtend.o

.glue_7         0x080127cc        0x0
 .glue_7        0x00000000        0x0 linker stubs

.glue_7t        0x080127cc        0x0
 .glue_7t       0x00000000        0x0 linker stubs

.vfp11_veneer   0x080127cc        0x0
 .vfp11_veneer  0x00000000        0x0 linker stubs

.v4_bx          0x080127cc        0x0
 .v4_bx         0x00000000        0x0 linker stubs

.iplt           0x080127cc        0x0
 .iplt          0x00000000        0x0 c:/program files (x86)/emblocks/2.30/share/em_armgcc/bin/../lib/gcc/arm-none-eabi/4.7.3/armv7e-m/fpu/crtbegin.o

.ARM.extab
 *(.ARM.extab* .gnu.linkonce.armextab.*)
                0x080127cc                __exidx_start = .

.ARM.exidx      0x080127cc        0x8
 *(.ARM.exidx* .gnu.linkonce.armexidx.*)
 .ARM.exidx     0x080127cc        0x8 c:/program files (x86)/emblocks/2.30/share/em_armgcc/bin/../lib/gcc/arm-none-eabi/4.7.3/../../../../arm-none-eabi/lib/armv7e-m/fpu/crt0.o
                0x080127d4                __exidx_end = .
                0x080127d4                __etext = .

.rel.dyn        0x080127d4        0x0
 .rel.iplt      0x00000000        0x0 c:/program files (x86)/emblocks/2.30/share/em_armgcc/bin/../lib/gcc/arm-none-eabi/4.7.3/armv7e-m/fpu/crtbegin.o

.data           0x20000000      0xd3c load address 0x080127d4
                0x20000000                __data_start__ = .
 *(vtable)
 *(.data*)
 .data.PWM_CCR  0x20000000       0x28 obj\release\board\board.o
                0x20000000                PWM_CCR
 .data.PWM_DIR  0x20000028       0x28 obj\release\board\board.o
                0x20000028                PWM_DIR
 .data.GENERAL_PIN
                0x20000050       0x28 obj\release\board\board.o
                0x20000050                GENERAL_PIN
 .data.EXTI_PIN
                0x20000078       0x28 obj\release\board\board.o
                0x20000078                EXTI_PIN
 .data.V12_PIN  0x200000a0       0x18 obj\release\board\board.o
                0x200000a0                V12_PIN
 .data.dmaData  0x200000b8       0x24 obj\release\board\usart.o
                0x200000b8                dmaData
 .data.encData  0x200000dc       0x1c obj\release\board\usart.o
                0x200000dc                encData
 .data.usbd_cdc_CfgDesc
                0x200000f8       0x44 obj\release\library\cdc\src\usbd_cdc_core.o
                0x200000f8                usbd_cdc_CfgDesc
 .data.cdcCmd   0x2000013c        0x4 obj\release\library\cdc\src\usbd_cdc_core.o
 .data.USBD_CDC_cb
                0x20000140       0x2c obj\release\library\cdc\src\usbd_cdc_core.o
                0x20000140                USBD_CDC_cb
 .data.USBD_DCD_INT_cb
                0x2000016c       0x2c obj\release\library\core\src\usbd_core.o
                0x2000016c                USBD_DCD_INT_cb
 .data.USBD_DCD_INT_fops
                0x20000198        0x4 obj\release\library\core\src\usbd_core.o
                0x20000198                USBD_DCD_INT_fops
 .data.inCommand
                0x2000019c        0x8 obj\release\robot\communication.o
                0x2000019c                inCommand
 .data.receiveBufferEnd
                0x200001a4        0x4 obj\release\robot\dynamixel_control.o
                0x200001a4                receiveBufferEnd
 .data.MLineSpeed
                0x200001a8       0x30 obj\release\robot\kinematics.o
                0x200001a8                MLineSpeed
 .data.MRotSpeed
                0x200001d8       0x30 obj\release\robot\kinematics.o
                0x200001d8                MRotSpeed
 .data.InverseKinematics
                0x20000208       0x40 obj\release\robot\kinematics.o
                0x20000208                InverseKinematics
 .data.normalVelFast
                0x20000248       0x14 obj\release\robot\regulator.o
                0x20000248                normalVelFast
 .data.stopVelFast
                0x2000025c       0x14 obj\release\robot\regulator.o
                0x2000025c                stopVelFast
 .data.standVelFast
                0x20000270       0x14 obj\release\robot\regulator.o
                0x20000270                standVelFast
 .data.normalVelSlow
                0x20000284       0x14 obj\release\robot\regulator.o
                0x20000284                normalVelSlow
 .data.stopVelSlow
                0x20000298       0x14 obj\release\robot\regulator.o
                0x20000298                stopVelSlow
 .data.standVelSlow
                0x200002ac       0x14 obj\release\robot\regulator.o
                0x200002ac                standVelSlow
 .data.stopVelVerySlow
                0x200002c0       0x14 obj\release\robot\regulator.o
                0x200002c0                stopVelVerySlow
 .data.normalRotFast
                0x200002d4       0x14 obj\release\robot\regulator.o
                0x200002d4                normalRotFast
 .data.stopRotFast
                0x200002e8       0x14 obj\release\robot\regulator.o
                0x200002e8                stopRotFast
 .data.standRotFast
                0x200002fc       0x14 obj\release\robot\regulator.o
                0x200002fc                standRotFast
 .data.normalRotSlow
                0x20000310       0x14 obj\release\robot\regulator.o
                0x20000310                normalRotSlow
 .data.stopRotSlow
                0x20000324       0x14 obj\release\robot\regulator.o
                0x20000324                stopRotSlow
 .data.standRotSlow
                0x20000338       0x14 obj\release\robot\regulator.o
                0x20000338                standRotSlow
 .data.stopRotVerySlow
                0x2000034c       0x14 obj\release\robot\regulator.o
                0x2000034c                stopRotVerySlow
 .data.speedType
                0x20000360       0x1c obj\release\robot\regulator.o
                0x20000360                speedType
 .data.rotType  0x2000037c       0x1c obj\release\robot\regulator.o
                0x2000037c                rotType
 .data.points   0x20000398      0x4b0 obj\release\robot\regulator.o
                0x20000398                points
 .data.curState
                0x20000848        0x8 obj\release\robot\robot.o
                0x20000848                curState
 .data.encCnt   0x20000850       0x10 obj\release\robot\robot.o
                0x20000850                encCnt
 .data.WHEELS   0x20000860        0x4 obj\release\robot\robot.o
                0x20000860                WHEELS
 .data.linecoding
                0x20000864        0x8 obj\release\usb app\usbd_cdc_vcp.o
                0x20000864                linecoding
 .data.VCP_fops
                0x2000086c       0x14 obj\release\usb app\usbd_cdc_vcp.o
                0x2000086c                VCP_fops
 .data.USR_desc
                0x20000880       0x1c obj\release\usb app\usbd_desc.o
                0x20000880                USR_desc
 .data.USBD_DeviceDesc
                0x2000089c       0x14 obj\release\usb app\usbd_desc.o
                0x2000089c                USBD_DeviceDesc
 .data.USBD_LangIDDesc
                0x200008b0        0x4 obj\release\usb app\usbd_desc.o
                0x200008b0                USBD_LangIDDesc
 .data.USBD_StringSerial
                0x200008b4       0x1c obj\release\usb app\usbd_desc.o
                0x200008b4                USBD_StringSerial
 .data.USR_cb   0x200008d0       0x1c obj\release\usb app\usbd_usr.o
                0x200008d0                USR_cb
 .data.APBAHBPrescTable
                0x200008ec       0x10 obj\release\spl\src\stm32f4xx_rcc.o
 *fill*         0x200008fc        0x4 
 .data.impure_data
                0x20000900      0x428 c:/program files (x86)/emblocks/2.30/share/em_armgcc/bin/../lib/gcc/arm-none-eabi/4.7.3/../../../../arm-none-eabi/lib/armv7e-m/fpu\libc_f.a(lib_a-impure.o)
 .data._impure_ptr
                0x20000d28        0x4 c:/program files (x86)/emblocks/2.30/share/em_armgcc/bin/../lib/gcc/arm-none-eabi/4.7.3/../../../../arm-none-eabi/lib/armv7e-m/fpu\libc_f.a(lib_a-impure.o)
                0x20000d28                _impure_ptr
 .data.__fdlib_version
                0x20000d2c        0x1 c:/program files (x86)/emblocks/2.30/share/em_armgcc/bin/../lib/gcc/arm-none-eabi/4.7.3/../../../../arm-none-eabi/lib/armv7e-m/fpu\libm_f.a(lib_a-s_lib_ver.o)
                0x20000d2c                __fdlib_version
                0x20000d30                . = ALIGN (0x4)
 *fill*         0x20000d2d        0x3 
                0x20000d30                PROVIDE (__preinit_array_start, .)
 *(.preinit_array)
                0x20000d30                PROVIDE (__preinit_array_end, .)
                0x20000d30                . = ALIGN (0x4)
                0x20000d30                PROVIDE (__init_array_start, .)
 *(SORT(.init_array.*))
 .init_array.00000
                0x20000d30        0x4 c:/program files (x86)/emblocks/2.30/share/em_armgcc/bin/../lib/gcc/arm-none-eabi/4.7.3/../../../../arm-none-eabi/lib/armv7e-m/fpu\libc_f.a(lib_a-__call_atexit.o)
 *(.init_array)
 .init_array    0x20000d34        0x4 c:/program files (x86)/emblocks/2.30/share/em_armgcc/bin/../lib/gcc/arm-none-eabi/4.7.3/armv7e-m/fpu/crtbegin.o
                0x20000d38                PROVIDE (__init_array_end, .)
                0x20000d38                . = ALIGN (0x4)
                0x20000d38                PROVIDE (__fini_array_start, .)
 *(SORT(.fini_array.*))
 *(.fini_array)
 .fini_array    0x20000d38        0x4 c:/program files (x86)/emblocks/2.30/share/em_armgcc/bin/../lib/gcc/arm-none-eabi/4.7.3/armv7e-m/fpu/crtbegin.o
                0x20000d3c                PROVIDE (__fini_array_end, .)
                0x20000d3c                . = ALIGN (0x4)
                0x20000d3c                __data_end__ = .

.jcr            0x20000d3c        0x0 load address 0x08013510
 .jcr           0x20000d3c        0x0 c:/program files (x86)/emblocks/2.30/share/em_armgcc/bin/../lib/gcc/arm-none-eabi/4.7.3/armv7e-m/fpu/crtbegin.o

.igot.plt       0x20000d3c        0x0 load address 0x08013510
 .igot.plt      0x00000000        0x0 c:/program files (x86)/emblocks/2.30/share/em_armgcc/bin/../lib/gcc/arm-none-eabi/4.7.3/armv7e-m/fpu/crtbegin.o

.bss            0x20000d40     0x14e8 load address 0x08013518
                0x20000d40                __bss_start__ = .
 *(.bss*)
 .bss           0x20000d40       0x1c c:/program files (x86)/emblocks/2.30/share/em_armgcc/bin/../lib/gcc/arm-none-eabi/4.7.3/armv7e-m/fpu/crtbegin.o
 .bss.prev_val  0x20000d5c        0x1 obj\release\board\interrupts.o
 .bss.current_val
                0x20000d5d        0x1 obj\release\board\interrupts.o
 *fill*         0x20000d5e        0x2 
 .bss.timeofred
                0x20000d60        0x8 obj\release\board\interrupts.o
                0x20000d60                timeofred
 .bss.int_cnt   0x20000d68        0x2 obj\release\board\interrupts.o
                0x20000d68                int_cnt
 *fill*         0x20000d6a        0x2 
 .bss.lasttick.8630
                0x20000d6c        0x4 obj\release\board\interrupts.o
 .bss.lasttick.8609
                0x20000d70        0x4 obj\release\board\interrupts.o
 .bss.usbd_cdc_AltSet
                0x20000d74        0x4 obj\release\library\cdc\src\usbd_cdc_core.o
 .bss.APP_Rx_ptr_in
                0x20000d78        0x4 obj\release\library\cdc\src\usbd_cdc_core.o
                0x20000d78                APP_Rx_ptr_in
 .bss.APP_Rx_ptr_out
                0x20000d7c        0x4 obj\release\library\cdc\src\usbd_cdc_core.o
                0x20000d7c                APP_Rx_ptr_out
 .bss.APP_Rx_length
                0x20000d80        0x4 obj\release\library\cdc\src\usbd_cdc_core.o
                0x20000d80                APP_Rx_length
 .bss.USB_Tx_State
                0x20000d84        0x1 obj\release\library\cdc\src\usbd_cdc_core.o
                0x20000d84                USB_Tx_State
 *fill*         0x20000d85        0x3 
 .bss.cdcLen    0x20000d88        0x4 obj\release\library\cdc\src\usbd_cdc_core.o
 .bss.FrameCount.8664
                0x20000d8c        0x4 obj\release\library\cdc\src\usbd_cdc_core.o
 .bss.USBD_ep_status
                0x20000d90        0x4 obj\release\library\core\src\usbd_req.o
                0x20000d90                USBD_ep_status
 .bss.USBD_default_cfg
                0x20000d94        0x4 obj\release\library\core\src\usbd_req.o
                0x20000d94                USBD_default_cfg
 .bss.USBD_cfg_status
                0x20000d98        0x4 obj\release\library\core\src\usbd_req.o
                0x20000d98                USBD_cfg_status
 .bss.cfgidx.8673
                0x20000d9c        0x1 obj\release\library\core\src\usbd_req.o
 *fill*         0x20000d9d        0x3 
 .bss.regulatorOut
                0x20000da0       0x10 obj\release\robot\regulator.o
                0x20000da0                regulatorOut
 .bss.vTargetGlob
                0x20000db0        0xc obj\release\robot\regulator.o
                0x20000db0                vTargetGlob
 .bss.totalPointComplite
                0x20000dbc        0x2 obj\release\robot\regulator.o
                0x20000dbc                totalPointComplite
 .bss.lastPoint
                0x20000dbe        0x1 obj\release\robot\regulator.o
                0x20000dbe                lastPoint
 *fill*         0x20000dbf        0x1 
 .bss.motorCoord
                0x20000dc0       0x10 obj\release\robot\robot.o
                0x20000dc0                motorCoord
 .bss.robotCoord
                0x20000dd0        0xc obj\release\robot\robot.o
                0x20000dd0                robotCoord
 .bss.robotSpeed
                0x20000ddc        0xc obj\release\robot\robot.o
                0x20000ddc                robotSpeed
 .bss.startFlag
                0x20000de8        0x1 obj\release\robot\robot.o
                0x20000de8                startFlag
 *fill*         0x20000de9        0x3 
 .bss.stop_cnt  0x20000dec        0x4 obj\release\src\main.o
                0x20000dec                stop_cnt
 .bss.flag_kostil
                0x20000df0        0x4 obj\release\src\main.o
                0x20000df0                flag_kostil
 *(COMMON)
 COMMON         0x20000df4       0x80 obj\release\board\adc.o
                0x20000df4                param
                0x20000e12                dataIndex
                0x20000e14                outData
                0x20000e34                inData
 COMMON         0x20000e74       0x30 obj\release\board\board.o
                0x20000e74                extiFlag
                0x20000e78                pinType
                0x20000e84                extiType
                0x20000e90                adcData
 COMMON         0x20000ea4       0x11 obj\release\board\interrupts.o
                0x20000ea4                traceFlag
                0x20000ea5                endFlag
                0x20000ea6                start_cylinder_rot
                0x20000ea8                rot_time
                0x20000eac                allpointsreached
                0x20000eb0                starting_time
                0x20000eb4                movFlag
 *fill*         0x20000eb5        0x3 
 COMMON         0x20000eb8       0xd0 obj\release\board\usart.o
                0x20000eb8                usart1Data
                0x20000ec0                Buffer
 COMMON         0x20000f88      0x88c obj\release\library\cdc\src\usbd_cdc_core.o
                0x20000f88                usbd_cdc_OtherCfgDesc
                0x20000fcc                USB_Rx_Buffer
                0x2000100c                CmdBuff
                0x20001014                APP_Rx_Buffer
 COMMON         0x20001814        0x4 obj\release\library\core\src\usbd_core.o
                0x20001814                SET_TEST_MODE
 COMMON         0x20001818       0x44 obj\release\robot\dynamixel_control.o
                0x20001818                response
                0x2000183c                receiveBuffer
 COMMON         0x2000185c       0xb0 obj\release\robot\manipulators.o
                0x2000185c                b
                0x20001860                color_check
                0x20001868                whole_starting_angle
                0x2000186c                angle_encoder
                0x20001870                values
                0x20001898                whole_angle
                0x2000189c                angle_before_movement
                0x200018a0                angle_enc_real
                0x200018a4                B
                0x200018a8                r
                0x200018ac                color
                0x200018b0                R
                0x200018b4                whole_angle_prev
                0x200018b8                diff
                0x200018bc                magnetincoderdata
                0x200018e4                arCubesCatcherAngle
 COMMON         0x2000190c      0x1bc obj\release\robot\regulator.o
                0x2000190c                curPath
                0x20001948                ortoPos
                0x20001988                wheelsPidStruct
                0x20001a88                radSpeed
 COMMON         0x20001ac8       0x32 obj\release\robot\robot.o
                0x20001ac8                motorSpeed
                0x20001ad8                distanceFromIR
                0x20001adc                outEnc
                0x20001af4                distance_digital2
 *fill*         0x20001afa        0x2 
 COMMON         0x20001afc       0x10 obj\release\usb app\usbd_cdc_vcp.o
                0x20001afc                USART_InitStructure
 COMMON         0x20001b0c       0xff obj\release\usb app\usbd_desc.o
                0x20001b0c                USBD_StrDesc
 *fill*         0x20001c0b        0x1 
 COMMON         0x20001c0c      0x61c obj\release\src\main.o
                0x20001c0c                ADC_5
                0x20001c10                D
                0x20001c14                ADC_6
                0x20001c18                beginning_angle
                0x20001c1c                down
                0x20001c20                ADC_7
                0x20001c24                ticks
                0x20001c28                USB_OTG_dev
                0x2000221c                upper
                0x20002220                ADC_8
                0x20002224                U
                0x20002228                __bss_end__ = .

.heap           0x20002228        0x0
                0x20002228                __end__ = .
                0x20002228                end = __end__
 *(.heap*)
 .heap          0x20002228        0x0 obj\release\src\startup_stm32f4xx.o
                0x20002228                __HeapLimit = .

.stack_dummy    0x20002228      0x100
 *(.stack)
 .stack         0x20002228      0x100 obj\release\src\startup_stm32f4xx.o
                0x20020000                __StackTop = (ORIGIN (RAM) + 0x20000)
                0x2001ff00                __StackLimit = (__StackTop - SIZEOF (.stack_dummy))
                0x20020000                PROVIDE (__stack, __StackTop)
                0x00000001                ASSERT ((__StackLimit >= __HeapLimit), region RAM overflowed with stack)
LOAD obj\release\board\adc.o
LOAD obj\release\board\board.o
LOAD obj\release\board\interrupts.o
LOAD obj\release\board\tim.o
LOAD obj\release\board\usart.o
LOAD obj\release\library\cdc\src\usbd_cdc_core.o
LOAD obj\release\library\core\src\usb_core.o
LOAD obj\release\library\core\src\usb_dcd.o
LOAD obj\release\library\core\src\usb_dcd_int.o
LOAD obj\release\library\core\src\usbd_core.o
LOAD obj\release\library\core\src\usbd_ioreq.o
LOAD obj\release\library\core\src\usbd_req.o
LOAD obj\release\robot\communication.o
LOAD obj\release\robot\dynamixel_control.o
LOAD obj\release\robot\kinematics.o
LOAD obj\release\robot\manipulators.o
LOAD obj\release\robot\path.o
LOAD obj\release\robot\regulator.o
LOAD obj\release\robot\matrix.o
LOAD obj\release\robot\robot.o
LOAD obj\release\usb app\stm32fxxx_it.o
LOAD obj\release\usb app\usb_bsp.o
LOAD obj\release\usb app\usbd_cdc_vcp.o
LOAD obj\release\usb app\usbd_desc.o
LOAD obj\release\usb app\usbd_usr.o
LOAD obj\release\spl\src\misc.o
LOAD obj\release\spl\src\stm32f4xx_adc.o
LOAD obj\release\spl\src\stm32f4xx_can.o
LOAD obj\release\spl\src\stm32f4xx_cec.o
LOAD obj\release\spl\src\stm32f4xx_crc.o
LOAD obj\release\spl\src\stm32f4xx_cryp.o
LOAD obj\release\spl\src\stm32f4xx_cryp_aes.o
LOAD obj\release\spl\src\stm32f4xx_cryp_des.o
LOAD obj\release\spl\src\stm32f4xx_cryp_tdes.o
LOAD obj\release\spl\src\stm32f4xx_dac.o
LOAD obj\release\spl\src\stm32f4xx_dbgmcu.o
LOAD obj\release\spl\src\stm32f4xx_dcmi.o
LOAD obj\release\spl\src\stm32f4xx_dma.o
LOAD obj\release\spl\src\stm32f4xx_dma2d.o
LOAD obj\release\spl\src\stm32f4xx_dsi.o
LOAD obj\release\spl\src\stm32f4xx_exti.o
LOAD obj\release\spl\src\stm32f4xx_gpio.o
LOAD obj\release\spl\src\stm32f4xx_hash.o
LOAD obj\release\spl\src\stm32f4xx_hash_md5.o
LOAD obj\release\spl\src\stm32f4xx_hash_sha1.o
LOAD obj\release\spl\src\stm32f4xx_i2c.o
LOAD obj\release\spl\src\stm32f4xx_iwdg.o
LOAD obj\release\spl\src\stm32f4xx_lptim.o
LOAD obj\release\spl\src\stm32f4xx_ltdc.o
LOAD obj\release\spl\src\stm32f4xx_pwr.o
LOAD obj\release\spl\src\stm32f4xx_qspi.o
LOAD obj\release\spl\src\stm32f4xx_rcc.o
LOAD obj\release\spl\src\stm32f4xx_rng.o
LOAD obj\release\spl\src\stm32f4xx_rtc.o
LOAD obj\release\spl\src\stm32f4xx_sai.o
LOAD obj\release\spl\src\stm32f4xx_sdio.o
LOAD obj\release\spl\src\stm32f4xx_spdifrx.o
LOAD obj\release\spl\src\stm32f4xx_spi.o
LOAD obj\release\spl\src\stm32f4xx_syscfg.o
LOAD obj\release\spl\src\stm32f4xx_tim.o
LOAD obj\release\spl\src\stm32f4xx_usart.o
LOAD obj\release\spl\src\stm32f4xx_wwdg.o
LOAD obj\release\src\main.o
LOAD obj\release\src\startup_stm32f4xx.o
LOAD obj\release\src\system_stm32f4xx.o
START GROUP
LOAD c:/program files (x86)/emblocks/2.30/share/em_armgcc/bin/../lib/gcc/arm-none-eabi/4.7.3/armv7e-m/fpu\libgcc.a
LOAD c:/program files (x86)/emblocks/2.30/share/em_armgcc/bin/../lib/gcc/arm-none-eabi/4.7.3/../../../../arm-none-eabi/lib/armv7e-m/fpu\libc_f.a
LOAD c:/program files (x86)/emblocks/2.30/share/em_armgcc/bin/../lib/gcc/arm-none-eabi/4.7.3/../../../../arm-none-eabi/lib/armv7e-m/fpu\libg_f.a
LOAD c:/program files (x86)/emblocks/2.30/share/em_armgcc/bin/../lib/gcc/arm-none-eabi/4.7.3/../../../../arm-none-eabi/lib/armv7e-m/fpu\libm_f.a
LOAD c:/program files (x86)/emblocks/2.30/share/em_armgcc/bin/../lib/gcc/arm-none-eabi/4.7.3/../../../../arm-none-eabi/lib/armv7e-m/fpu\libnosys_f.a
END GROUP
LOAD c:/program files (x86)/emblocks/2.30/share/em_armgcc/bin/../lib/gcc/arm-none-eabi/4.7.3/armv7e-m/fpu/crtend.o
LOAD c:/program files (x86)/emblocks/2.30/share/em_armgcc/bin/../lib/gcc/arm-none-eabi/4.7.3/armv7e-m/fpu/crtn.o
OUTPUT(bin\Release\Robot_V2.elf elf32-littlearm)

.ARM.attributes
                0x00000000       0x30
 .ARM.attributes
                0x00000000       0x22 c:/program files (x86)/emblocks/2.30/share/em_armgcc/bin/../lib/gcc/arm-none-eabi/4.7.3/armv7e-m/fpu/crti.o
 .ARM.attributes
                0x00000022       0x34 c:/program files (x86)/emblocks/2.30/share/em_armgcc/bin/../lib/gcc/arm-none-eabi/4.7.3/armv7e-m/fpu/crtbegin.o
 .ARM.attributes
                0x00000056       0x20 c:/program files (x86)/emblocks/2.30/share/em_armgcc/bin/../lib/gcc/arm-none-eabi/4.7.3/../../../../arm-none-eabi/lib/armv7e-m/fpu/crt0.o
 .ARM.attributes
                0x00000076       0x39 obj\release\board\adc.o
 .ARM.attributes
                0x000000af       0x39 obj\release\board\board.o
 .ARM.attributes
                0x000000e8       0x39 obj\release\board\interrupts.o
 .ARM.attributes
                0x00000121       0x39 obj\release\board\tim.o
 .ARM.attributes
                0x0000015a       0x39 obj\release\board\usart.o
 .ARM.attributes
                0x00000193       0x39 obj\release\library\cdc\src\usbd_cdc_core.o
 .ARM.attributes
                0x000001cc       0x39 obj\release\library\core\src\usb_core.o
 .ARM.attributes
                0x00000205       0x39 obj\release\library\core\src\usb_dcd.o
 .ARM.attributes
                0x0000023e       0x39 obj\release\library\core\src\usb_dcd_int.o
 .ARM.attributes
                0x00000277       0x39 obj\release\library\core\src\usbd_core.o
 .ARM.attributes
                0x000002b0       0x39 obj\release\library\core\src\usbd_ioreq.o
 .ARM.attributes
                0x000002e9       0x39 obj\release\library\core\src\usbd_req.o
 .ARM.attributes
                0x00000322       0x39 obj\release\robot\communication.o
 .ARM.attributes
                0x0000035b       0x39 obj\release\robot\dynamixel_control.o
 .ARM.attributes
                0x00000394       0x39 obj\release\robot\kinematics.o
 .ARM.attributes
                0x000003cd       0x39 obj\release\robot\manipulators.o
 .ARM.attributes
                0x00000406       0x39 obj\release\robot\regulator.o
 .ARM.attributes
                0x0000043f       0x39 obj\release\robot\matrix.o
 .ARM.attributes
                0x00000478       0x39 obj\release\robot\robot.o
 .ARM.attributes
                0x000004b1       0x39 obj\release\usb app\stm32fxxx_it.o
 .ARM.attributes
                0x000004ea       0x39 obj\release\usb app\usb_bsp.o
 .ARM.attributes
                0x00000523       0x39 obj\release\usb app\usbd_cdc_vcp.o
 .ARM.attributes
                0x0000055c       0x39 obj\release\usb app\usbd_desc.o
 .ARM.attributes
                0x00000595       0x39 obj\release\usb app\usbd_usr.o
 .ARM.attributes
                0x000005ce       0x39 obj\release\spl\src\misc.o
 .ARM.attributes
                0x00000607       0x39 obj\release\spl\src\stm32f4xx_gpio.o
 .ARM.attributes
                0x00000640       0x39 obj\release\spl\src\stm32f4xx_rcc.o
 .ARM.attributes
                0x00000679       0x39 obj\release\spl\src\stm32f4xx_usart.o
 .ARM.attributes
                0x000006b2       0x39 obj\release\src\main.o
 .ARM.attributes
                0x000006eb       0x1f obj\release\src\startup_stm32f4xx.o
 .ARM.attributes
                0x0000070a       0x39 obj\release\src\system_stm32f4xx.o
 .ARM.attributes
                0x00000743       0x22 c:/program files (x86)/emblocks/2.30/share/em_armgcc/bin/../lib/gcc/arm-none-eabi/4.7.3/armv7e-m/fpu\libgcc.a(_arm_addsubdf3.o)
 .ARM.attributes
                0x00000765       0x22 c:/program files (x86)/emblocks/2.30/share/em_armgcc/bin/../lib/gcc/arm-none-eabi/4.7.3/armv7e-m/fpu\libgcc.a(_arm_muldivdf3.o)
 .ARM.attributes
                0x00000787       0x22 c:/program files (x86)/emblocks/2.30/share/em_armgcc/bin/../lib/gcc/arm-none-eabi/4.7.3/armv7e-m/fpu\libgcc.a(_arm_cmpdf2.o)
 .ARM.attributes
                0x000007a9       0x22 c:/program files (x86)/emblocks/2.30/share/em_armgcc/bin/../lib/gcc/arm-none-eabi/4.7.3/armv7e-m/fpu\libgcc.a(_arm_fixdfsi.o)
 .ARM.attributes
                0x000007cb       0x22 c:/program files (x86)/emblocks/2.30/share/em_armgcc/bin/../lib/gcc/arm-none-eabi/4.7.3/armv7e-m/fpu\libgcc.a(_arm_fixunsdfsi.o)
 .ARM.attributes
                0x000007ed       0x22 c:/program files (x86)/emblocks/2.30/share/em_armgcc/bin/../lib/gcc/arm-none-eabi/4.7.3/armv7e-m/fpu\libgcc.a(_arm_truncdfsf2.o)
 .ARM.attributes
                0x0000080f       0x30 c:/program files (x86)/emblocks/2.30/share/em_armgcc/bin/../lib/gcc/arm-none-eabi/4.7.3/../../../../arm-none-eabi/lib/armv7e-m/fpu\libc_f.a(lib_a-exit.o)
 .ARM.attributes
                0x0000083f       0x30 c:/program files (x86)/emblocks/2.30/share/em_armgcc/bin/../lib/gcc/arm-none-eabi/4.7.3/../../../../arm-none-eabi/lib/armv7e-m/fpu\libc_f.a(lib_a-impure.o)
 .ARM.attributes
                0x0000086f       0x30 c:/program files (x86)/emblocks/2.30/share/em_armgcc/bin/../lib/gcc/arm-none-eabi/4.7.3/../../../../arm-none-eabi/lib/armv7e-m/fpu\libc_f.a(lib_a-init.o)
 .ARM.attributes
                0x0000089f       0x20 c:/program files (x86)/emblocks/2.30/share/em_armgcc/bin/../lib/gcc/arm-none-eabi/4.7.3/../../../../arm-none-eabi/lib/armv7e-m/fpu\libc_f.a(lib_a-memcpy.o)
 .ARM.attributes
                0x000008bf       0x30 c:/program files (x86)/emblocks/2.30/share/em_armgcc/bin/../lib/gcc/arm-none-eabi/4.7.3/../../../../arm-none-eabi/lib/armv7e-m/fpu\libc_f.a(lib_a-memset.o)
 .ARM.attributes
                0x000008ef       0x30 c:/program files (x86)/emblocks/2.30/share/em_armgcc/bin/../lib/gcc/arm-none-eabi/4.7.3/../../../../arm-none-eabi/lib/armv7e-m/fpu\libc_f.a(lib_a-strlen.o)
 .ARM.attributes
                0x0000091f       0x30 c:/program files (x86)/emblocks/2.30/share/em_armgcc/bin/../lib/gcc/arm-none-eabi/4.7.3/../../../../arm-none-eabi/lib/armv7e-m/fpu\libc_f.a(lib_a-__call_atexit.o)
 .ARM.attributes
                0x0000094f       0x30 c:/program files (x86)/emblocks/2.30/share/em_armgcc/bin/../lib/gcc/arm-none-eabi/4.7.3/../../../../arm-none-eabi/lib/armv7e-m/fpu\libc_f.a(lib_a-atexit.o)
 .ARM.attributes
                0x0000097f       0x30 c:/program files (x86)/emblocks/2.30/share/em_armgcc/bin/../lib/gcc/arm-none-eabi/4.7.3/../../../../arm-none-eabi/lib/armv7e-m/fpu\libc_f.a(lib_a-fini.o)
 .ARM.attributes
                0x000009af       0x30 c:/program files (x86)/emblocks/2.30/share/em_armgcc/bin/../lib/gcc/arm-none-eabi/4.7.3/../../../../arm-none-eabi/lib/armv7e-m/fpu\libc_f.a(lib_a-__atexit.o)
 .ARM.attributes
                0x000009df       0x30 c:/program files (x86)/emblocks/2.30/share/em_armgcc/bin/../lib/gcc/arm-none-eabi/4.7.3/../../../../arm-none-eabi/lib/armv7e-m/fpu\libm_f.a(lib_a-s_atan.o)
 .ARM.attributes
                0x00000a0f       0x30 c:/program files (x86)/emblocks/2.30/share/em_armgcc/bin/../lib/gcc/arm-none-eabi/4.7.3/../../../../arm-none-eabi/lib/armv7e-m/fpu\libm_f.a(lib_a-s_cos.o)
 .ARM.attributes
                0x00000a3f       0x30 c:/program files (x86)/emblocks/2.30/share/em_armgcc/bin/../lib/gcc/arm-none-eabi/4.7.3/../../../../arm-none-eabi/lib/armv7e-m/fpu\libm_f.a(lib_a-s_fabs.o)
 .ARM.attributes
                0x00000a6f       0x30 c:/program files (x86)/emblocks/2.30/share/em_armgcc/bin/../lib/gcc/arm-none-eabi/4.7.3/../../../../arm-none-eabi/lib/armv7e-m/fpu\libm_f.a(lib_a-s_sin.o)
 .ARM.attributes
                0x00000a9f       0x30 c:/program files (x86)/emblocks/2.30/share/em_armgcc/bin/../lib/gcc/arm-none-eabi/4.7.3/../../../../arm-none-eabi/lib/armv7e-m/fpu\libm_f.a(lib_a-sf_cos.o)
 .ARM.attributes
                0x00000acf       0x30 c:/program files (x86)/emblocks/2.30/share/em_armgcc/bin/../lib/gcc/arm-none-eabi/4.7.3/../../../../arm-none-eabi/lib/armv7e-m/fpu\libm_f.a(lib_a-sf_fabs.o)
 .ARM.attributes
                0x00000aff       0x30 c:/program files (x86)/emblocks/2.30/share/em_armgcc/bin/../lib/gcc/arm-none-eabi/4.7.3/../../../../arm-none-eabi/lib/armv7e-m/fpu\libm_f.a(lib_a-sf_sin.o)
 .ARM.attributes
                0x00000b2f       0x30 c:/program files (x86)/emblocks/2.30/share/em_armgcc/bin/../lib/gcc/arm-none-eabi/4.7.3/../../../../arm-none-eabi/lib/armv7e-m/fpu\libm_f.a(lib_a-w_fmod.o)
 .ARM.attributes
                0x00000b5f       0x30 c:/program files (x86)/emblocks/2.30/share/em_armgcc/bin/../lib/gcc/arm-none-eabi/4.7.3/../../../../arm-none-eabi/lib/armv7e-m/fpu\libm_f.a(lib_a-w_sqrt.o)
 .ARM.attributes
                0x00000b8f       0x30 c:/program files (x86)/emblocks/2.30/share/em_armgcc/bin/../lib/gcc/arm-none-eabi/4.7.3/../../../../arm-none-eabi/lib/armv7e-m/fpu\libm_f.a(lib_a-wf_sqrt.o)
 .ARM.attributes
                0x00000bbf       0x30 c:/program files (x86)/emblocks/2.30/share/em_armgcc/bin/../lib/gcc/arm-none-eabi/4.7.3/../../../../arm-none-eabi/lib/armv7e-m/fpu\libm_f.a(lib_a-e_fmod.o)
 .ARM.attributes
                0x00000bef       0x30 c:/program files (x86)/emblocks/2.30/share/em_armgcc/bin/../lib/gcc/arm-none-eabi/4.7.3/../../../../arm-none-eabi/lib/armv7e-m/fpu\libm_f.a(lib_a-e_rem_pio2.o)
 .ARM.attributes
                0x00000c1f       0x30 c:/program files (x86)/emblocks/2.30/share/em_armgcc/bin/../lib/gcc/arm-none-eabi/4.7.3/../../../../arm-none-eabi/lib/armv7e-m/fpu\libm_f.a(lib_a-e_sqrt.o)
 .ARM.attributes
                0x00000c4f       0x30 c:/program files (x86)/emblocks/2.30/share/em_armgcc/bin/../lib/gcc/arm-none-eabi/4.7.3/../../../../arm-none-eabi/lib/armv7e-m/fpu\libm_f.a(lib_a-ef_rem_pio2.o)
 .ARM.attributes
                0x00000c7f       0x30 c:/program files (x86)/emblocks/2.30/share/em_armgcc/bin/../lib/gcc/arm-none-eabi/4.7.3/../../../../arm-none-eabi/lib/armv7e-m/fpu\libm_f.a(lib_a-ef_sqrt.o)
 .ARM.attributes
                0x00000caf       0x30 c:/program files (x86)/emblocks/2.30/share/em_armgcc/bin/../lib/gcc/arm-none-eabi/4.7.3/../../../../arm-none-eabi/lib/armv7e-m/fpu\libm_f.a(lib_a-k_cos.o)
 .ARM.attributes
                0x00000cdf       0x30 c:/program files (x86)/emblocks/2.30/share/em_armgcc/bin/../lib/gcc/arm-none-eabi/4.7.3/../../../../arm-none-eabi/lib/armv7e-m/fpu\libm_f.a(lib_a-k_rem_pio2.o)
 .ARM.attributes
                0x00000d0f       0x30 c:/program files (x86)/emblocks/2.30/share/em_armgcc/bin/../lib/gcc/arm-none-eabi/4.7.3/../../../../arm-none-eabi/lib/armv7e-m/fpu\libm_f.a(lib_a-k_sin.o)
 .ARM.attributes
                0x00000d3f       0x30 c:/program files (x86)/emblocks/2.30/share/em_armgcc/bin/../lib/gcc/arm-none-eabi/4.7.3/../../../../arm-none-eabi/lib/armv7e-m/fpu\libm_f.a(lib_a-kf_cos.o)
 .ARM.attributes
                0x00000d6f       0x30 c:/program files (x86)/emblocks/2.30/share/em_armgcc/bin/../lib/gcc/arm-none-eabi/4.7.3/../../../../arm-none-eabi/lib/armv7e-m/fpu\libm_f.a(lib_a-kf_rem_pio2.o)
 .ARM.attributes
                0x00000d9f       0x30 c:/program files (x86)/emblocks/2.30/share/em_armgcc/bin/../lib/gcc/arm-none-eabi/4.7.3/../../../../arm-none-eabi/lib/armv7e-m/fpu\libm_f.a(lib_a-kf_sin.o)
 .ARM.attributes
                0x00000dcf       0x30 c:/program files (x86)/emblocks/2.30/share/em_armgcc/bin/../lib/gcc/arm-none-eabi/4.7.3/../../../../arm-none-eabi/lib/armv7e-m/fpu\libm_f.a(lib_a-s_floor.o)
 .ARM.attributes
                0x00000dff       0x30 c:/program files (x86)/emblocks/2.30/share/em_armgcc/bin/../lib/gcc/arm-none-eabi/4.7.3/../../../../arm-none-eabi/lib/armv7e-m/fpu\libm_f.a(lib_a-s_fpclassify.o)
 .ARM.attributes
                0x00000e2f       0x30 c:/program files (x86)/emblocks/2.30/share/em_armgcc/bin/../lib/gcc/arm-none-eabi/4.7.3/../../../../arm-none-eabi/lib/armv7e-m/fpu\libm_f.a(lib_a-s_lib_ver.o)
 .ARM.attributes
                0x00000e5f       0x30 c:/program files (x86)/emblocks/2.30/share/em_armgcc/bin/../lib/gcc/arm-none-eabi/4.7.3/../../../../arm-none-eabi/lib/armv7e-m/fpu\libm_f.a(lib_a-s_matherr.o)
 .ARM.attributes